Archive member included because of file (symbol)

contiki-sky.a(rimeaddr.o)     obj_sky/contiki-sky-main.o (rimeaddr_copy)
contiki-sky.a(rime.o)         obj_sky/contiki-sky-main.o (rime_driver)
contiki-sky.a(announcement.o)
                              contiki-sky.a(rime.o) (announcement_init)
contiki-sky.a(broadcast-annou)
                              contiki-sky.a(rime.o) (broadcast_announcement_init)
contiki-sky.a(broadcast.o)    contiki-sky.a(broadcast-annou) (broadcast_open)
contiki-sky.a(abc.o)          contiki-sky.a(broadcast.o) (abc_open)
contiki-sky.a(chameleon.o)    contiki-sky.a(rime.o) (chameleon_init)
contiki-sky.a(channel.o)      contiki-sky.a(chameleon.o) (channel_init)
contiki-sky.a(chameleon-bitop)
                              contiki-sky.a(chameleon.o) (chameleon_bitopt)
contiki-sky.a(csma.o)         obj_sky/contiki-sky-main.o (csma_driver)
contiki-sky.a(contikimac.o)   obj_sky/contiki-sky-main.o (contikimac_driver)
contiki-sky.a(phase.o)        contiki-sky.a(contikimac.o) (phase_update)
contiki-sky.a(process.o)      obj_sky/contiki-sky-main.o (process_init)
contiki-sky.a(autostart.o)    obj_sky/contiki-sky-main.o (autostart_start)
contiki-sky.a(compower.o)     contiki-sky.a(contikimac.o) (compower_accumulate)
contiki-sky.a(serial-line.o)  obj_sky/contiki-sky-main.o (serial_line_input_byte)
contiki-sky.a(memb.o)         contiki-sky.a(csma.o) (memb_init)
contiki-sky.a(timer.o)        obj_sky/contiki-sky-main.o (timer_set)
contiki-sky.a(list.o)         contiki-sky.a(announcement.o) (list_init)
contiki-sky.a(etimer.o)       obj_sky/contiki-sky-main.o (etimer_process)
contiki-sky.a(ctimer.o)       obj_sky/contiki-sky-main.o (ctimer_init)
contiki-sky.a(energest.o)     obj_sky/contiki-sky-main.o (energest_init)
contiki-sky.a(rtimer.o)       obj_sky/contiki-sky-main.o (rtimer_init)
contiki-sky.a(random.o)       obj_sky/contiki-sky-main.o (random_init)
contiki-sky.a(ringbuf.o)      contiki-sky.a(serial-line.o) (ringbuf_init)
contiki-sky.a(nbr-table.o)    contiki-sky.a(phase.o) (nbr_table_register)
contiki-sky.a(packetbuf.o)    contiki-sky.a(contikimac.o) (packetbuf_hdr_remove)
contiki-sky.a(queuebuf.o)     contiki-sky.a(rime.o) (queuebuf_init)
contiki-sky.a(contiki-sky-pla)
                              obj_sky/contiki-sky-main.o (init_platform)
contiki-sky.a(button-sensor.o)
                              contiki-sky.a(contiki-sky-pla) (button_sensor)
contiki-sky.a(ds2411.o)       obj_sky/contiki-sky-main.o (ds2411_init)
contiki-sky.a(xmem.o)         obj_sky/contiki-sky-main.o (xmem_init)
contiki-sky.a(node-id.o)      obj_sky/contiki-sky-main.o (node_id_restore)
contiki-sky.a(sensors.o)      contiki-sky.a(button-sensor.o) (sensors_changed)
contiki-sky.a(cc2420.o)       obj_sky/contiki-sky-main.o (cc2420_set_channel)
contiki-sky.a(cc2420-arch.o)  contiki-sky.a(cc2420.o) (cc2420_arch_init)
contiki-sky.a(uart1.o)        obj_sky/contiki-sky-main.o (uart1_active)
contiki-sky.a(uart1-putchar.o)
                              obj_sky/contiki-sky-main.o (putchar)
contiki-sky.a(msp430.o)       contiki-sky.a(uart1.o) (msp430_add_lpm_req)
contiki-sky.a(clock.o)        contiki-sky.a(timer.o) (clock_time)
contiki-sky.a(leds.o)         obj_sky/contiki-sky-main.o (leds_init)
contiki-sky.a(leds-arch.o)    contiki-sky.a(leds.o) (leds_arch_init)
contiki-sky.a(watchdog.o)     obj_sky/contiki-sky-main.o (watchdog_start)
contiki-sky.a(rtimer-arch.o)  contiki-sky.a(rtimer.o) (rtimer_arch_init)
contiki-sky.a(mac.o)          contiki-sky.a(csma.o) (mac_call_sent_callback)
contiki-sky.a(framer-802154.o)
                              contiki-sky.a(contikimac.o) (framer_802154)
contiki-sky.a(spi.o)          contiki-sky.a(xmem.o) (spi_init)
contiki-sky.a(frame802154.o)  contiki-sky.a(framer-802154.o) (frame802154_hdrlen)
/usr/lib/gcc/msp430/4.6.3/mmpy-16/libgcc.a(_mulsi3.o)
                              contiki-sky.a(csma.o) (__mulsi3)
/usr/lib/gcc/msp430/4.6.3/mmpy-16/libgcc.a(_udivmod16.o)
                              contiki-sky.a(phase.o) (__umodhi3)
/usr/lib/gcc/msp430/4.6.3/mmpy-16/libgcc.a(_divmod16.o)
                              contiki-sky.a(nbr-table.o) (__divhi3)
/usr/lib/gcc/msp430/4.6.3/mmpy-16/libgcc.a(_udivmod32.o)
                              obj_sky/contiki-sky-main.o (__udivsi3)
/usr/lib/gcc/msp430/4.6.3/../../../../msp430/lib/mmpy-16/libc.a(strncmp.o)
                              contiki-sky.a(sensors.o) (strncmp)
/usr/lib/gcc/msp430/4.6.3/../../../../msp430/lib/mmpy-16/libc.a(memcmp.o)
                              contiki-sky.a(rimeaddr.o) (memcmp)
/usr/lib/gcc/msp430/4.6.3/../../../../msp430/lib/mmpy-16/libc.a(memcpy.o)
                              contiki-sky.a(broadcast-annou) (memcpy)
/usr/lib/gcc/msp430/4.6.3/../../../../msp430/lib/mmpy-16/libc.a(memset.o)
                              obj_sky/contiki-sky-main.o (memset)
/usr/lib/gcc/msp430/4.6.3/../../../../msp430/lib/mmpy-16/libc.a(printf.o)
                              obj_sky/contiki-sky-main.o (printf)
/usr/lib/gcc/msp430/4.6.3/../../../../msp430/lib/mmpy-16/libc.a(vuprintf.o)
                              /usr/lib/gcc/msp430/4.6.3/../../../../msp430/lib/mmpy-16/libc.a(printf.o) (vuprintf)
/usr/lib/gcc/msp430/4.6.3/../../../../msp430/lib/mmpy-16/libc.a(puts.o)
                              hello-world.co (puts)
/usr/lib/gcc/msp430/4.6.3/../../../../msp430/lib/mmpy-16/libc.a(rand.o)
                              contiki-sky.a(random.o) (rand)
/usr/lib/gcc/msp430/4.6.3/mmpy-16/libgcc.a(_udivmod64.o)
                              /usr/lib/gcc/msp430/4.6.3/../../../../msp430/lib/mmpy-16/libc.a(vuprintf.o) (__udivdi3)
/usr/lib/gcc/msp430/4.6.3/mmpy-16/libcrt0.a(_reset_vector__.o)
                              (_reset_vector__)
/usr/lib/gcc/msp430/4.6.3/mmpy-16/libcrt0.a(__watchdog_support.o)
                              /usr/lib/gcc/msp430/4.6.3/mmpy-16/libcrt0.a(_reset_vector__.o) (__watchdog_support)
/usr/lib/gcc/msp430/4.6.3/mmpy-16/libcrt0.a(__init_stack.o)
                              /usr/lib/gcc/msp430/4.6.3/mmpy-16/libcrt0.a(_reset_vector__.o) (__init_stack)
/usr/lib/gcc/msp430/4.6.3/mmpy-16/libcrt0.a(__low_level_init.o)
                              /usr/lib/gcc/msp430/4.6.3/mmpy-16/libcrt0.a(_reset_vector__.o) (__low_level_init)
/usr/lib/gcc/msp430/4.6.3/mmpy-16/libcrt0.a(_copy_data.o)
                              /usr/lib/gcc/msp430/4.6.3/mmpy-16/libcrt0.a(_reset_vector__.o) (__do_copy_data)
/usr/lib/gcc/msp430/4.6.3/mmpy-16/libcrt0.a(_clear_bss.o)
                              /usr/lib/gcc/msp430/4.6.3/mmpy-16/libcrt0.a(_reset_vector__.o) (__do_clear_bss)
/usr/lib/gcc/msp430/4.6.3/mmpy-16/libcrt0.a(__stop_progExec__.o)
                              /usr/lib/gcc/msp430/4.6.3/mmpy-16/libcrt0.a(_reset_vector__.o) (__stop_progExec__)
/usr/lib/gcc/msp430/4.6.3/mmpy-16/libcrt0.a(_endless_loop__.o)
                              /usr/lib/gcc/msp430/4.6.3/mmpy-16/libcrt0.a(_reset_vector__.o) (_endless_loop__)
/usr/lib/gcc/msp430/4.6.3/mmpy-16/libcrt0.a(_unexpected_.o)
                              /usr/lib/gcc/msp430/4.6.3/mmpy-16/crt0ivtbl16.o (_unexpected_)

Allocating common symbols
Common symbol       size              file

compower_idle_activity
                    0x8               contiki-sky.a(compower.o)
energest_total_time
                    0x30              contiki-sky.a(energest.o)
cc2420_last_rssi    0x1               contiki-sky.a(cc2420.o)
cc2420_packets_read
                    0x2               contiki-sky.a(cc2420.o)
cc2420_packets_seen
                    0x2               contiki-sky.a(cc2420.o)
energest_total_count
                    0x2               contiki-sky.a(energest.o)
cc2420_sfd_start_time
                    0x2               contiki-sky.a(cc2420.o)
cc2420_time_of_departure
                    0x2               contiki-sky.a(cc2420.o)
cc2420_time_of_arrival
                    0x2               contiki-sky.a(cc2420.o)
energest_current_mode
                    0xc               contiki-sky.a(energest.o)
packetbuf_addrs     0x8               contiki-sky.a(packetbuf.o)
rimeaddr_node_addr  0x2               contiki-sky.a(rimeaddr.o)
process_maxevents   0x1               contiki-sky.a(process.o)
cc2420_last_correlation
                    0x1               contiki-sky.a(cc2420.o)
cc2420_authority_level_of_sender
                    0x2               contiki-sky.a(cc2420.o)
packetbuf_attrs     0x30              contiki-sky.a(packetbuf.o)
msp430_dco_required
                    0x2               contiki-sky.a(msp430.o)
cc2420_sfd_counter  0x1               contiki-sky.a(cc2420.o)
energest_current_time
                    0x18              contiki-sky.a(energest.o)
sensors_flags       0x2               contiki-sky.a(contiki-sky-pla)
serial_line_event_message
                    0x1               contiki-sky.a(serial-line.o)
cc2420_sfd_end_time
                    0x2               contiki-sky.a(cc2420.o)
sensors_event       0x1               contiki-sky.a(sensors.o)
ds2411_id           0x8               contiki-sky.a(ds2411.o)

Discarded input sections

 .data          0x00000000        0x0 /usr/lib/gcc/msp430/4.6.3/mmpy-16/crt0ivtbl16.o
 .bss           0x00000000        0x0 /usr/lib/gcc/msp430/4.6.3/mmpy-16/crt0ivtbl16.o
 .text.crt0     0x00000000        0x0 /usr/lib/gcc/msp430/4.6.3/mmpy-16/crt0ivtbl16.o
 .text          0x00000000        0x0 hello-world.co
 .bss           0x00000000        0x0 hello-world.co
 .text          0x00000000        0x0 obj_sky/contiki-sky-main.o
 .data          0x00000000        0x0 obj_sky/contiki-sky-main.o
 .text.uip_log  0x00000000        0x6 obj_sky/contiki-sky-main.o
 .text          0x00000000        0x0 contiki-sky.a(rimeaddr.o)
 .data          0x00000000        0x0 contiki-sky.a(rimeaddr.o)
 .bss           0x00000000        0x0 contiki-sky.a(rimeaddr.o)
 .text          0x00000000        0x0 contiki-sky.a(rime.o)
 .data          0x00000000        0x0 contiki-sky.a(rime.o)
 .text.rime_sniffer_add
                0x00000000        0xc contiki-sky.a(rime.o)
 .text.rime_sniffer_remove
                0x00000000        0xc contiki-sky.a(rime.o)
 .text          0x00000000        0x0 contiki-sky.a(announcement.o)
 .data          0x00000000        0x0 contiki-sky.a(announcement.o)
 .text.announcement_register
                0x00000000       0x3e contiki-sky.a(announcement.o)
 .text.announcement_remove
                0x00000000        0xc contiki-sky.a(announcement.o)
 .text.announcement_remove_value
                0x00000000       0x22 contiki-sky.a(announcement.o)
 .text.announcement_set_value
                0x00000000       0x28 contiki-sky.a(announcement.o)
 .text.announcement_bump
                0x00000000       0x22 contiki-sky.a(announcement.o)
 .text.announcement_listen
                0x00000000        0xc contiki-sky.a(announcement.o)
 .text.announcement_register_listen_callback
                0x00000000        0x6 contiki-sky.a(announcement.o)
 .text          0x00000000        0x0 contiki-sky.a(broadcast-annou)
 .data          0x00000000        0x0 contiki-sky.a(broadcast-annou)
 .text.broadcast_announcement_stop
                0x00000000       0x22 contiki-sky.a(broadcast-annou)
 .text.broadcast_announcement_beacon_interval
                0x00000000        0xa contiki-sky.a(broadcast-annou)
 .text          0x00000000        0x0 contiki-sky.a(broadcast.o)
 .data          0x00000000        0x0 contiki-sky.a(broadcast.o)
 .bss           0x00000000        0x0 contiki-sky.a(broadcast.o)
 .text.broadcast_close
                0x00000000        0x6 contiki-sky.a(broadcast.o)
 .text          0x00000000        0x0 contiki-sky.a(abc.o)
 .data          0x00000000        0x0 contiki-sky.a(abc.o)
 .bss           0x00000000        0x0 contiki-sky.a(abc.o)
 .text.abc_close
                0x00000000        0x6 contiki-sky.a(abc.o)
 .text          0x00000000        0x0 contiki-sky.a(chameleon.o)
 .data          0x00000000        0x0 contiki-sky.a(chameleon.o)
 .bss           0x00000000        0x0 contiki-sky.a(chameleon.o)
 .text          0x00000000        0x0 contiki-sky.a(channel.o)
 .data          0x00000000        0x0 contiki-sky.a(channel.o)
 .text.channel_close
                0x00000000        0xc contiki-sky.a(channel.o)
 .text          0x00000000        0x0 contiki-sky.a(chameleon-bitop)
 .data          0x00000000        0x0 contiki-sky.a(chameleon-bitop)
 .bss           0x00000000        0x0 contiki-sky.a(chameleon-bitop)
 .text          0x00000000        0x0 contiki-sky.a(csma.o)
 .text          0x00000000        0x0 contiki-sky.a(contikimac.o)
 .data          0x00000000        0x0 contiki-sky.a(contikimac.o)
 .text.contikimac_debug_print
                0x00000000        0x4 contiki-sky.a(contikimac.o)
 .text          0x00000000        0x0 contiki-sky.a(phase.o)
 .text          0x00000000        0x0 contiki-sky.a(process.o)
 .data          0x00000000        0x0 contiki-sky.a(process.o)
 .text.process_exit
                0x00000000        0xa contiki-sky.a(process.o)
 .text.process_is_running
                0x00000000        0xe contiki-sky.a(process.o)
 .text          0x00000000        0x0 contiki-sky.a(autostart.o)
 .data          0x00000000        0x0 contiki-sky.a(autostart.o)
 .bss           0x00000000        0x0 contiki-sky.a(autostart.o)
 .text.autostart_exit
                0x00000000       0x14 contiki-sky.a(autostart.o)
 .text          0x00000000        0x0 contiki-sky.a(compower.o)
 .data          0x00000000        0x0 contiki-sky.a(compower.o)
 .text.compower_init
                0x00000000        0xa contiki-sky.a(compower.o)
 .text.compower_accumulate_attrs
                0x00000000       0x20 contiki-sky.a(compower.o)
 .text          0x00000000        0x0 contiki-sky.a(serial-line.o)
 .text          0x00000000        0x0 contiki-sky.a(memb.o)
 .data          0x00000000        0x0 contiki-sky.a(memb.o)
 .bss           0x00000000        0x0 contiki-sky.a(memb.o)
 .text          0x00000000        0x0 contiki-sky.a(timer.o)
 .data          0x00000000        0x0 contiki-sky.a(timer.o)
 .bss           0x00000000        0x0 contiki-sky.a(timer.o)
 .text.timer_restart
                0x00000000       0x14 contiki-sky.a(timer.o)
 .text.timer_remaining
                0x00000000       0x28 contiki-sky.a(timer.o)
 .text          0x00000000        0x0 contiki-sky.a(list.o)
 .data          0x00000000        0x0 contiki-sky.a(list.o)
 .bss           0x00000000        0x0 contiki-sky.a(list.o)
 .text.list_copy
                0x00000000        0x6 contiki-sky.a(list.o)
 .text.list_chop
                0x00000000       0x24 contiki-sky.a(list.o)
 .text.list_pop
                0x00000000        0xe contiki-sky.a(list.o)
 .text.list_insert
                0x00000000       0x16 contiki-sky.a(list.o)
 .text          0x00000000        0x0 contiki-sky.a(etimer.o)
 .text.etimer_restart
                0x00000000       0x12 contiki-sky.a(etimer.o)
 .text.etimer_adjust
                0x00000000       0x1a contiki-sky.a(etimer.o)
 .text.etimer_expired
                0x00000000        0xe contiki-sky.a(etimer.o)
 .text.etimer_expiration_time
                0x00000000       0x14 contiki-sky.a(etimer.o)
 .text.etimer_start_time
                0x00000000        0x8 contiki-sky.a(etimer.o)
 .text          0x00000000        0x0 contiki-sky.a(ctimer.o)
 .text.ctimer_restart
                0x00000000       0x3a contiki-sky.a(ctimer.o)
 .text.ctimer_expired
                0x00000000       0x32 contiki-sky.a(ctimer.o)
 .text          0x00000000        0x0 contiki-sky.a(energest.o)
 .data          0x00000000        0x0 contiki-sky.a(energest.o)
 .bss           0x00000000        0x0 contiki-sky.a(energest.o)
 .text.energest_leveldevice_leveltime
                0x00000000        0x6 contiki-sky.a(energest.o)
 .text          0x00000000        0x0 contiki-sky.a(rtimer.o)
 .data          0x00000000        0x0 contiki-sky.a(rtimer.o)
 .text          0x00000000        0x0 contiki-sky.a(random.o)
 .data          0x00000000        0x0 contiki-sky.a(random.o)
 .bss           0x00000000        0x0 contiki-sky.a(random.o)
 .text          0x00000000        0x0 contiki-sky.a(ringbuf.o)
 .data          0x00000000        0x0 contiki-sky.a(ringbuf.o)
 .bss           0x00000000        0x0 contiki-sky.a(ringbuf.o)
 .text.ringbuf_size
                0x00000000        0x8 contiki-sky.a(ringbuf.o)
 .text.ringbuf_elements
                0x00000000       0x12 contiki-sky.a(ringbuf.o)
 .text          0x00000000        0x0 contiki-sky.a(nbr-table.o)
 .text.nbr_table_next
                0x00000000       0x8a contiki-sky.a(nbr-table.o)
 .text.nbr_table_head
                0x00000000       0x36 contiki-sky.a(nbr-table.o)
 .text.nbr_table_lock
                0x00000000       0x10 contiki-sky.a(nbr-table.o)
 .text.nbr_table_unlock
                0x00000000       0x10 contiki-sky.a(nbr-table.o)
 .text.nbr_table_get_lladdr
                0x00000000       0x54 contiki-sky.a(nbr-table.o)
 .text          0x00000000        0x0 contiki-sky.a(packetbuf.o)
 .data          0x00000000        0x0 contiki-sky.a(packetbuf.o)
 .text.packetbuf_clear_hdr
                0x00000000        0x8 contiki-sky.a(packetbuf.o)
 .text.packetbuf_hdrlen
                0x00000000        0xa contiki-sky.a(packetbuf.o)
 .text.packetbuf_reference
                0x00000000       0x1a contiki-sky.a(packetbuf.o)
 .text          0x00000000        0x0 contiki-sky.a(queuebuf.o)
 .text.queuebuf_dataptr
                0x00000000       0x32 contiki-sky.a(queuebuf.o)
 .text.queuebuf_datalen
                0x00000000        0x6 contiki-sky.a(queuebuf.o)
 .text.queuebuf_addr
                0x00000000        0xe contiki-sky.a(queuebuf.o)
 .text.queuebuf_debug_print
                0x00000000        0x2 contiki-sky.a(queuebuf.o)
 .text          0x00000000        0x0 contiki-sky.a(contiki-sky-pla)
 .bss           0x00000000        0x0 contiki-sky.a(contiki-sky-pla)
 .text          0x00000000        0x0 contiki-sky.a(button-sensor.o)
 .data          0x00000000        0x0 contiki-sky.a(button-sensor.o)
 .text          0x00000000        0x0 contiki-sky.a(ds2411.o)
 .data          0x00000000        0x0 contiki-sky.a(ds2411.o)
 .bss           0x00000000        0x0 contiki-sky.a(ds2411.o)
 .text          0x00000000        0x0 contiki-sky.a(xmem.o)
 .data          0x00000000        0x0 contiki-sky.a(xmem.o)
 .bss           0x00000000        0x0 contiki-sky.a(xmem.o)
 .text.write_enable
                0x00000000       0x2a contiki-sky.a(xmem.o)
 .text.xmem_pwrite
                0x00000000      0x150 contiki-sky.a(xmem.o)
 .text.xmem_erase
                0x00000000       0xae contiki-sky.a(xmem.o)
 .text          0x00000000        0x0 contiki-sky.a(node-id.o)
 .data          0x00000000        0x0 contiki-sky.a(node-id.o)
 .text.node_id_burn
                0x00000000       0x36 contiki-sky.a(node-id.o)
 .text          0x00000000        0x0 contiki-sky.a(sensors.o)
 .text.sensors_first
                0x00000000        0x6 contiki-sky.a(sensors.o)
 .text.sensors_next
                0x00000000       0x2c contiki-sky.a(sensors.o)
 .text.sensors_find
                0x00000000       0x4e contiki-sky.a(sensors.o)
 .text          0x00000000        0x0 contiki-sky.a(cc2420.o)
 .text.cc2420_get_channel
                0x00000000        0x6 contiki-sky.a(cc2420.o)
 .text.cc2420_set_txpower
                0x00000000        0xe contiki-sky.a(cc2420.o)
 .text.cc2420_rssi
                0x00000000       0x5e contiki-sky.a(cc2420.o)
 .text.cc2420_cca_valid
                0x00000000       0x26 contiki-sky.a(cc2420.o)
 .text.cc2420_set_cca_threshold
                0x00000000       0x16 contiki-sky.a(cc2420.o)
 .text          0x00000000        0x0 contiki-sky.a(cc2420-arch.o)
 .data          0x00000000        0x0 contiki-sky.a(cc2420-arch.o)
 .bss           0x00000000        0x0 contiki-sky.a(cc2420-arch.o)
 .text          0x00000000        0x0 contiki-sky.a(uart1.o)
 .data          0x00000000        0x0 contiki-sky.a(uart1.o)
 .text          0x00000000        0x0 contiki-sky.a(uart1-putchar.o)
 .data          0x00000000        0x0 contiki-sky.a(uart1-putchar.o)
 .bss           0x00000000        0x0 contiki-sky.a(uart1-putchar.o)
 .text          0x00000000        0x0 contiki-sky.a(msp430.o)
 .bss           0x00000000        0x0 contiki-sky.a(msp430.o)
 .text.msp430_remove_lpm_req
                0x00000000        0xc contiki-sky.a(msp430.o)
 .text.sbrk     0x00000000       0x5a contiki-sky.a(msp430.o)
 .text          0x00000000        0x0 contiki-sky.a(clock.o)
 .data          0x00000000        0x0 contiki-sky.a(clock.o)
 .text.clock_set
                0x00000000       0x16 contiki-sky.a(clock.o)
 .text.clock_fine_max
                0x00000000        0x6 contiki-sky.a(clock.o)
 .text.clock_fine
                0x00000000        0xc contiki-sky.a(clock.o)
 .text.clock_wait
                0x00000000       0x34 contiki-sky.a(clock.o)
 .text.clock_set_seconds
                0x00000000       0x1c contiki-sky.a(clock.o)
 .text.clock_seconds
                0x00000000       0x1a contiki-sky.a(clock.o)
 .text.clock_counter
                0x00000000        0xe contiki-sky.a(clock.o)
 .text          0x00000000        0x0 contiki-sky.a(leds.o)
 .data          0x00000000        0x0 contiki-sky.a(leds.o)
 .text.leds_get
                0x00000000        0x6 contiki-sky.a(leds.o)
 .text.leds_invert
                0x00000000        0xa contiki-sky.a(leds.o)
 .text.leds_toggle
                0x00000000        0x6 contiki-sky.a(leds.o)
 .text.leds_blink
                0x00000000       0x24 contiki-sky.a(leds.o)
 .text          0x00000000        0x0 contiki-sky.a(leds-arch.o)
 .data          0x00000000        0x0 contiki-sky.a(leds-arch.o)
 .bss           0x00000000        0x0 contiki-sky.a(leds-arch.o)
 .text.leds_arch_get
                0x00000000       0x30 contiki-sky.a(leds-arch.o)
 .text          0x00000000        0x0 contiki-sky.a(watchdog.o)
 .data          0x00000000        0x0 contiki-sky.a(watchdog.o)
 .text.watchdog_reboot
                0x00000000        0x6 contiki-sky.a(watchdog.o)
 .text          0x00000000        0x0 contiki-sky.a(rtimer-arch.o)
 .data          0x00000000        0x0 contiki-sky.a(rtimer-arch.o)
 .bss           0x00000000        0x0 contiki-sky.a(rtimer-arch.o)
 .text          0x00000000        0x0 contiki-sky.a(mac.o)
 .data          0x00000000        0x0 contiki-sky.a(mac.o)
 .bss           0x00000000        0x0 contiki-sky.a(mac.o)
 .text          0x00000000        0x0 contiki-sky.a(framer-802154.o)
 .data          0x00000000        0x0 contiki-sky.a(framer-802154.o)
 .text          0x00000000        0x0 contiki-sky.a(spi.o)
 .data          0x00000000        0x0 contiki-sky.a(spi.o)
 .bss           0x00000000        0x2 contiki-sky.a(spi.o)
 .text          0x00000000        0x0 contiki-sky.a(frame802154.o)
 .data          0x00000000        0x0 contiki-sky.a(frame802154.o)
 .bss           0x00000000        0x0 contiki-sky.a(frame802154.o)
 .text          0x00000000        0x0 /usr/lib/gcc/msp430/4.6.3/mmpy-16/libgcc.a(_mulsi3.o)
 .data          0x00000000        0x0 /usr/lib/gcc/msp430/4.6.3/mmpy-16/libgcc.a(_mulsi3.o)
 .bss           0x00000000        0x0 /usr/lib/gcc/msp430/4.6.3/mmpy-16/libgcc.a(_mulsi3.o)
 .text          0x00000000        0x0 /usr/lib/gcc/msp430/4.6.3/mmpy-16/libgcc.a(_udivmod16.o)
 .data          0x00000000        0x0 /usr/lib/gcc/msp430/4.6.3/mmpy-16/libgcc.a(_udivmod16.o)
 .bss           0x00000000        0x0 /usr/lib/gcc/msp430/4.6.3/mmpy-16/libgcc.a(_udivmod16.o)
 .text          0x00000000        0x0 /usr/lib/gcc/msp430/4.6.3/mmpy-16/libgcc.a(_divmod16.o)
 .data          0x00000000        0x0 /usr/lib/gcc/msp430/4.6.3/mmpy-16/libgcc.a(_divmod16.o)
 .bss           0x00000000        0x0 /usr/lib/gcc/msp430/4.6.3/mmpy-16/libgcc.a(_divmod16.o)
 .text          0x00000000        0x0 /usr/lib/gcc/msp430/4.6.3/mmpy-16/libgcc.a(_udivmod32.o)
 .data          0x00000000        0x0 /usr/lib/gcc/msp430/4.6.3/mmpy-16/libgcc.a(_udivmod32.o)
 .bss           0x00000000        0x0 /usr/lib/gcc/msp430/4.6.3/mmpy-16/libgcc.a(_udivmod32.o)
 .text          0x00000000       0x28 /usr/lib/gcc/msp430/4.6.3/../../../../msp430/lib/mmpy-16/libc.a(strncmp.o)
 .data          0x00000000        0x0 /usr/lib/gcc/msp430/4.6.3/../../../../msp430/lib/mmpy-16/libc.a(strncmp.o)
 .bss           0x00000000        0x0 /usr/lib/gcc/msp430/4.6.3/../../../../msp430/lib/mmpy-16/libc.a(strncmp.o)
 .data          0x00000000        0x0 /usr/lib/gcc/msp430/4.6.3/../../../../msp430/lib/mmpy-16/libc.a(memcmp.o)
 .bss           0x00000000        0x0 /usr/lib/gcc/msp430/4.6.3/../../../../msp430/lib/mmpy-16/libc.a(memcmp.o)
 .data          0x00000000        0x0 /usr/lib/gcc/msp430/4.6.3/../../../../msp430/lib/mmpy-16/libc.a(memcpy.o)
 .bss           0x00000000        0x0 /usr/lib/gcc/msp430/4.6.3/../../../../msp430/lib/mmpy-16/libc.a(memcpy.o)
 .data          0x00000000        0x0 /usr/lib/gcc/msp430/4.6.3/../../../../msp430/lib/mmpy-16/libc.a(memset.o)
 .bss           0x00000000        0x0 /usr/lib/gcc/msp430/4.6.3/../../../../msp430/lib/mmpy-16/libc.a(memset.o)
 .data          0x00000000        0x0 /usr/lib/gcc/msp430/4.6.3/../../../../msp430/lib/mmpy-16/libc.a(printf.o)
 .bss           0x00000000        0x0 /usr/lib/gcc/msp430/4.6.3/../../../../msp430/lib/mmpy-16/libc.a(printf.o)
 .data          0x00000000        0x0 /usr/lib/gcc/msp430/4.6.3/../../../../msp430/lib/mmpy-16/libc.a(vuprintf.o)
 .bss           0x00000000        0x0 /usr/lib/gcc/msp430/4.6.3/../../../../msp430/lib/mmpy-16/libc.a(vuprintf.o)
 .data          0x00000000        0x0 /usr/lib/gcc/msp430/4.6.3/../../../../msp430/lib/mmpy-16/libc.a(puts.o)
 .bss           0x00000000        0x0 /usr/lib/gcc/msp430/4.6.3/../../../../msp430/lib/mmpy-16/libc.a(puts.o)
 .bss           0x00000000        0x0 /usr/lib/gcc/msp430/4.6.3/../../../../msp430/lib/mmpy-16/libc.a(rand.o)
 .text          0x00000000        0x0 /usr/lib/gcc/msp430/4.6.3/mmpy-16/libgcc.a(_udivmod64.o)
 .data          0x00000000        0x0 /usr/lib/gcc/msp430/4.6.3/mmpy-16/libgcc.a(_udivmod64.o)
 .bss           0x00000000        0x0 /usr/lib/gcc/msp430/4.6.3/mmpy-16/libgcc.a(_udivmod64.o)
 .text          0x00000000        0x0 /usr/lib/gcc/msp430/4.6.3/mmpy-16/libcrt0.a(_reset_vector__.o)
 .data          0x00000000        0x0 /usr/lib/gcc/msp430/4.6.3/mmpy-16/libcrt0.a(_reset_vector__.o)
 .bss           0x00000000        0x0 /usr/lib/gcc/msp430/4.6.3/mmpy-16/libcrt0.a(_reset_vector__.o)
 .text          0x00000000        0x0 /usr/lib/gcc/msp430/4.6.3/mmpy-16/libcrt0.a(__watchdog_support.o)
 .data          0x00000000        0x0 /usr/lib/gcc/msp430/4.6.3/mmpy-16/libcrt0.a(__watchdog_support.o)
 .bss           0x00000000        0x0 /usr/lib/gcc/msp430/4.6.3/mmpy-16/libcrt0.a(__watchdog_support.o)
 .text          0x00000000        0x0 /usr/lib/gcc/msp430/4.6.3/mmpy-16/libcrt0.a(__init_stack.o)
 .data          0x00000000        0x0 /usr/lib/gcc/msp430/4.6.3/mmpy-16/libcrt0.a(__init_stack.o)
 .bss           0x00000000        0x0 /usr/lib/gcc/msp430/4.6.3/mmpy-16/libcrt0.a(__init_stack.o)
 .text          0x00000000        0x0 /usr/lib/gcc/msp430/4.6.3/mmpy-16/libcrt0.a(__low_level_init.o)
 .data          0x00000000        0x0 /usr/lib/gcc/msp430/4.6.3/mmpy-16/libcrt0.a(__low_level_init.o)
 .bss           0x00000000        0x0 /usr/lib/gcc/msp430/4.6.3/mmpy-16/libcrt0.a(__low_level_init.o)
 .text          0x00000000        0x0 /usr/lib/gcc/msp430/4.6.3/mmpy-16/libcrt0.a(_copy_data.o)
 .data          0x00000000        0x0 /usr/lib/gcc/msp430/4.6.3/mmpy-16/libcrt0.a(_copy_data.o)
 .bss           0x00000000        0x0 /usr/lib/gcc/msp430/4.6.3/mmpy-16/libcrt0.a(_copy_data.o)
 .text          0x00000000        0x0 /usr/lib/gcc/msp430/4.6.3/mmpy-16/libcrt0.a(_clear_bss.o)
 .data          0x00000000        0x0 /usr/lib/gcc/msp430/4.6.3/mmpy-16/libcrt0.a(_clear_bss.o)
 .bss           0x00000000        0x0 /usr/lib/gcc/msp430/4.6.3/mmpy-16/libcrt0.a(_clear_bss.o)
 .text          0x00000000        0x0 /usr/lib/gcc/msp430/4.6.3/mmpy-16/libcrt0.a(__stop_progExec__.o)
 .data          0x00000000        0x0 /usr/lib/gcc/msp430/4.6.3/mmpy-16/libcrt0.a(__stop_progExec__.o)
 .bss           0x00000000        0x0 /usr/lib/gcc/msp430/4.6.3/mmpy-16/libcrt0.a(__stop_progExec__.o)
 .text          0x00000000        0x0 /usr/lib/gcc/msp430/4.6.3/mmpy-16/libcrt0.a(_endless_loop__.o)
 .data          0x00000000        0x0 /usr/lib/gcc/msp430/4.6.3/mmpy-16/libcrt0.a(_endless_loop__.o)
 .bss           0x00000000        0x0 /usr/lib/gcc/msp430/4.6.3/mmpy-16/libcrt0.a(_endless_loop__.o)
 .text          0x00000000        0x0 /usr/lib/gcc/msp430/4.6.3/mmpy-16/libcrt0.a(_unexpected_.o)
 .data          0x00000000        0x0 /usr/lib/gcc/msp430/4.6.3/mmpy-16/libcrt0.a(_unexpected_.o)
 .bss           0x00000000        0x0 /usr/lib/gcc/msp430/4.6.3/mmpy-16/libcrt0.a(_unexpected_.o)

Memory Configuration

Name             Origin             Length             Attributes
sfr              0x00000000         0x00000010
peripheral_8bit  0x00000010         0x000000f0
peripheral_16bit 0x00000100         0x00000100
ram_mirror       0x00000200         0x00000800         xw
infomem          0x00001000         0x00000100
infob            0x00001000         0x00000080
infoa            0x00001080         0x00000080
ram              0x00001100         0x00002800         xw
rom              0x00004000         0x0000bfe0         xr
vectors          0x0000ffe0         0x00000020
bsl              0x00000000         0x00000000
infoc            0x00000000         0x00000000
infod            0x00000000         0x00000000
ram2             0x00000000         0x00000000         xw
usbram           0x00000000         0x00000000         xw
far_rom          0x00000000         0x00000000
*default*        0x00000000         0xffffffff

Linker script and memory map

LOAD /usr/lib/gcc/msp430/4.6.3/mmpy-16/crt0ivtbl16.o
LOAD hello-world.co
LOAD obj_sky/contiki-sky-main.o
LOAD contiki-sky.a
LOAD /usr/lib/gcc/msp430/4.6.3/mmpy-16/libgcc.a
LOAD /usr/lib/gcc/msp430/4.6.3/../../../../msp430/lib/mmpy-16/libc.a
LOAD /usr/lib/gcc/msp430/4.6.3/mmpy-16/libgcc.a
LOAD /usr/lib/gcc/msp430/4.6.3/mmpy-16/libcrt0.a
                0x00000080                PROVIDE (__info_segment_size, 0x80)
                0x00001000                PROVIDE (__infob, 0x1000)
                0x00001080                PROVIDE (__infoa, 0x1080)
                0x00000000                __IE1 = 0x0
                0x00000002                __IFG1 = 0x2
                0x00000004                __ME1 = 0x4
                0x00000001                __IE2 = 0x1
                0x00000003                __IFG2 = 0x3
                0x00000005                __ME2 = 0x5
                0x00000120                __WDTCTL = 0x120
                0x00000130                __MPY = 0x130
                0x00000132                __MPYS = 0x132
                0x00000134                __MAC = 0x134
                0x00000136                __MACS = 0x136
                0x00000138                __OP2 = 0x138
                0x0000013a                __RESLO = 0x13a
                0x0000013c                __RESHI = 0x13c
                0x0000013e                __SUMEXT = 0x13e
                0x00000020                __P1IN = 0x20
                0x00000021                __P1OUT = 0x21
                0x00000022                __P1DIR = 0x22
                0x00000023                __P1IFG = 0x23
                0x00000024                __P1IES = 0x24
                0x00000025                __P1IE = 0x25
                0x00000026                __P1SEL = 0x26
                0x00000028                __P2IN = 0x28
                0x00000029                __P2OUT = 0x29
                0x0000002a                __P2DIR = 0x2a
                0x0000002b                __P2IFG = 0x2b
                0x0000002c                __P2IES = 0x2c
                0x0000002d                __P2IE = 0x2d
                0x0000002e                __P2SEL = 0x2e
                0x00000018                __P3IN = 0x18
                0x00000019                __P3OUT = 0x19
                0x0000001a                __P3DIR = 0x1a
                0x0000001b                __P3SEL = 0x1b
                0x0000001c                __P4IN = 0x1c
                0x0000001d                __P4OUT = 0x1d
                0x0000001e                __P4DIR = 0x1e
                0x0000001f                __P4SEL = 0x1f
                0x00000030                __P5IN = 0x30
                0x00000031                __P5OUT = 0x31
                0x00000032                __P5DIR = 0x32
                0x00000033                __P5SEL = 0x33
                0x00000034                __P6IN = 0x34
                0x00000035                __P6OUT = 0x35
                0x00000036                __P6DIR = 0x36
                0x00000037                __P6SEL = 0x37
                0x00000070                __U0CTL = 0x70
                0x00000071                __U0TCTL = 0x71
                0x00000072                __U0RCTL = 0x72
                0x00000073                __U0MCTL = 0x73
                0x00000074                __U0BR0 = 0x74
                0x00000075                __U0BR1 = 0x75
                0x00000076                __U0RXBUF = 0x76
                0x00000077                __U0TXBUF = 0x77
                0x00000078                __U1CTL = 0x78
                0x00000079                __U1TCTL = 0x79
                0x0000007a                __U1RCTL = 0x7a
                0x0000007b                __U1MCTL = 0x7b
                0x0000007c                __U1BR0 = 0x7c
                0x0000007d                __U1BR1 = 0x7d
                0x0000007e                __U1RXBUF = 0x7e
                0x0000007f                __U1TXBUF = 0x7f
                0x00000050                __I2CIE = 0x50
                0x00000051                __I2CIFG = 0x51
                0x00000052                __I2CNDAT = 0x52
                0x00000071                __I2CTCTL = 0x71
                0x00000072                __I2CDCTL = 0x72
                0x00000073                __I2CPSC = 0x73
                0x00000074                __I2CSCLH = 0x74
                0x00000075                __I2CSCLL = 0x75
                0x00000076                __I2CDRB = 0x76
                0x00000076                __I2CDRW = 0x76
                0x00000118                __I2COA = 0x118
                0x0000011a                __I2CSA = 0x11a
                0x0000011c                __I2CIV = 0x11c
                0x0000012e                __TAIV = 0x12e
                0x00000160                __TACTL = 0x160
                0x00000162                __TACCTL0 = 0x162
                0x00000164                __TACCTL1 = 0x164
                0x00000166                __TACCTL2 = 0x166
                0x00000170                __TAR = 0x170
                0x00000172                __TACCR0 = 0x172
                0x00000174                __TACCR1 = 0x174
                0x00000176                __TACCR2 = 0x176
                0x0000011e                __TBIV = 0x11e
                0x00000180                __TBCTL = 0x180
                0x00000182                __TBCCTL0 = 0x182
                0x00000184                __TBCCTL1 = 0x184
                0x00000186                __TBCCTL2 = 0x186
                0x00000188                __TBCCTL3 = 0x188
                0x0000018a                __TBCCTL4 = 0x18a
                0x0000018c                __TBCCTL5 = 0x18c
                0x0000018e                __TBCCTL6 = 0x18e
                0x00000190                __TBR = 0x190
                0x00000192                __TBCCR0 = 0x192
                0x00000194                __TBCCR1 = 0x194
                0x00000196                __TBCCR2 = 0x196
                0x00000198                __TBCCR3 = 0x198
                0x0000019a                __TBCCR4 = 0x19a
                0x0000019c                __TBCCR5 = 0x19c
                0x0000019e                __TBCCR6 = 0x19e
                0x00000056                __DCOCTL = 0x56
                0x00000057                __BCSCTL1 = 0x57
                0x00000058                __BCSCTL2 = 0x58
                0x00000055                __SVSCTL = 0x55
                0x00000128                __FCTL1 = 0x128
                0x0000012a                __FCTL2 = 0x12a
                0x0000012c                __FCTL3 = 0x12c
                0x00000059                __CACTL1 = 0x59
                0x0000005a                __CACTL2 = 0x5a
                0x0000005b                __CAPD = 0x5b
                0x000001a0                __ADC12CTL0 = 0x1a0
                0x000001a2                __ADC12CTL1 = 0x1a2
                0x000001a4                __ADC12IFG = 0x1a4
                0x000001a6                __ADC12IE = 0x1a6
                0x000001a8                __ADC12IV = 0x1a8
                0x00000140                __ADC12MEM0 = 0x140
                0x00000142                __ADC12MEM1 = 0x142
                0x00000144                __ADC12MEM2 = 0x144
                0x00000146                __ADC12MEM3 = 0x146
                0x00000148                __ADC12MEM4 = 0x148
                0x0000014a                __ADC12MEM5 = 0x14a
                0x0000014c                __ADC12MEM6 = 0x14c
                0x0000014e                __ADC12MEM7 = 0x14e
                0x00000150                __ADC12MEM8 = 0x150
                0x00000152                __ADC12MEM9 = 0x152
                0x00000154                __ADC12MEM10 = 0x154
                0x00000156                __ADC12MEM11 = 0x156
                0x00000158                __ADC12MEM12 = 0x158
                0x0000015a                __ADC12MEM13 = 0x15a
                0x0000015c                __ADC12MEM14 = 0x15c
                0x0000015e                __ADC12MEM15 = 0x15e
                0x00000080                __ADC12MCTL0 = 0x80
                0x00000081                __ADC12MCTL1 = 0x81
                0x00000082                __ADC12MCTL2 = 0x82
                0x00000083                __ADC12MCTL3 = 0x83
                0x00000084                __ADC12MCTL4 = 0x84
                0x00000085                __ADC12MCTL5 = 0x85
                0x00000086                __ADC12MCTL6 = 0x86
                0x00000087                __ADC12MCTL7 = 0x87
                0x00000088                __ADC12MCTL8 = 0x88
                0x00000089                __ADC12MCTL9 = 0x89
                0x0000008a                __ADC12MCTL10 = 0x8a
                0x0000008b                __ADC12MCTL11 = 0x8b
                0x0000008c                __ADC12MCTL12 = 0x8c
                0x0000008d                __ADC12MCTL13 = 0x8d
                0x0000008e                __ADC12MCTL14 = 0x8e
                0x0000008f                __ADC12MCTL15 = 0x8f
                0x000001c0                __DAC12_0CTL = 0x1c0
                0x000001c2                __DAC12_1CTL = 0x1c2
                0x000001c8                __DAC12_0DAT = 0x1c8
                0x000001ca                __DAC12_1DAT = 0x1ca
                0x00000122                __DMACTL0 = 0x122
                0x00000124                __DMACTL1 = 0x124
                0x000001e0                __DMA0CTL = 0x1e0
                0x000001e8                __DMA1CTL = 0x1e8
                0x000001f0                __DMA2CTL = 0x1f0
                0x000001e2                __DMA0SA = 0x1e2
                0x000001e4                __DMA0DA = 0x1e4
                0x000001e6                __DMA0SZ = 0x1e6
                0x000001ea                __DMA1SA = 0x1ea
                0x000001ec                __DMA1DA = 0x1ec
                0x000001ee                __DMA1SZ = 0x1ee
                0x000001f2                __DMA2SA = 0x1f2
                0x000001f4                __DMA2DA = 0x1f4
                0x000001f6                __DMA2SZ = 0x1f6

.hash
 *(.hash)

.dynsym
 *(.dynsym)

.dynstr
 *(.dynstr)

.gnu.version
 *(.gnu.version)

.gnu.version_d
 *(.gnu.version_d)

.gnu.version_r
 *(.gnu.version_r)

.rel.init
 *(.rel.init)

.rela.init
 *(.rela.init)

.rel.fini
 *(.rel.fini)

.rela.fini
 *(.rela.fini)

.rel.text
 *(.rel.text .rel.text.* .rel.gnu.linkonce.t.*)

.rela.text
 *(.rela.text .rela.text.* .rela.gnu.linkonce.t.*)

.rel.rodata
 *(.rel.rodata .rel.rodata.* .rel.gnu.linkonce.r.*)

.rela.rodata
 *(.rela.rodata .rela.rodata.* .rela.gnu.linkonce.r.*)

.rel.data
 *(.rel.data .rel.data.* .rel.gnu.linkonce.d.*)

.rela.data
 *(.rela.data .rela.data.* .rela.gnu.linkonce.d.*)

.rel.bss
 *(.rel.bss .rel.bss.* .rel.gnu.linkonce.b.*)

.rela.bss
 *(.rela.bss .rela.bss.* .rela.gnu.linkonce.b.*)

.rel.ctors
 *(.rel.ctors)

.rela.ctors
 *(.rela.ctors)

.rel.dtors
 *(.rel.dtors)

.rela.dtors
 *(.rela.dtors)

.rel.got
 *(.rel.got)

.rela.got
 *(.rela.got)

.rel.plt
 *(.rel.plt)

.rela.plt
 *(.rela.plt)

.text           0x00004000     0x52ac
                0x00004000                . = ALIGN (0x2)
 *(.init .init.*)
 *(.init0)
 .init0         0x00004000        0x0 /usr/lib/gcc/msp430/4.6.3/mmpy-16/libcrt0.a(_reset_vector__.o)
                0x00004000                _reset_vector__
 *(.init1)
 .init1         0x00004000        0xc /usr/lib/gcc/msp430/4.6.3/mmpy-16/libcrt0.a(__watchdog_support.o)
                0x00004000                __watchdog_support
 *(.init2)
 .init2         0x0000400c        0x4 /usr/lib/gcc/msp430/4.6.3/mmpy-16/libcrt0.a(__init_stack.o)
                0x0000400c                __init_stack
 *(.init3)
 .init3         0x00004010        0x0 /usr/lib/gcc/msp430/4.6.3/mmpy-16/libcrt0.a(__low_level_init.o)
                0x00004010                __low_level_init
 *(.init4)
 .init4         0x00004010       0x18 /usr/lib/gcc/msp430/4.6.3/mmpy-16/libcrt0.a(_copy_data.o)
                0x00004010                __do_copy_data
 .init4         0x00004028       0x16 /usr/lib/gcc/msp430/4.6.3/mmpy-16/libcrt0.a(_clear_bss.o)
                0x00004028                __do_clear_bss
 *(.init5)
 *(.init6)
 *(.init7)
 *(.init8)
 *(.init9)
 .init9         0x0000403e      0x302 obj_sky/contiki-sky-main.o
                0x0000403e                main
 *(.fini9)
 .fini9         0x00004340        0x0 /usr/lib/gcc/msp430/4.6.3/mmpy-16/libcrt0.a(__stop_progExec__.o)
                0x00004340                __stop_progExec__
 *(.fini8)
 *(.fini7)
 *(.fini6)
 *(.fini5)
 *(.fini4)
 *(.fini3)
 *(.fini2)
 *(.fini1)
 *(.fini0)
 .fini0         0x00004340        0x6 /usr/lib/gcc/msp430/4.6.3/mmpy-16/libcrt0.a(_endless_loop__.o)
                0x00004340                _endless_loop__
 *(.fini .fini.*)
                0x00004346                . = ALIGN (0x2)
                0x00004346                __ctors_start = .
 *(.ctors)
                0x00004346                __ctors_end = .
                0x00004346                __dtors_start = .
 *(.dtors)
                0x00004346                __dtors_end = .
                0x00004346                . = ALIGN (0x2)
 *(.text .text.* .gnu.linkonce.t.*)
 .text          0x00004346        0x4 /usr/lib/gcc/msp430/4.6.3/mmpy-16/crt0ivtbl16.o
                0x00004346                __isr_14
                0x00004346                __isr_11
                0x00004346                __isr_2
                0x00004346                __isr_7
                0x00004346                __isr_0
                0x00004346                __isr_8
                0x00004346                __isr_3
                0x00004346                __isr_12
                0x00004346                __isr_13
                0x00004346                __isr_9
 .text.process_thread_hello_world_process
                0x0000434a       0x1e hello-world.co
 .text.rimeaddr_copy
                0x00004368        0xc contiki-sky.a(rimeaddr.o)
                0x00004368                rimeaddr_copy
 .text.rimeaddr_cmp
                0x00004374       0x12 contiki-sky.a(rimeaddr.o)
                0x00004374                rimeaddr_cmp
 .text.rimeaddr_set_node_addr
                0x00004386        0xc contiki-sky.a(rimeaddr.o)
                0x00004386                rimeaddr_set_node_addr
 .text.input    0x00004392       0x3a contiki-sky.a(rime.o)
 .text.init     0x000043cc       0x2e contiki-sky.a(rime.o)
 .text.packet_sent
                0x000043fa       0x44 contiki-sky.a(rime.o)
 .text.rime_output
                0x0000443e       0x24 contiki-sky.a(rime.o)
                0x0000443e                rime_output
 .text.announcement_init
                0x00004462        0xa contiki-sky.a(announcement.o)
                0x00004462                announcement_init
 .text.announcement_register_observer_callback
                0x0000446c        0x6 contiki-sky.a(announcement.o)
                0x0000446c                announcement_register_observer_callback
 .text.announcement_list
                0x00004472        0xa contiki-sky.a(announcement.o)
                0x00004472                announcement_list
 .text.announcement_heard
                0x0000447c       0x42 contiki-sky.a(announcement.o)
                0x0000447c                announcement_heard
 .text.adv_packet_sent
                0x000044be        0x2 contiki-sky.a(broadcast-annou)
 .text.adv_packet_received
                0x000044c0       0x66 contiki-sky.a(broadcast-annou)
 .text.set_timers
                0x00004526       0x4a contiki-sky.a(broadcast-annou)
 .text.send_timer
                0x00004570       0x36 contiki-sky.a(broadcast-annou)
 .text.new_announcement
                0x000045a6       0x18 contiki-sky.a(broadcast-annou)
 .text.send_adv
                0x000045be       0x66 contiki-sky.a(broadcast-annou)
 .text.broadcast_announcement_init
                0x00004624       0x48 contiki-sky.a(broadcast-annou)
                0x00004624                broadcast_announcement_init
 .text.sent_by_abc
                0x0000466c       0x10 contiki-sky.a(broadcast.o)
 .text.recv_from_abc
                0x0000467c       0x26 contiki-sky.a(broadcast.o)
 .text.broadcast_open
                0x000046a2       0x2a contiki-sky.a(broadcast.o)
                0x000046a2                broadcast_open
 .text.broadcast_send
                0x000046cc       0x1a contiki-sky.a(broadcast.o)
                0x000046cc                broadcast_send
 .text.abc_open
                0x000046e6       0x26 contiki-sky.a(abc.o)
                0x000046e6                abc_open
 .text.abc_send
                0x0000470c        0x6 contiki-sky.a(abc.o)
                0x0000470c                abc_send
 .text.abc_input
                0x00004712        0xe contiki-sky.a(abc.o)
                0x00004712                abc_input
 .text.abc_sent
                0x00004720       0x10 contiki-sky.a(abc.o)
                0x00004720                abc_sent
 .text.chameleon_init
                0x00004730        0x6 contiki-sky.a(chameleon.o)
                0x00004730                chameleon_init
 .text.chameleon_parse
                0x00004736       0x10 contiki-sky.a(chameleon.o)
                0x00004736                chameleon_parse
 .text.chameleon_create
                0x00004746       0x1c contiki-sky.a(chameleon.o)
                0x00004746                chameleon_create
 .text.chameleon_hdrsize
                0x00004762        0x6 contiki-sky.a(chameleon.o)
                0x00004762                chameleon_hdrsize
 .text.channel_init
                0x00004768        0xa contiki-sky.a(channel.o)
                0x00004768                channel_init
 .text.channel_open
                0x00004772       0x10 contiki-sky.a(channel.o)
                0x00004772                channel_open
 .text.channel_lookup
                0x00004782       0x20 contiki-sky.a(channel.o)
                0x00004782                channel_lookup
 .text.channel_set_attributes
                0x000047a2       0x24 contiki-sky.a(channel.o)
                0x000047a2                channel_set_attributes
 .text.header_size
                0x000047c6       0x16 contiki-sky.a(chameleon-bitop)
 .text.get_bits_in_byte
                0x000047dc       0x3a contiki-sky.a(chameleon-bitop)
                0x000047dc                get_bits_in_byte
 .text.get_bits
                0x00004816       0xa4 contiki-sky.a(chameleon-bitop)
                0x00004816                get_bits
 .text.unpack_header
                0x000048ba       0xd6 contiki-sky.a(chameleon-bitop)
 .text.set_bits_in_byte
                0x00004990       0x2c contiki-sky.a(chameleon-bitop)
                0x00004990                set_bits_in_byte
 .text.set_bits
                0x000049bc       0xd2 contiki-sky.a(chameleon-bitop)
                0x000049bc                set_bits
 .text.pack_header
                0x00004a8e       0xbc contiki-sky.a(chameleon-bitop)
 .text.input_packet
                0x00004b4a        0x6 contiki-sky.a(csma.o)
 .text.on       0x00004b50        0x6 contiki-sky.a(csma.o)
 .text.off      0x00004b56        0x6 contiki-sky.a(csma.o)
 .text.channel_check_interval
                0x00004b5c       0x10 contiki-sky.a(csma.o)
 .text.transmit_packet_list
                0x00004b6c       0x24 contiki-sky.a(csma.o)
 .text.send_packet
                0x00004b90      0x162 contiki-sky.a(csma.o)
 .text.init     0x00004cf2       0x1a contiki-sky.a(csma.o)
 .text.free_packet
                0x00004d0c       0x98 contiki-sky.a(csma.o)
 .text.packet_sent
                0x00004da4      0x12e contiki-sky.a(csma.o)
 .text.duty_cycle
                0x00004ed2        0x6 contiki-sky.a(contikimac.o)
 .text.init     0x00004ed8       0x2e contiki-sky.a(contikimac.o)
 .text.on       0x00004f06       0x1a contiki-sky.a(contikimac.o)
 .text.off      0x00004f20       0x22 contiki-sky.a(contikimac.o)
 .text.recv_burst_off
                0x00004f42        0xa contiki-sky.a(contikimac.o)
 .text.turn_off
                0x00004f4c       0x20 contiki-sky.a(contikimac.o)
 .text.turn_on  0x00004f6c       0x30 contiki-sky.a(contikimac.o)
 .text.schedule_powercycle_fixed.part.4
                0x00004f9c       0x36 contiki-sky.a(contikimac.o)
 .text.powercycle_turn_radio_off
                0x00004fd2       0x30 contiki-sky.a(contikimac.o)
 .text.powercycle
                0x00005002      0x1da contiki-sky.a(contikimac.o)
 .text.input_packet
                0x000051dc      0x128 contiki-sky.a(contikimac.o)
 .text.send_packet
                0x00005304      0x2c4 contiki-sky.a(contikimac.o)
 .text.qsend_packet
                0x000055c8       0x28 contiki-sky.a(contikimac.o)
 .text.qsend_list
                0x000055f0       0x84 contiki-sky.a(contikimac.o)
 .text.send_packet
                0x00005674       0x44 contiki-sky.a(phase.o)
 .text.phase_update
                0x000056b8       0x90 contiki-sky.a(phase.o)
                0x000056b8                phase_update
 .text.phase_wait
                0x00005748       0xf6 contiki-sky.a(phase.o)
                0x00005748                phase_wait
 .text.phase_init
                0x0000583e       0x14 contiki-sky.a(phase.o)
                0x0000583e                phase_init
 .text.call_process
                0x00005852       0x4a contiki-sky.a(process.o)
 .text.exit_process
                0x0000589c       0x96 contiki-sky.a(process.o)
 .text.do_poll  0x00005932       0x30 contiki-sky.a(process.o)
 .text.process_alloc_event
                0x00005962        0xe contiki-sky.a(process.o)
                0x00005962                process_alloc_event
 .text.process_init
                0x00005970       0x1c contiki-sky.a(process.o)
                0x00005970                process_init
 .text.process_run
                0x0000598c       0xa2 contiki-sky.a(process.o)
                0x0000598c                process_run
 .text.process_nevents
                0x00005a2e        0xe contiki-sky.a(process.o)
                0x00005a2e                process_nevents
 .text.process_post
                0x00005a3c       0x54 contiki-sky.a(process.o)
                0x00005a3c                process_post
 .text.process_post_synch
                0x00005a90       0x12 contiki-sky.a(process.o)
                0x00005a90                process_post_synch
 .text.process_start
                0x00005aa2       0x32 contiki-sky.a(process.o)
                0x00005aa2                process_start
 .text.process_poll
                0x00005ad4       0x18 contiki-sky.a(process.o)
                0x00005ad4                process_poll
 .text.autostart_start
                0x00005aec       0x16 contiki-sky.a(autostart.o)
                0x00005aec                autostart_start
 .text.compower_accumulate
                0x00005b02       0x72 contiki-sky.a(compower.o)
                0x00005b02                compower_accumulate
 .text.compower_clear
                0x00005b74       0x12 contiki-sky.a(compower.o)
                0x00005b74                compower_clear
 .text.compower_attrconv
                0x00005b86       0x10 contiki-sky.a(compower.o)
                0x00005b86                compower_attrconv
 .text.process_thread_serial_line_process
                0x00005b96       0x9c contiki-sky.a(serial-line.o)
 .text.serial_line_input_byte
                0x00005c32       0x4a contiki-sky.a(serial-line.o)
                0x00005c32                serial_line_input_byte
 .text.serial_line_init
                0x00005c7c       0x1c contiki-sky.a(serial-line.o)
                0x00005c7c                serial_line_init
 .text.memb_init
                0x00005c98       0x36 contiki-sky.a(memb.o)
                0x00005c98                memb_init
 .text.memb_alloc
                0x00005cce       0x3e contiki-sky.a(memb.o)
                0x00005cce                memb_alloc
 .text.memb_free
                0x00005d0c       0x3a contiki-sky.a(memb.o)
                0x00005d0c                memb_free
 .text.memb_inmemb
                0x00005d46       0x2e contiki-sky.a(memb.o)
                0x00005d46                memb_inmemb
 .text.timer_set
                0x00005d74       0x1c contiki-sky.a(timer.o)
                0x00005d74                timer_set
 .text.timer_reset
                0x00005d90        0xe contiki-sky.a(timer.o)
                0x00005d90                timer_reset
 .text.timer_expired
                0x00005d9e       0x2a contiki-sky.a(timer.o)
                0x00005d9e                timer_expired
 .text.list_init
                0x00005dc8        0x6 contiki-sky.a(list.o)
                0x00005dc8                list_init
 .text.list_head
                0x00005dce        0x4 contiki-sky.a(list.o)
                0x00005dce                list_head
 .text.list_tail
                0x00005dd2       0x12 contiki-sky.a(list.o)
                0x00005dd2                list_tail
 .text.list_remove
                0x00005de4       0x34 contiki-sky.a(list.o)
                0x00005de4                list_remove
 .text.list_push
                0x00005e18       0x1a contiki-sky.a(list.o)
                0x00005e18                list_push
 .text.list_add
                0x00005e32       0x2a contiki-sky.a(list.o)
                0x00005e32                list_add
 .text.list_length
                0x00005e5c       0x10 contiki-sky.a(list.o)
                0x00005e5c                list_length
 .text.list_item_next
                0x00005e6c        0xc contiki-sky.a(list.o)
                0x00005e6c                list_item_next
 .text.update_time
                0x00005e78       0x78 contiki-sky.a(etimer.o)
 .text.etimer_request_poll
                0x00005ef0        0xa contiki-sky.a(etimer.o)
                0x00005ef0                etimer_request_poll
 .text.process_thread_etimer_process
                0x00005efa       0xc8 contiki-sky.a(etimer.o)
 .text.add_timer
                0x00005fc2       0x40 contiki-sky.a(etimer.o)
 .text.etimer_set
                0x00006002       0x12 contiki-sky.a(etimer.o)
                0x00006002                etimer_set
 .text.etimer_reset
                0x00006014       0x12 contiki-sky.a(etimer.o)
                0x00006014                etimer_reset
 .text.etimer_pending
                0x00006026        0xc contiki-sky.a(etimer.o)
                0x00006026                etimer_pending
 .text.etimer_next_expiration_time
                0x00006032       0x16 contiki-sky.a(etimer.o)
                0x00006032                etimer_next_expiration_time
 .text.etimer_stop
                0x00006048       0x3c contiki-sky.a(etimer.o)
                0x00006048                etimer_stop
 .text.process_thread_ctimer_process
                0x00006084       0xa4 contiki-sky.a(ctimer.o)
 .text.ctimer_init
                0x00006128       0x18 contiki-sky.a(ctimer.o)
                0x00006128                ctimer_init
 .text.ctimer_set
                0x00006140       0x5a contiki-sky.a(ctimer.o)
                0x00006140                ctimer_set
 .text.ctimer_reset
                0x0000619a       0x3a contiki-sky.a(ctimer.o)
                0x0000619a                ctimer_reset
 .text.ctimer_stop
                0x000061d4       0x28 contiki-sky.a(ctimer.o)
                0x000061d4                ctimer_stop
 .text.energest_init
                0x000061fc       0x28 contiki-sky.a(energest.o)
                0x000061fc                energest_init
 .text.energest_type_time
                0x00006224       0x46 contiki-sky.a(energest.o)
                0x00006224                energest_type_time
 .text.energest_type_set
                0x0000626a        0xe contiki-sky.a(energest.o)
                0x0000626a                energest_type_set
 .text.energest_flush
                0x00006278       0x48 contiki-sky.a(energest.o)
                0x00006278                energest_flush
 .text.rtimer_init
                0x000062c0        0x6 contiki-sky.a(rtimer.o)
                0x000062c0                rtimer_init
 .text.rtimer_set
                0x000062c6       0x24 contiki-sky.a(rtimer.o)
                0x000062c6                rtimer_set
 .text.rtimer_run_next
                0x000062ea       0x26 contiki-sky.a(rtimer.o)
                0x000062ea                rtimer_run_next
 .text.random_init
                0x00006310        0x6 contiki-sky.a(random.o)
                0x00006310                random_init
 .text.random_rand
                0x00006316        0x6 contiki-sky.a(random.o)
                0x00006316                random_rand
 .text.ringbuf_init
                0x0000631c       0x14 contiki-sky.a(ringbuf.o)
                0x0000631c                ringbuf_init
 .text.ringbuf_put
                0x00006330       0x38 contiki-sky.a(ringbuf.o)
                0x00006330                ringbuf_put
 .text.ringbuf_get
                0x00006368       0x32 contiki-sky.a(ringbuf.o)
                0x00006368                ringbuf_get
 .text.index_from_key
                0x0000639a       0x40 contiki-sky.a(nbr-table.o)
 .text.item_from_key
                0x000063da       0x34 contiki-sky.a(nbr-table.o)
 .text.nbr_set_bit
                0x0000640e       0x8e contiki-sky.a(nbr-table.o)
 .text.index_from_lladdr
                0x0000649c       0x42 contiki-sky.a(nbr-table.o)
 .text.nbr_get_bit.constprop.0
                0x000064de       0x62 contiki-sky.a(nbr-table.o)
 .text.nbr_table_register
                0x00006540       0x28 contiki-sky.a(nbr-table.o)
                0x00006540                nbr_table_register
 .text.nbr_table_add_lladdr
                0x00006568      0x144 contiki-sky.a(nbr-table.o)
                0x00006568                nbr_table_add_lladdr
 .text.nbr_table_get_from_lladdr
                0x000066ac       0x48 contiki-sky.a(nbr-table.o)
                0x000066ac                nbr_table_get_from_lladdr
 .text.nbr_table_remove
                0x000066f4       0x32 contiki-sky.a(nbr-table.o)
                0x000066f4                nbr_table_remove
 .text.packetbuf_copyto_hdr
                0x00006726       0x1c contiki-sky.a(packetbuf.o)
                0x00006726                packetbuf_copyto_hdr
 .text.packetbuf_copyto
                0x00006742       0x52 contiki-sky.a(packetbuf.o)
                0x00006742                packetbuf_copyto
 .text.packetbuf_hdr_remove
                0x00006794        0x6 contiki-sky.a(packetbuf.o)
                0x00006794                packetbuf_hdr_remove
 .text.packetbuf_hdrreduce
                0x0000679a       0x1a contiki-sky.a(packetbuf.o)
                0x0000679a                packetbuf_hdrreduce
 .text.packetbuf_set_datalen
                0x000067b4        0x6 contiki-sky.a(packetbuf.o)
                0x000067b4                packetbuf_set_datalen
 .text.packetbuf_dataptr
                0x000067ba        0xe contiki-sky.a(packetbuf.o)
                0x000067ba                packetbuf_dataptr
 .text.packetbuf_hdrptr
                0x000067c8        0xa contiki-sky.a(packetbuf.o)
                0x000067c8                packetbuf_hdrptr
 .text.packetbuf_is_reference
                0x000067d2        0xe contiki-sky.a(packetbuf.o)
                0x000067d2                packetbuf_is_reference
 .text.packetbuf_compact
                0x000067e0       0x48 contiki-sky.a(packetbuf.o)
                0x000067e0                packetbuf_compact
 .text.packetbuf_reference_ptr
                0x00006828        0x6 contiki-sky.a(packetbuf.o)
                0x00006828                packetbuf_reference_ptr
 .text.packetbuf_datalen
                0x0000682e        0x6 contiki-sky.a(packetbuf.o)
                0x0000682e                packetbuf_datalen
 .text.packetbuf_totlen
                0x00006834       0x10 contiki-sky.a(packetbuf.o)
                0x00006834                packetbuf_totlen
 .text.packetbuf_hdralloc
                0x00006844       0x2e contiki-sky.a(packetbuf.o)
                0x00006844                packetbuf_hdralloc
 .text.packetbuf_attr_clear
                0x00006872       0x2c contiki-sky.a(packetbuf.o)
                0x00006872                packetbuf_attr_clear
 .text.packetbuf_clear
                0x0000689e       0x1a contiki-sky.a(packetbuf.o)
                0x0000689e                packetbuf_clear
 .text.packetbuf_copyfrom
                0x000068b8       0x2e contiki-sky.a(packetbuf.o)
                0x000068b8                packetbuf_copyfrom
 .text.packetbuf_attr_copyto
                0x000068e6       0x20 contiki-sky.a(packetbuf.o)
                0x000068e6                packetbuf_attr_copyto
 .text.packetbuf_attr_copyfrom
                0x00006906       0x22 contiki-sky.a(packetbuf.o)
                0x00006906                packetbuf_attr_copyfrom
 .text.queuebuf_init
                0x00006928       0x1a contiki-sky.a(queuebuf.o)
                0x00006928                queuebuf_init
 .text.queuebuf_new_from_packetbuf
                0x00006942       0x7e contiki-sky.a(queuebuf.o)
                0x00006942                queuebuf_new_from_packetbuf
 .text.queuebuf_update_attr_from_packetbuf
                0x000069c0       0x12 contiki-sky.a(queuebuf.o)
                0x000069c0                queuebuf_update_attr_from_packetbuf
 .text.queuebuf_free
                0x000069d2       0x40 contiki-sky.a(queuebuf.o)
                0x000069d2                queuebuf_free
 .text.queuebuf_to_packetbuf
                0x00006a12       0x6e contiki-sky.a(queuebuf.o)
                0x00006a12                queuebuf_to_packetbuf
 .text.queuebuf_attr
                0x00006a80        0xe contiki-sky.a(queuebuf.o)
                0x00006a80                queuebuf_attr
 .text.init_platform
                0x00006a8e        0xc contiki-sky.a(contiki-sky-pla)
                0x00006a8e                init_platform
 .text.status   0x00006a9a       0x16 contiki-sky.a(button-sensor.o)
 .text.configure
                0x00006ab0       0x52 contiki-sky.a(button-sensor.o)
 .text.value    0x00006b02       0x22 contiki-sky.a(button-sensor.o)
 .text.irq_p2   0x00006b24       0x8a contiki-sky.a(button-sensor.o)
                0x00006b24                irq_p2
                0x00006b24                __isr_1
 .text.owreadb  0x00006bae       0x52 contiki-sky.a(ds2411.o)
 .text.ds2411_init
                0x00006c00      0x122 contiki-sky.a(ds2411.o)
                0x00006c00                ds2411_init
 .text.wait_ready
                0x00006d22       0x50 contiki-sky.a(xmem.o)
 .text.xmem_init
                0x00006d72       0x3e contiki-sky.a(xmem.o)
                0x00006d72                xmem_init
 .text.xmem_pread
                0x00006db0       0xea contiki-sky.a(xmem.o)
                0x00006db0                xmem_pread
 .text.node_id_restore
                0x00006e9a       0x38 contiki-sky.a(node-id.o)
                0x00006e9a                node_id_restore
 .text.process_thread_sensors_process
                0x00006ed2       0xbe contiki-sky.a(sensors.o)
 .text.sensors_changed
                0x00006f90       0x2a contiki-sky.a(sensors.o)
                0x00006f90                sensors_changed
 .text.strobe   0x00006fba       0x20 contiki-sky.a(cc2420.o)
 .text.status   0x00006fda       0x26 contiki-sky.a(cc2420.o)
 .text.getreg   0x00007000       0x54 contiki-sky.a(cc2420.o)
 .text.setreg   0x00007054       0x52 contiki-sky.a(cc2420.o)
 .text.set_txpower
                0x000070a6       0x26 contiki-sky.a(cc2420.o)
 .text.cc2420_receiving_packet
                0x000070cc        0xe contiki-sky.a(cc2420.o)
 .text.pending_packet
                0x000070da        0x8 contiki-sky.a(cc2420.o)
 .text.on       0x000070e2       0x40 contiki-sky.a(cc2420.o)
 .text.flushrx  0x00007122       0x7a contiki-sky.a(cc2420.o)
 .text.off      0x0000719c       0x72 contiki-sky.a(cc2420.o)
 .text.RELEASE_LOCK
                0x0000720e       0x28 contiki-sky.a(cc2420.o)
 .text.cc2420_prepare
                0x00007236       0x8a contiki-sky.a(cc2420.o)
 .text.getrxdata
                0x000072c0       0x56 contiki-sky.a(cc2420.o)
 .text.cc2420_on
                0x00007316       0x22 contiki-sky.a(cc2420.o)
                0x00007316                cc2420_on
 .text.cc2420_off
                0x00007338       0x30 contiki-sky.a(cc2420.o)
                0x00007338                cc2420_off
 .text.cc2420_cca
                0x00007368       0x74 contiki-sky.a(cc2420.o)
 .text.cc2420_read
                0x000073dc       0xe6 contiki-sky.a(cc2420.o)
 .text.process_thread_cc2420_process
                0x000074c2       0x50 contiki-sky.a(cc2420.o)
 .text.cc2420_set_channel
                0x00007512       0x78 contiki-sky.a(cc2420.o)
                0x00007512                cc2420_set_channel
 .text.cc2420_set_pan_addr
                0x0000758a      0x14a contiki-sky.a(cc2420.o)
                0x0000758a                cc2420_set_pan_addr
 .text.cc2420_init
                0x000076d4       0xd0 contiki-sky.a(cc2420.o)
                0x000076d4                cc2420_init
 .text.cc2420_interrupt
                0x000077a4       0x20 contiki-sky.a(cc2420.o)
                0x000077a4                cc2420_interrupt
 .text.cc2420_get_txpower
                0x000077c4       0x1e contiki-sky.a(cc2420.o)
                0x000077c4                cc2420_get_txpower
 .text.cc2420_transmit
                0x000077e2      0x1a0 contiki-sky.a(cc2420.o)
 .text.cc2420_send
                0x00007982       0x12 contiki-sky.a(cc2420.o)
 .text.cc2420_port1_interrupt
                0x00007994       0x62 contiki-sky.a(cc2420-arch.o)
                0x00007994                __isr_4
                0x00007994                cc2420_port1_interrupt
 .text.cc2420_arch_init
                0x000079f6       0x1a contiki-sky.a(cc2420-arch.o)
                0x000079f6                cc2420_arch_init
 .text.handle_rxdma_timer
                0x00007a10       0x3a contiki-sky.a(uart1.o)
 .text.uart1_active
                0x00007a4a       0x1a contiki-sky.a(uart1.o)
                0x00007a4a                uart1_active
 .text.uart1_set_input
                0x00007a64       0x20 contiki-sky.a(uart1.o)
                0x00007a64                uart1_set_input
 .text.uart1_writeb
                0x00007a84       0x1a contiki-sky.a(uart1.o)
                0x00007a84                uart1_writeb
 .text.uart1_init
                0x00007a9e       0xf6 contiki-sky.a(uart1.o)
                0x00007a9e                uart1_init
 .text.putchar  0x00007b94       0x10 contiki-sky.a(uart1-putchar.o)
                0x00007b94                putchar
 .text.msp430_init_dco
                0x00007ba4       0x84 contiki-sky.a(msp430.o)
                0x00007ba4                msp430_init_dco
 .text.msp430_add_lpm_req
                0x00007c28        0xc contiki-sky.a(msp430.o)
                0x00007c28                msp430_add_lpm_req
 .text.msp430_cpu_init
                0x00007c34       0x2a contiki-sky.a(msp430.o)
                0x00007c34                msp430_cpu_init
 .text.splhigh_
                0x00007c5e        0x8 contiki-sky.a(msp430.o)
                0x00007c5e                splhigh_
 .text.msp430_sync_dco
                0x00007c66       0x68 contiki-sky.a(msp430.o)
                0x00007c66                msp430_sync_dco
 .text.timera1  0x00007cce       0xfe contiki-sky.a(clock.o)
                0x00007cce                __isr_5
                0x00007cce                timera1
 .text.clock_time
                0x00007dcc       0x1a contiki-sky.a(clock.o)
                0x00007dcc                clock_time
 .text.clock_init
                0x00007de6       0x28 contiki-sky.a(clock.o)
                0x00007de6                clock_init
 .text.clock_delay
                0x00007e0e        0xc contiki-sky.a(clock.o)
                0x00007e0e                clock_delay
 .text.show_leds
                0x00007e1a      0x100 contiki-sky.a(leds.o)
 .text.leds_init
                0x00007f1a        0xe contiki-sky.a(leds.o)
                0x00007f1a                leds_init
 .text.leds_on  0x00007f28       0x14 contiki-sky.a(leds.o)
                0x00007f28                leds_on
 .text.leds_off
                0x00007f3c       0x14 contiki-sky.a(leds.o)
                0x00007f3c                leds_off
 .text.leds_arch_init
                0x00007f50        0xe contiki-sky.a(leds-arch.o)
                0x00007f50                leds_arch_init
 .text.leds_arch_set
                0x00007f5e       0x3a contiki-sky.a(leds-arch.o)
                0x00007f5e                leds_arch_set
 .text.watchdog_interrupt
                0x00007f98        0x6 contiki-sky.a(watchdog.o)
                0x00007f98                __isr_10
                0x00007f98                watchdog_interrupt
 .text.watchdog_start
                0x00007f9e       0x14 contiki-sky.a(watchdog.o)
                0x00007f9e                watchdog_start
 .text.watchdog_periodic
                0x00007fb2       0x12 contiki-sky.a(watchdog.o)
                0x00007fb2                watchdog_periodic
 .text.watchdog_stop
                0x00007fc4       0x16 contiki-sky.a(watchdog.o)
                0x00007fc4                watchdog_stop
 .text.watchdog_init
                0x00007fda       0x14 contiki-sky.a(watchdog.o)
                0x00007fda                watchdog_init
 .text.rtimer_arch_init
                0x00007fee        0xe contiki-sky.a(rtimer-arch.o)
                0x00007fee                rtimer_arch_init
 .text.rtimer_arch_now
                0x00007ffc        0xe contiki-sky.a(rtimer-arch.o)
                0x00007ffc                rtimer_arch_now
 .text.timera0  0x0000800a       0x70 contiki-sky.a(rtimer-arch.o)
                0x0000800a                __isr_6
                0x0000800a                timera0
 .text.rtimer_arch_schedule
                0x0000807a        0x6 contiki-sky.a(rtimer-arch.o)
                0x0000807a                rtimer_arch_schedule
 .text.mac_call_sent_callback
                0x00008080       0x14 contiki-sky.a(mac.o)
                0x00008080                mac_call_sent_callback
 .text.parse    0x00008094       0xaa contiki-sky.a(framer-802154.o)
 .text.create   0x0000813e      0x10a contiki-sky.a(framer-802154.o)
 .text.spi_init
                0x00008248       0x32 contiki-sky.a(spi.o)
                0x00008248                spi_init
 .text.field_len
                0x0000827a       0x98 contiki-sky.a(frame802154.o)
 .text.frame802154_hdrlen
                0x00008312       0x2e contiki-sky.a(frame802154.o)
                0x00008312                frame802154_hdrlen
 .text.frame802154_create
                0x00008340      0x172 contiki-sky.a(frame802154.o)
                0x00008340                frame802154_create
 .text.frame802154_parse
                0x000084b2      0x1e8 contiki-sky.a(frame802154.o)
                0x000084b2                frame802154_parse
 .text.libgcc   0x0000869a       0x2c /usr/lib/gcc/msp430/4.6.3/mmpy-16/libgcc.a(_mulsi3.o)
                0x0000869a                __mulsi3
 .text.libgcc   0x000086c6       0x22 /usr/lib/gcc/msp430/4.6.3/mmpy-16/libgcc.a(_udivmod16.o)
                0x000086c6                __udivhi3
                0x000086c6                __ext_udivmod16
                0x000086e0                __umodhi3
 .text.libgcc   0x000086e8       0x3a /usr/lib/gcc/msp430/4.6.3/mmpy-16/libgcc.a(_divmod16.o)
                0x000086e8                __ext_divmod16
                0x000086e8                __divhi3
                0x0000871a                __modhi3
 .text.libgcc   0x00008722       0x40 /usr/lib/gcc/msp430/4.6.3/mmpy-16/libgcc.a(_udivmod32.o)
                0x00008722                __udivsi3
                0x00008722                __ext_udivmod32
                0x00008758                __umodsi3
 .text          0x00008762       0x20 /usr/lib/gcc/msp430/4.6.3/../../../../msp430/lib/mmpy-16/libc.a(memcmp.o)
                0x00008762                memcmp
 .text          0x00008782       0xfa /usr/lib/gcc/msp430/4.6.3/../../../../msp430/lib/mmpy-16/libc.a(memcpy.o)
                0x00008782                memcpy
 .text          0x0000887c       0x6a /usr/lib/gcc/msp430/4.6.3/../../../../msp430/lib/mmpy-16/libc.a(memset.o)
                0x0000887c                memset
 .text          0x000088e6       0x1e /usr/lib/gcc/msp430/4.6.3/../../../../msp430/lib/mmpy-16/libc.a(printf.o)
                0x000088e6                printf
                0x000088f6                vprintf
 .text          0x00008904      0x836 /usr/lib/gcc/msp430/4.6.3/../../../../msp430/lib/mmpy-16/libc.a(vuprintf.o)
                0x00008a9c                vuprintf
 .text          0x0000913a       0x2c /usr/lib/gcc/msp430/4.6.3/../../../../msp430/lib/mmpy-16/libc.a(puts.o)
                0x0000913a                puts
 .text          0x00009166       0x54 /usr/lib/gcc/msp430/4.6.3/../../../../msp430/lib/mmpy-16/libc.a(rand.o)
                0x00009166                rand_r
                0x0000918a                rand
                0x000091b0                srand
 .text.libgcc   0x000091ba       0xf0 /usr/lib/gcc/msp430/4.6.3/mmpy-16/libgcc.a(_udivmod64.o)
                0x000091ba                __xabi_udivmod64
                0x00009218                __udivdi3
                0x0000923e                __umoddi3
                0x0000926c                __udivmoddi4
 .text.crt0     0x000092aa        0x2 /usr/lib/gcc/msp430/4.6.3/mmpy-16/libcrt0.a(_unexpected_.o)
                0x000092aa                _unexpected_
                0x000092ac                . = ALIGN (0x2)

.rodata         0x000092ac      0x1c8
                0x000092ac                . = ALIGN (0x2)
 *(.rodata .rodata.* .gnu.linkonce.r.*)
 .rodata        0x000092ac       0x26 hello-world.co
                0x000092ba                autostart_processes
 .rodata        0x000092d2       0xd4 obj_sky/contiki-sky-main.o
 .rodata        0x000093a6        0x2 contiki-sky.a(rimeaddr.o)
                0x000093a6                rimeaddr_null
 .rodata        0x000093a8        0xc contiki-sky.a(rime.o)
                0x000093ae                rime_driver
 .rodata        0x000093b4        0x4 contiki-sky.a(broadcast-annou)
 .rodata        0x000093b8        0x8 contiki-sky.a(broadcast.o)
 .rodata        0x000093c0        0x2 contiki-sky.a(abc.o)
 .rodata        0x000093c2       0x10 contiki-sky.a(chameleon-bitop)
                0x000093c2                chameleon_bitopt
 .rodata        0x000093d2       0x14 contiki-sky.a(csma.o)
                0x000093d8                csma_driver
 .rodata        0x000093e6       0x1c contiki-sky.a(contikimac.o)
                0x000093f2                contikimac_driver
 .rodata        0x00009402        0xe contiki-sky.a(serial-line.o)
 .rodata        0x00009410        0xc contiki-sky.a(etimer.o)
 .rodata        0x0000941c        0xf contiki-sky.a(ctimer.o)
 *fill*         0x0000942b        0x1 00
 .rodata        0x0000942c       0x10 contiki-sky.a(button-sensor.o)
                0x00009434                button_sensor
 .rodata        0x0000943c        0x8 contiki-sky.a(sensors.o)
 .rodata        0x00009444       0x22 contiki-sky.a(cc2420.o)
                0x00009444                cc2420_driver
 .rodata        0x00009466        0x4 contiki-sky.a(framer-802154.o)
                0x00009466                framer_802154
 .rodata        0x0000946a        0x2 contiki-sky.a(frame802154.o)
 .rodata        0x0000946c        0x7 /usr/lib/gcc/msp430/4.6.3/../../../../msp430/lib/mmpy-16/libc.a(vuprintf.o)
                0x00009474                . = ALIGN (0x2)
 *fill*         0x00009473        0x1 00
                0x00009474                _etext = .

.data           0x00001100       0x8e load address 0x00009474
                0x00001100                . = ALIGN (0x2)
                0x00001100                PROVIDE (__data_start, .)
 *(.data .data.* .gnu.linkonce.d.*)
 .data          0x00001100        0xa hello-world.co
                0x00001100                hello_world_process
 .data          0x0000110a       0x18 contiki-sky.a(csma.o)
 .data          0x00001122       0x10 contiki-sky.a(phase.o)
 .data          0x00001132        0xa contiki-sky.a(serial-line.o)
                0x00001132                serial_line_process
 .data          0x0000113c        0xa contiki-sky.a(etimer.o)
                0x0000113c                etimer_process
 .data          0x00001146        0xa contiki-sky.a(ctimer.o)
                0x00001146                ctimer_process
 .data          0x00001150        0x8 contiki-sky.a(nbr-table.o)
 .data          0x00001158       0x18 contiki-sky.a(queuebuf.o)
 .data          0x00001170        0x4 contiki-sky.a(contiki-sky-pla)
                0x00001170                sensors
 .data          0x00001174        0xa contiki-sky.a(sensors.o)
                0x00001174                sensors_process
 .data          0x0000117e        0xa contiki-sky.a(cc2420.o)
                0x0000117e                cc2420_process
 .data          0x00001188        0x2 contiki-sky.a(msp430.o)
 .data          0x0000118a        0x4 /usr/lib/gcc/msp430/4.6.3/../../../../msp430/lib/mmpy-16/libc.a(rand.o)
                0x0000118e                . = ALIGN (0x2)
                0x0000118e                _edata = .
                0x00009474                PROVIDE (__data_load_start, LOADADDR (.data))
                0x0000008e                PROVIDE (__data_size, SIZEOF (.data))

.bss            0x0000118e     0x1374 load address 0x00009502
                0x0000118e                PROVIDE (__bss_start, .)
 *(.bss .bss.*)
 .bss           0x0000118e        0xc obj_sky/contiki-sky-main.o
 .bss           0x0000119a        0x2 contiki-sky.a(rime.o)
 .bss           0x0000119c        0x6 contiki-sky.a(announcement.o)
 .bss           0x000011a2       0x46 contiki-sky.a(broadcast-annou)
 .bss           0x000011e8        0x2 contiki-sky.a(channel.o)
 .bss           0x000011ea      0x126 contiki-sky.a(csma.o)
 .bss           0x00001310       0x74 contiki-sky.a(contikimac.o)
 .bss           0x00001384      0x148 contiki-sky.a(phase.o)
 .bss           0x000014cc       0x42 contiki-sky.a(process.o)
                0x000014cc                process_current
                0x000014ce                process_list
 .bss           0x0000150e        0x8 contiki-sky.a(compower.o)
 .bss           0x00001516      0x10a contiki-sky.a(serial-line.o)
 .bss           0x00001620        0x6 contiki-sky.a(etimer.o)
 .bss           0x00001626        0x4 contiki-sky.a(ctimer.o)
 .bss           0x0000162a        0x2 contiki-sky.a(rtimer.o)
 .bss           0x0000162c       0x4c contiki-sky.a(nbr-table.o)
 .bss           0x00001678       0xba contiki-sky.a(packetbuf.o)
 .bss           0x00001732      0xc4e contiki-sky.a(queuebuf.o)
 .bss           0x00002380        0x8 contiki-sky.a(button-sensor.o)
 .bss           0x00002388        0x2 contiki-sky.a(node-id.o)
                0x00002388                node_id
 .bss           0x0000238a        0x6 contiki-sky.a(sensors.o)
 .bss           0x00002390        0xa contiki-sky.a(cc2420.o)
 .bss           0x0000239a       0x9a contiki-sky.a(uart1.o)
 .bss           0x00002434        0xa contiki-sky.a(clock.o)
 .bss           0x0000243e        0x2 contiki-sky.a(leds.o)
 .bss           0x00002440        0x2 contiki-sky.a(watchdog.o)
 .bss           0x00002442        0x2 contiki-sky.a(framer-802154.o)
 *(COMMON)
 COMMON         0x00002444        0x2 contiki-sky.a(rimeaddr.o)
                0x00002444                rimeaddr_node_addr
 COMMON         0x00002446        0x1 contiki-sky.a(process.o)
                0x00002446                process_maxevents
 *fill*         0x00002447        0x1 00
 COMMON         0x00002448        0x8 contiki-sky.a(compower.o)
                0x00002448                compower_idle_activity
 COMMON         0x00002450        0x1 contiki-sky.a(serial-line.o)
                0x00002450                serial_line_event_message
 *fill*         0x00002451        0x1 00
 COMMON         0x00002452       0x56 contiki-sky.a(energest.o)
                0x00002452                energest_total_time
                0x00002482                energest_total_count
                0x00002484                energest_current_mode
                0x00002490                energest_current_time
 COMMON         0x000024a8       0x38 contiki-sky.a(packetbuf.o)
                0x000024a8                packetbuf_addrs
                0x000024b0                packetbuf_attrs
 COMMON         0x000024e0        0x2 contiki-sky.a(contiki-sky-pla)
                0x000024e0                sensors_flags
 COMMON         0x000024e2        0x8 contiki-sky.a(ds2411.o)
                0x000024e2                ds2411_id
 COMMON         0x000024ea        0x1 contiki-sky.a(sensors.o)
                0x000024ea                sensors_event
 *fill*         0x000024eb        0x1 00
 COMMON         0x000024ec       0x14 contiki-sky.a(cc2420.o)
                0x000024ec                cc2420_last_rssi
                0x000024ee                cc2420_packets_read
                0x000024f0                cc2420_packets_seen
                0x000024f2                cc2420_sfd_start_time
                0x000024f4                cc2420_time_of_departure
                0x000024f6                cc2420_time_of_arrival
                0x000024f8                cc2420_last_correlation
                0x000024fa                cc2420_authority_level_of_sender
                0x000024fc                cc2420_sfd_counter
                0x000024fe                cc2420_sfd_end_time
 COMMON         0x00002500        0x2 contiki-sky.a(msp430.o)
                0x00002500                msp430_dco_required
                0x00002502                . = ALIGN (0x2)
                0x00002502                PROVIDE (__bss_end, .)
                0x00001374                PROVIDE (__bss_size, SIZEOF (.bss))

.noinit         0x00002502        0x2 load address 0x00009502
                0x00002502                PROVIDE (__noinit_start, .)
 *(.noinit .noinit.*)
 .noinit.crt0   0x00002502        0x2 /usr/lib/gcc/msp430/4.6.3/mmpy-16/libcrt0.a(__watchdog_support.o)
                0x00002502                __wdt_clear_value
                0x00002504                . = ALIGN (0x2)
                0x00002504                PROVIDE (__noinit_end, .)
                0x00002504                . = ALIGN (0x2)
                0x00002504                _end = .

.infomem        0x00001000        0x0
 *(.infomem)
                0x00001000                . = ALIGN (0x2)
 *(.infomem.*)

.infomemnobits  0x00001000        0x0
 *(.infomemnobits)
                0x00001000                . = ALIGN (0x2)
 *(.infomemnobits.*)

.infoa
 *(.infoa .infoa.*)

.infob
 *(.infob .infob.*)

.infoc
 *(.infoc .infoc.*)

.infod
 *(.infod .infod.*)

.vectors        0x0000ffe0       0x20
                0x0000ffe0                PROVIDE (__vectors_start, .)
 *(.vectors*)
 .vectors       0x0000ffe0       0x20 /usr/lib/gcc/msp430/4.6.3/mmpy-16/crt0ivtbl16.o
                0x0000ffe0                __ivtbl_16
                0x00010000                _vectors_end = .

.fartext        0x00000000        0x0
                0x00000000                . = ALIGN (0x2)
 *(.fartext)
                0x00000000                . = ALIGN (0x2)
 *(.fartext.*)
                0x00000000                _efartext = .

.profiler
 *(.profiler)

.stab
 *(.stab)

.stabstr
 *(.stabstr)

.stab.excl
 *(.stab.excl)

.stab.exclstr
 *(.stab.exclstr)

.stab.index
 *(.stab.index)

.stab.indexstr
 *(.stab.indexstr)

.comment
 *(.comment)

.debug
 *(.debug)

.line
 *(.line)

.debug_srcinfo
 *(.debug_srcinfo)

.debug_sfnames
 *(.debug_sfnames)

.debug_aranges  0x00000000      0x17c
 *(.debug_aranges)
 .debug_aranges
                0x00000000       0x14 /usr/lib/gcc/msp430/4.6.3/mmpy-16/libgcc.a(_mulsi3.o)
 .debug_aranges
                0x00000014       0x14 /usr/lib/gcc/msp430/4.6.3/mmpy-16/libgcc.a(_udivmod16.o)
 .debug_aranges
                0x00000028       0x14 /usr/lib/gcc/msp430/4.6.3/mmpy-16/libgcc.a(_divmod16.o)
 .debug_aranges
                0x0000003c       0x14 /usr/lib/gcc/msp430/4.6.3/mmpy-16/libgcc.a(_udivmod32.o)
 .debug_aranges
                0x00000050       0x14 /usr/lib/gcc/msp430/4.6.3/../../../../msp430/lib/mmpy-16/libc.a(strncmp.o)
 .debug_aranges
                0x00000064       0x14 /usr/lib/gcc/msp430/4.6.3/../../../../msp430/lib/mmpy-16/libc.a(memcmp.o)
 .debug_aranges
                0x00000078       0x14 /usr/lib/gcc/msp430/4.6.3/../../../../msp430/lib/mmpy-16/libc.a(memcpy.o)
 .debug_aranges
                0x0000008c       0x14 /usr/lib/gcc/msp430/4.6.3/../../../../msp430/lib/mmpy-16/libc.a(memset.o)
 .debug_aranges
                0x000000a0       0x14 /usr/lib/gcc/msp430/4.6.3/../../../../msp430/lib/mmpy-16/libc.a(printf.o)
 .debug_aranges
                0x000000b4       0x14 /usr/lib/gcc/msp430/4.6.3/../../../../msp430/lib/mmpy-16/libc.a(vuprintf.o)
 .debug_aranges
                0x000000c8       0x14 /usr/lib/gcc/msp430/4.6.3/../../../../msp430/lib/mmpy-16/libc.a(puts.o)
 .debug_aranges
                0x000000dc       0x14 /usr/lib/gcc/msp430/4.6.3/../../../../msp430/lib/mmpy-16/libc.a(rand.o)
 .debug_aranges
                0x000000f0       0x14 /usr/lib/gcc/msp430/4.6.3/mmpy-16/libgcc.a(_udivmod64.o)
 .debug_aranges
                0x00000104       0x14 /usr/lib/gcc/msp430/4.6.3/mmpy-16/libcrt0.a(__watchdog_support.o)
 .debug_aranges
                0x00000118       0x14 /usr/lib/gcc/msp430/4.6.3/mmpy-16/libcrt0.a(__init_stack.o)
 .debug_aranges
                0x0000012c       0x14 /usr/lib/gcc/msp430/4.6.3/mmpy-16/libcrt0.a(_copy_data.o)
 .debug_aranges
                0x00000140       0x14 /usr/lib/gcc/msp430/4.6.3/mmpy-16/libcrt0.a(_clear_bss.o)
 .debug_aranges
                0x00000154       0x14 /usr/lib/gcc/msp430/4.6.3/mmpy-16/libcrt0.a(_endless_loop__.o)
 .debug_aranges
                0x00000168       0x14 /usr/lib/gcc/msp430/4.6.3/mmpy-16/libcrt0.a(_unexpected_.o)

.debug_pubnames
 *(.debug_pubnames)

.debug_info     0x00000000     0x1471
 *(.debug_info)
 .debug_info    0x00000000       0xd6 /usr/lib/gcc/msp430/4.6.3/mmpy-16/libgcc.a(_mulsi3.o)
 .debug_info    0x000000d6       0xd6 /usr/lib/gcc/msp430/4.6.3/mmpy-16/libgcc.a(_udivmod16.o)
 .debug_info    0x000001ac       0xd6 /usr/lib/gcc/msp430/4.6.3/mmpy-16/libgcc.a(_divmod16.o)
 .debug_info    0x00000282       0xd6 /usr/lib/gcc/msp430/4.6.3/mmpy-16/libgcc.a(_udivmod32.o)
 .debug_info    0x00000358       0xbb /usr/lib/gcc/msp430/4.6.3/../../../../msp430/lib/mmpy-16/libc.a(strncmp.o)
 .debug_info    0x00000413       0xe8 /usr/lib/gcc/msp430/4.6.3/../../../../msp430/lib/mmpy-16/libc.a(memcmp.o)
 .debug_info    0x000004fb      0x113 /usr/lib/gcc/msp430/4.6.3/../../../../msp430/lib/mmpy-16/libc.a(memcpy.o)
 .debug_info    0x0000060e       0xfe /usr/lib/gcc/msp430/4.6.3/../../../../msp430/lib/mmpy-16/libc.a(memset.o)
 .debug_info    0x0000070c      0x105 /usr/lib/gcc/msp430/4.6.3/../../../../msp430/lib/mmpy-16/libc.a(printf.o)
 .debug_info    0x00000811      0x565 /usr/lib/gcc/msp430/4.6.3/../../../../msp430/lib/mmpy-16/libc.a(vuprintf.o)
 .debug_info    0x00000d76       0x96 /usr/lib/gcc/msp430/4.6.3/../../../../msp430/lib/mmpy-16/libc.a(puts.o)
 .debug_info    0x00000e0c      0x13f /usr/lib/gcc/msp430/4.6.3/../../../../msp430/lib/mmpy-16/libc.a(rand.o)
 .debug_info    0x00000f4b       0xd6 /usr/lib/gcc/msp430/4.6.3/mmpy-16/libgcc.a(_udivmod64.o)
 .debug_info    0x00001021       0xb8 /usr/lib/gcc/msp430/4.6.3/mmpy-16/libcrt0.a(__watchdog_support.o)
 .debug_info    0x000010d9       0xb8 /usr/lib/gcc/msp430/4.6.3/mmpy-16/libcrt0.a(__init_stack.o)
 .debug_info    0x00001191       0xb8 /usr/lib/gcc/msp430/4.6.3/mmpy-16/libcrt0.a(_copy_data.o)
 .debug_info    0x00001249       0xb8 /usr/lib/gcc/msp430/4.6.3/mmpy-16/libcrt0.a(_clear_bss.o)
 .debug_info    0x00001301       0xb8 /usr/lib/gcc/msp430/4.6.3/mmpy-16/libcrt0.a(_endless_loop__.o)
 .debug_info    0x000013b9       0xb8 /usr/lib/gcc/msp430/4.6.3/mmpy-16/libcrt0.a(_unexpected_.o)
 *(.gnu.linkonce.wi.*)

.debug_abbrev   0x00000000      0x735
 *(.debug_abbrev)
 .debug_abbrev  0x00000000       0x14 /usr/lib/gcc/msp430/4.6.3/mmpy-16/libgcc.a(_mulsi3.o)
 .debug_abbrev  0x00000014       0x14 /usr/lib/gcc/msp430/4.6.3/mmpy-16/libgcc.a(_udivmod16.o)
 .debug_abbrev  0x00000028       0x14 /usr/lib/gcc/msp430/4.6.3/mmpy-16/libgcc.a(_divmod16.o)
 .debug_abbrev  0x0000003c       0x14 /usr/lib/gcc/msp430/4.6.3/mmpy-16/libgcc.a(_udivmod32.o)
 .debug_abbrev  0x00000050       0x7c /usr/lib/gcc/msp430/4.6.3/../../../../msp430/lib/mmpy-16/libc.a(strncmp.o)
 .debug_abbrev  0x000000cc       0x9b /usr/lib/gcc/msp430/4.6.3/../../../../msp430/lib/mmpy-16/libc.a(memcmp.o)
 .debug_abbrev  0x00000167       0x97 /usr/lib/gcc/msp430/4.6.3/../../../../msp430/lib/mmpy-16/libc.a(memcpy.o)
 .debug_abbrev  0x000001fe       0x9c /usr/lib/gcc/msp430/4.6.3/../../../../msp430/lib/mmpy-16/libc.a(memset.o)
 .debug_abbrev  0x0000029a       0xd0 /usr/lib/gcc/msp430/4.6.3/../../../../msp430/lib/mmpy-16/libc.a(printf.o)
 .debug_abbrev  0x0000036a      0x1ef /usr/lib/gcc/msp430/4.6.3/../../../../msp430/lib/mmpy-16/libc.a(vuprintf.o)
 .debug_abbrev  0x00000559       0x60 /usr/lib/gcc/msp430/4.6.3/../../../../msp430/lib/mmpy-16/libc.a(puts.o)
 .debug_abbrev  0x000005b9       0xf0 /usr/lib/gcc/msp430/4.6.3/../../../../msp430/lib/mmpy-16/libc.a(rand.o)
 .debug_abbrev  0x000006a9       0x14 /usr/lib/gcc/msp430/4.6.3/mmpy-16/libgcc.a(_udivmod64.o)
 .debug_abbrev  0x000006bd       0x14 /usr/lib/gcc/msp430/4.6.3/mmpy-16/libcrt0.a(__watchdog_support.o)
 .debug_abbrev  0x000006d1       0x14 /usr/lib/gcc/msp430/4.6.3/mmpy-16/libcrt0.a(__init_stack.o)
 .debug_abbrev  0x000006e5       0x14 /usr/lib/gcc/msp430/4.6.3/mmpy-16/libcrt0.a(_copy_data.o)
 .debug_abbrev  0x000006f9       0x14 /usr/lib/gcc/msp430/4.6.3/mmpy-16/libcrt0.a(_clear_bss.o)
 .debug_abbrev  0x0000070d       0x14 /usr/lib/gcc/msp430/4.6.3/mmpy-16/libcrt0.a(_endless_loop__.o)
 .debug_abbrev  0x00000721       0x14 /usr/lib/gcc/msp430/4.6.3/mmpy-16/libcrt0.a(_unexpected_.o)

.debug_line     0x00000000      0xd16
 *(.debug_line)
 .debug_line    0x00000000       0xa3 /usr/lib/gcc/msp430/4.6.3/mmpy-16/libgcc.a(_mulsi3.o)
 .debug_line    0x000000a3       0x9c /usr/lib/gcc/msp430/4.6.3/mmpy-16/libgcc.a(_udivmod16.o)
 .debug_line    0x0000013f       0xa7 /usr/lib/gcc/msp430/4.6.3/mmpy-16/libgcc.a(_divmod16.o)
 .debug_line    0x000001e6       0xab /usr/lib/gcc/msp430/4.6.3/mmpy-16/libgcc.a(_udivmod32.o)
 .debug_line    0x00000291       0x75 /usr/lib/gcc/msp430/4.6.3/../../../../msp430/lib/mmpy-16/libc.a(strncmp.o)
 .debug_line    0x00000306       0x73 /usr/lib/gcc/msp430/4.6.3/../../../../msp430/lib/mmpy-16/libc.a(memcmp.o)
 .debug_line    0x00000379       0xe9 /usr/lib/gcc/msp430/4.6.3/../../../../msp430/lib/mmpy-16/libc.a(memcpy.o)
 .debug_line    0x00000462       0xc8 /usr/lib/gcc/msp430/4.6.3/../../../../msp430/lib/mmpy-16/libc.a(memset.o)
 .debug_line    0x0000052a       0x72 /usr/lib/gcc/msp430/4.6.3/../../../../msp430/lib/mmpy-16/libc.a(printf.o)
 .debug_line    0x0000059c      0x2d2 /usr/lib/gcc/msp430/4.6.3/../../../../msp430/lib/mmpy-16/libc.a(vuprintf.o)
 .debug_line    0x0000086e       0x4d /usr/lib/gcc/msp430/4.6.3/../../../../msp430/lib/mmpy-16/libc.a(puts.o)
 .debug_line    0x000008bb       0x4f /usr/lib/gcc/msp430/4.6.3/../../../../msp430/lib/mmpy-16/libc.a(rand.o)
 .debug_line    0x0000090a       0xf1 /usr/lib/gcc/msp430/4.6.3/mmpy-16/libgcc.a(_udivmod64.o)
 .debug_line    0x000009fb       0x84 /usr/lib/gcc/msp430/4.6.3/mmpy-16/libcrt0.a(__watchdog_support.o)
 .debug_line    0x00000a7f       0x82 /usr/lib/gcc/msp430/4.6.3/mmpy-16/libcrt0.a(__init_stack.o)
 .debug_line    0x00000b01       0x88 /usr/lib/gcc/msp430/4.6.3/mmpy-16/libcrt0.a(_copy_data.o)
 .debug_line    0x00000b89       0x88 /usr/lib/gcc/msp430/4.6.3/mmpy-16/libcrt0.a(_clear_bss.o)
 .debug_line    0x00000c11       0x83 /usr/lib/gcc/msp430/4.6.3/mmpy-16/libcrt0.a(_endless_loop__.o)
 .debug_line    0x00000c94       0x82 /usr/lib/gcc/msp430/4.6.3/mmpy-16/libcrt0.a(_unexpected_.o)

.debug_frame    0x00000000      0x1ec
 *(.debug_frame)
 .debug_frame   0x00000000       0x24 /usr/lib/gcc/msp430/4.6.3/../../../../msp430/lib/mmpy-16/libc.a(strncmp.o)
 .debug_frame   0x00000024       0x24 /usr/lib/gcc/msp430/4.6.3/../../../../msp430/lib/mmpy-16/libc.a(memcmp.o)
 .debug_frame   0x00000048       0x38 /usr/lib/gcc/msp430/4.6.3/../../../../msp430/lib/mmpy-16/libc.a(memcpy.o)
 .debug_frame   0x00000080       0x32 /usr/lib/gcc/msp430/4.6.3/../../../../msp430/lib/mmpy-16/libc.a(memset.o)
 .debug_frame   0x000000b2       0x2a /usr/lib/gcc/msp430/4.6.3/../../../../msp430/lib/mmpy-16/libc.a(printf.o)
 .debug_frame   0x000000dc       0xb0 /usr/lib/gcc/msp430/4.6.3/../../../../msp430/lib/mmpy-16/libc.a(vuprintf.o)
 .debug_frame   0x0000018c       0x24 /usr/lib/gcc/msp430/4.6.3/../../../../msp430/lib/mmpy-16/libc.a(puts.o)
 .debug_frame   0x000001b0       0x3c /usr/lib/gcc/msp430/4.6.3/../../../../msp430/lib/mmpy-16/libc.a(rand.o)

.debug_str      0x00000000      0x3dc
 *(.debug_str)
 .debug_str     0x00000000       0xc4 /usr/lib/gcc/msp430/4.6.3/../../../../msp430/lib/mmpy-16/libc.a(strncmp.o)
                                 0xfd (size before relaxing)
 .debug_str     0x000000c4       0x19 /usr/lib/gcc/msp430/4.6.3/../../../../msp430/lib/mmpy-16/libc.a(memcmp.o)
                                 0xfb (size before relaxing)
 .debug_str     0x000000dd       0x34 /usr/lib/gcc/msp430/4.6.3/../../../../msp430/lib/mmpy-16/libc.a(memcpy.o)
                                0x116 (size before relaxing)
 .debug_str     0x00000111       0x26 /usr/lib/gcc/msp430/4.6.3/../../../../msp430/lib/mmpy-16/libc.a(memset.o)
                                0x114 (size before relaxing)
 .debug_str     0x00000137       0x40 /usr/lib/gcc/msp430/4.6.3/../../../../msp430/lib/mmpy-16/libc.a(printf.o)
                                0x12a (size before relaxing)
 .debug_str     0x00000177      0x221 /usr/lib/gcc/msp430/4.6.3/../../../../msp430/lib/mmpy-16/libc.a(vuprintf.o)
                                0x375 (size before relaxing)
 .debug_str     0x00000398       0x15 /usr/lib/gcc/msp430/4.6.3/../../../../msp430/lib/mmpy-16/libc.a(puts.o)
                                 0xf0 (size before relaxing)
 .debug_str     0x000003ad       0x2f /usr/lib/gcc/msp430/4.6.3/../../../../msp430/lib/mmpy-16/libc.a(rand.o)
                                0x10f (size before relaxing)

.debug_loc      0x00000000      0xaf3
 *(.debug_loc)
 .debug_loc     0x00000000       0x38 /usr/lib/gcc/msp430/4.6.3/../../../../msp430/lib/mmpy-16/libc.a(strncmp.o)
 .debug_loc     0x00000038       0x5e /usr/lib/gcc/msp430/4.6.3/../../../../msp430/lib/mmpy-16/libc.a(memcmp.o)
 .debug_loc     0x00000096      0x1e9 /usr/lib/gcc/msp430/4.6.3/../../../../msp430/lib/mmpy-16/libc.a(memcpy.o)
 .debug_loc     0x0000027f       0xdb /usr/lib/gcc/msp430/4.6.3/../../../../msp430/lib/mmpy-16/libc.a(memset.o)
 .debug_loc     0x0000035a       0x38 /usr/lib/gcc/msp430/4.6.3/../../../../msp430/lib/mmpy-16/libc.a(printf.o)
 .debug_loc     0x00000392      0x70c /usr/lib/gcc/msp430/4.6.3/../../../../msp430/lib/mmpy-16/libc.a(vuprintf.o)
 .debug_loc     0x00000a9e       0x26 /usr/lib/gcc/msp430/4.6.3/../../../../msp430/lib/mmpy-16/libc.a(puts.o)
 .debug_loc     0x00000ac4       0x2f /usr/lib/gcc/msp430/4.6.3/../../../../msp430/lib/mmpy-16/libc.a(rand.o)

.debug_macinfo
 *(.debug_macinfo)

.debug_pubtypes
 *(.debug_pubtypes)

.debug_ranges   0x00000000       0x18
 *(.debug_ranges)
 .debug_ranges  0x00000000       0x18 /usr/lib/gcc/msp430/4.6.3/../../../../msp430/lib/mmpy-16/libc.a(vuprintf.o)
                0x00003900                PROVIDE (__stack, (ORIGIN (ram) + 0x2800))
                0x00009474                PROVIDE (__data_start_rom, _etext)
                0x00009502                PROVIDE (__data_end_rom, (_etext + SIZEOF (.data)))
OUTPUT(hello-world.sky elf32-msp430)
