Archive member included because of file (symbol)

contiki-sky.a(rimeaddr.o)     udp-sender.co (rimeaddr_copy)
contiki-sky.a(csma.o)         obj_sky/contiki-sky-main.o (csma_driver)
contiki-sky.a(contikimac.o)   obj_sky/collect-common.o (contikimac_driver)
contiki-sky.a(phase.o)        contiki-sky.a(contikimac.o) (phase_update)
contiki-sky.a(rpl-dag.o)      udp-sender.co (rpl_get_parent_rank)
contiki-sky.a(rpl-icmp6.o)    contiki-sky.a(rpl-dag.o) (dao_output)
contiki-sky.a(rpl-timers.o)   contiki-sky.a(rpl-dag.o) (rpl_reset_dio_timer)
contiki-sky.a(rpl-mrhof.o)    contiki-sky.a(rpl-dag.o) (rpl_mrhof)
contiki-sky.a(process.o)      udp-sender.co (process_current)
contiki-sky.a(autostart.o)    obj_sky/contiki-sky-main.o (autostart_start)
contiki-sky.a(compower.o)     contiki-sky.a(contikimac.o) (compower_accumulate)
contiki-sky.a(serial-line.o)  obj_sky/collect-common.o (serial_line_event_message)
contiki-sky.a(memb.o)         contiki-sky.a(csma.o) (memb_init)
contiki-sky.a(timer.o)        obj_sky/contiki-sky-main.o (timer_set)
contiki-sky.a(list.o)         contiki-sky.a(csma.o) (list_init)
contiki-sky.a(etimer.o)       obj_sky/contiki-sky-main.o (etimer_process)
contiki-sky.a(ctimer.o)       obj_sky/contiki-sky-main.o (ctimer_init)
contiki-sky.a(energest.o)     obj_sky/contiki-sky-main.o (energest_init)
contiki-sky.a(rtimer.o)       obj_sky/contiki-sky-main.o (rtimer_init)
contiki-sky.a(stimer.o)       contiki-sky.a(rpl-icmp6.o) (stimer_set)
contiki-sky.a(random.o)       obj_sky/contiki-sky-main.o (random_init)
contiki-sky.a(ringbuf.o)      contiki-sky.a(serial-line.o) (ringbuf_init)
contiki-sky.a(nbr-table.o)    contiki-sky.a(phase.o) (nbr_table_register)
contiki-sky.a(packetbuf.o)    contiki-sky.a(contikimac.o) (packetbuf_hdr_remove)
contiki-sky.a(queuebuf.o)     obj_sky/contiki-sky-main.o (queuebuf_init)
contiki-sky.a(sicslowpan.o)   obj_sky/contiki-sky-main.o (sicslowpan_driver)
contiki-sky.a(tcpip.o)        contiki-sky.a(sicslowpan.o) (tcpip_set_outputfunc)
contiki-sky.a(uip-ds6-route.o)
                              contiki-sky.a(rpl-icmp6.o) (uip_ds6_route_nexthop)
contiki-sky.a(uip-ds6-nbr.o)  contiki-sky.a(rpl-icmp6.o) (uip_ds6_nbr_add)
contiki-sky.a(uip-ds6.o)      contiki-sky.a(tcpip.o) (uip_ds6_is_addr_onlink)
contiki-sky.a(uip-icmp6.o)    contiki-sky.a(rpl-icmp6.o) (uip_icmp6_send)
contiki-sky.a(uip-nd6.o)      contiki-sky.a(tcpip.o) (uip_nd6_ns_output)
contiki-sky.a(uip-udp-packet.)
                              udp-sender.co (uip_udp_packet_sendto_by_instance)
contiki-sky.a(uip6.o)         contiki-sky.a(rpl-icmp6.o) (uip_aligned_buf)
contiki-sky.a(collect-view.o)
                              udp-sender.co (collect_view_construct_message)
contiki-sky.a(collect-view-sk)
                              contiki-sky.a(collect-view.o) (collect_view_arch_read_sensors)
contiki-sky.a(contiki-sky-pla)
                              obj_sky/contiki-sky-main.o (init_platform)
contiki-sky.a(sht11-sensor.o)
                              contiki-sky.a(collect-view-sk) (sht11_sensor)
contiki-sky.a(light-sensor.o)
                              contiki-sky.a(collect-view-sk) (light_sensor)
contiki-sky.a(battery-sensor.)
                              contiki-sky.a(collect-view-sk) (battery_sensor)
contiki-sky.a(button-sensor.o)
                              contiki-sky.a(contiki-sky-pla) (button_sensor)
contiki-sky.a(ds2411.o)       obj_sky/contiki-sky-main.o (ds2411_init)
contiki-sky.a(xmem.o)         obj_sky/contiki-sky-main.o (xmem_init)
contiki-sky.a(node-id.o)      obj_sky/contiki-sky-main.o (node_id_restore)
contiki-sky.a(sensors.o)      contiki-sky.a(button-sensor.o) (sensors_changed)
contiki-sky.a(cc2420.o)       obj_sky/contiki-sky-main.o (cc2420_set_pan_addr)
contiki-sky.a(cc2420-arch.o)  contiki-sky.a(cc2420.o) (cc2420_arch_init)
contiki-sky.a(sky-sensors.o)  contiki-sky.a(light-sensor.o) (sky_sensors_status)
contiki-sky.a(uart1.o)        obj_sky/contiki-sky-main.o (uart1_active)
contiki-sky.a(uart1-putchar.o)
                              obj_sky/collect-common.o (putchar)
contiki-sky.a(msp430.o)       contiki-sky.a(uart1.o) (msp430_add_lpm_req)
contiki-sky.a(clock.o)        contiki-sky.a(timer.o) (clock_time)
contiki-sky.a(leds.o)         obj_sky/contiki-sky-main.o (leds_init)
contiki-sky.a(leds-arch.o)    contiki-sky.a(leds.o) (leds_arch_init)
contiki-sky.a(watchdog.o)     obj_sky/contiki-sky-main.o (watchdog_start)
contiki-sky.a(rtimer-arch.o)  contiki-sky.a(rtimer.o) (rtimer_arch_init)
contiki-sky.a(mac.o)          contiki-sky.a(csma.o) (mac_call_sent_callback)
contiki-sky.a(framer-802154.o)
                              contiki-sky.a(contikimac.o) (framer_802154)
contiki-sky.a(rpl.o)          contiki-sky.a(rpl-timers.o) (rpl_purge_routes)
contiki-sky.a(rpl-ext-header.)
                              contiki-sky.a(uip6.o) (rpl_verify_header)
contiki-sky.a(sht11.o)        contiki-sky.a(sht11-sensor.o) (sht11_init)
contiki-sky.a(spi.o)          contiki-sky.a(xmem.o) (spi_init)
[...]
Memory Configuration

Name             Origin             Length             Attributes
sfr              0x00000000         0x00000010
peripheral_8bit  0x00000010         0x000000f0
peripheral_16bit 0x00000100         0x00000100
ram_mirror       0x00000200         0x00000800         xw
infomem          0x00001000         0x00000100
infob            0x00001000         0x00000080
infoa            0x00001080         0x00000080
ram              0x00001100         0x00002800         xw
rom              0x00004000         0x0000bfe0         xr
vectors          0x0000ffe0         0x00000020
bsl              0x00000000         0x00000000
infoc            0x00000000         0x00000000
infod            0x00000000         0x00000000
ram2             0x00000000         0x00000000         xw
usbram           0x00000000         0x00000000         xw
far_rom          0x00000000         0x00000000
*default*        0x00000000         0xffffffff

Linker script and memory map

LOAD /usr/lib/gcc/msp430/4.6.3/mmpy-16/crt0ivtbl16.o
LOAD udp-sender.co
LOAD obj_sky/collect-common.o
LOAD obj_sky/contiki-sky-main.o
LOAD contiki-sky.a
LOAD /usr/lib/gcc/msp430/4.6.3/mmpy-16/libgcc.a
LOAD /usr/lib/gcc/msp430/4.6.3/../../../../msp430/lib/mmpy-16/libc.a
LOAD /usr/lib/gcc/msp430/4.6.3/mmpy-16/libgcc.a
LOAD /usr/lib/gcc/msp430/4.6.3/mmpy-16/libcrt0.a
                0x00000080                PROVIDE (__info_segment_size, 0x80)
                0x00001000                PROVIDE (__infob, 0x1000)
                0x00001080                PROVIDE (__infoa, 0x1080)
                0x00000000                __IE1 = 0x0
                0x00000002                __IFG1 = 0x2
                0x00000004                __ME1 = 0x4
                0x00000001                __IE2 = 0x1
                0x00000003                __IFG2 = 0x3
                0x00000005                __ME2 = 0x5
                0x00000120                __WDTCTL = 0x120
                0x00000130                __MPY = 0x130
                0x00000132                __MPYS = 0x132
                0x00000134                __MAC = 0x134
                0x00000136                __MACS = 0x136
                0x00000138                __OP2 = 0x138
                0x0000013a                __RESLO = 0x13a
                0x0000013c                __RESHI = 0x13c
                0x0000013e                __SUMEXT = 0x13e
                0x00000020                __P1IN = 0x20
                0x00000021                __P1OUT = 0x21
                0x00000022                __P1DIR = 0x22
                0x00000023                __P1IFG = 0x23
                0x00000024                __P1IES = 0x24
                0x00000025                __P1IE = 0x25
                0x00000026                __P1SEL = 0x26
                0x00000028                __P2IN = 0x28
                0x00000029                __P2OUT = 0x29
                0x0000002a                __P2DIR = 0x2a
                0x0000002b                __P2IFG = 0x2b
                0x0000002c                __P2IES = 0x2c
                0x0000002d                __P2IE = 0x2d
                0x0000002e                __P2SEL = 0x2e
                0x00000018                __P3IN = 0x18
                0x00000019                __P3OUT = 0x19
                0x0000001a                __P3DIR = 0x1a
                0x0000001b                __P3SEL = 0x1b
                0x0000001c                __P4IN = 0x1c
                0x0000001d                __P4OUT = 0x1d
                0x0000001e                __P4DIR = 0x1e
                0x0000001f                __P4SEL = 0x1f
                0x00000030                __P5IN = 0x30
                0x00000031                __P5OUT = 0x31
                0x00000032                __P5DIR = 0x32
                0x00000033                __P5SEL = 0x33
                0x00000034                __P6IN = 0x34
                0x00000035                __P6OUT = 0x35
                0x00000036                __P6DIR = 0x36
                0x00000037                __P6SEL = 0x37
                0x00000070                __U0CTL = 0x70
                0x00000071                __U0TCTL = 0x71
                0x00000072                __U0RCTL = 0x72
                0x00000073                __U0MCTL = 0x73
                0x00000074                __U0BR0 = 0x74
                0x00000075                __U0BR1 = 0x75
                0x00000076                __U0RXBUF = 0x76
                0x00000077                __U0TXBUF = 0x77
                0x00000078                __U1CTL = 0x78
                0x00000079                __U1TCTL = 0x79
                0x0000007a                __U1RCTL = 0x7a
                0x0000007b                __U1MCTL = 0x7b
                0x0000007c                __U1BR0 = 0x7c
                0x0000007d                __U1BR1 = 0x7d
                0x0000007e                __U1RXBUF = 0x7e
                0x0000007f                __U1TXBUF = 0x7f
                0x00000050                __I2CIE = 0x50
                0x00000051                __I2CIFG = 0x51
                0x00000052                __I2CNDAT = 0x52
                0x00000071                __I2CTCTL = 0x71
                0x00000072                __I2CDCTL = 0x72
                0x00000073                __I2CPSC = 0x73
                0x00000074                __I2CSCLH = 0x74
                0x00000075                __I2CSCLL = 0x75
                0x00000076                __I2CDRB = 0x76
                0x00000076                __I2CDRW = 0x76
                0x00000118                __I2COA = 0x118
                0x0000011a                __I2CSA = 0x11a
                0x0000011c                __I2CIV = 0x11c
                0x0000012e                __TAIV = 0x12e
                0x00000160                __TACTL = 0x160
                0x00000162                __TACCTL0 = 0x162
                0x00000164                __TACCTL1 = 0x164
                0x00000166                __TACCTL2 = 0x166
                0x00000170                __TAR = 0x170
                0x00000172                __TACCR0 = 0x172
                0x00000174                __TACCR1 = 0x174
                0x00000176                __TACCR2 = 0x176
                0x0000011e                __TBIV = 0x11e
                0x00000180                __TBCTL = 0x180
                0x00000182                __TBCCTL0 = 0x182
                0x00000184                __TBCCTL1 = 0x184
                0x00000186                __TBCCTL2 = 0x186
                0x00000188                __TBCCTL3 = 0x188
                0x0000018a                __TBCCTL4 = 0x18a
                0x0000018c                __TBCCTL5 = 0x18c
                0x0000018e                __TBCCTL6 = 0x18e
                0x00000190                __TBR = 0x190
                0x00000192                __TBCCR0 = 0x192
                0x00000194                __TBCCR1 = 0x194
                0x00000196                __TBCCR2 = 0x196
                0x00000198                __TBCCR3 = 0x198
                0x0000019a                __TBCCR4 = 0x19a
                0x0000019c                __TBCCR5 = 0x19c
                0x0000019e                __TBCCR6 = 0x19e
                0x00000056                __DCOCTL = 0x56
                0x00000057                __BCSCTL1 = 0x57
                0x00000058                __BCSCTL2 = 0x58
                0x00000055                __SVSCTL = 0x55
                0x00000128                __FCTL1 = 0x128
                0x0000012a                __FCTL2 = 0x12a
                0x0000012c                __FCTL3 = 0x12c
                0x00000059                __CACTL1 = 0x59
                0x0000005a                __CACTL2 = 0x5a
                0x0000005b                __CAPD = 0x5b
                0x000001a0                __ADC12CTL0 = 0x1a0
                0x000001a2                __ADC12CTL1 = 0x1a2
                0x000001a4                __ADC12IFG = 0x1a4
                0x000001a6                __ADC12IE = 0x1a6
                0x000001a8                __ADC12IV = 0x1a8
                0x00000140                __ADC12MEM0 = 0x140
                0x00000142                __ADC12MEM1 = 0x142
                0x00000144                __ADC12MEM2 = 0x144
                0x00000146                __ADC12MEM3 = 0x146
                0x00000148                __ADC12MEM4 = 0x148
                0x0000014a                __ADC12MEM5 = 0x14a
                0x0000014c                __ADC12MEM6 = 0x14c
                0x0000014e                __ADC12MEM7 = 0x14e
                0x00000150                __ADC12MEM8 = 0x150
                0x00000152                __ADC12MEM9 = 0x152
                0x00000154                __ADC12MEM10 = 0x154
                0x00000156                __ADC12MEM11 = 0x156
                0x00000158                __ADC12MEM12 = 0x158
                0x0000015a                __ADC12MEM13 = 0x15a
                0x0000015c                __ADC12MEM14 = 0x15c
                0x0000015e                __ADC12MEM15 = 0x15e
                0x00000080                __ADC12MCTL0 = 0x80
                0x00000081                __ADC12MCTL1 = 0x81
                0x00000082                __ADC12MCTL2 = 0x82
                0x00000083                __ADC12MCTL3 = 0x83
                0x00000084                __ADC12MCTL4 = 0x84
                0x00000085                __ADC12MCTL5 = 0x85
                0x00000086                __ADC12MCTL6 = 0x86
                0x00000087                __ADC12MCTL7 = 0x87
                0x00000088                __ADC12MCTL8 = 0x88
                0x00000089                __ADC12MCTL9 = 0x89
                0x0000008a                __ADC12MCTL10 = 0x8a
                0x0000008b                __ADC12MCTL11 = 0x8b
                0x0000008c                __ADC12MCTL12 = 0x8c
                0x0000008d                __ADC12MCTL13 = 0x8d
                0x0000008e                __ADC12MCTL14 = 0x8e
                0x0000008f                __ADC12MCTL15 = 0x8f
                0x000001c0                __DAC12_0CTL = 0x1c0
                0x000001c2                __DAC12_1CTL = 0x1c2
                0x000001c8                __DAC12_0DAT = 0x1c8
                0x000001ca                __DAC12_1DAT = 0x1ca
                0x00000122                __DMACTL0 = 0x122
                0x00000124                __DMACTL1 = 0x124
                0x000001e0                __DMA0CTL = 0x1e0
                0x000001e8                __DMA1CTL = 0x1e8
                0x000001f0                __DMA2CTL = 0x1f0
                0x000001e2                __DMA0SA = 0x1e2
                0x000001e4                __DMA0DA = 0x1e4
                0x000001e6                __DMA0SZ = 0x1e6
                0x000001ea                __DMA1SA = 0x1ea
                0x000001ec                __DMA1DA = 0x1ec
                0x000001ee                __DMA1SZ = 0x1ee
                0x000001f2                __DMA2SA = 0x1f2
                0x000001f4                __DMA2DA = 0x1f4
                0x000001f6                __DMA2SZ = 0x1f6

.hash
 *(.hash)

.dynsym
 *(.dynsym)

.dynstr
 *(.dynstr)

.gnu.version
 *(.gnu.version)

.gnu.version_d
 *(.gnu.version_d)

.gnu.version_r
 *(.gnu.version_r)

.rel.init
 *(.rel.init)

.rela.init
 *(.rela.init)

.rel.fini
 *(.rel.fini)

.rela.fini
 *(.rela.fini)

.rel.text
 *(.rel.text .rel.text.* .rel.gnu.linkonce.t.*)

.rela.text
 *(.rela.text .rela.text.* .rela.gnu.linkonce.t.*)

.rel.rodata
 *(.rel.rodata .rel.rodata.* .rel.gnu.linkonce.r.*)

.rela.rodata
 *(.rela.rodata .rela.rodata.* .rela.gnu.linkonce.r.*)

.rel.data
 *(.rel.data .rel.data.* .rel.gnu.linkonce.d.*)

.rela.data
 *(.rela.data .rela.data.* .rela.gnu.linkonce.d.*)

.rel.bss
 *(.rel.bss .rel.bss.* .rel.gnu.linkonce.b.*)

.rela.bss
 *(.rela.bss .rela.bss.* .rela.gnu.linkonce.b.*)

.rel.ctors
 *(.rel.ctors)

.rela.ctors
 *(.rela.ctors)

.rel.dtors
 *(.rel.dtors)

.rela.dtors
 *(.rela.dtors)

.rel.got
 *(.rel.got)

.rela.got
 *(.rela.got)

.rel.plt
 *(.rel.plt)

.rela.plt
 *(.rela.plt)

.text           0x00004000     0xb7e6
                0x00004000                . = ALIGN (0x2)
 *(.init .init.*)
 *(.init0)
 .init0         0x00004000        0x0 /usr/lib/gcc/msp430/4.6.3/mmpy-16/libcrt0.a(_reset_vector__.o)
                0x00004000                _reset_vector__
 *(.init1)
 .init1         0x00004000        0xc /usr/lib/gcc/msp430/4.6.3/mmpy-16/libcrt0.a(__watchdog_support.o)
                0x00004000                __watchdog_support
 *(.init2)
 .init2         0x0000400c        0x4 /usr/lib/gcc/msp430/4.6.3/mmpy-16/libcrt0.a(__init_stack.o)
                0x0000400c                __init_stack
 *(.init3)
 .init3         0x00004010        0x0 /usr/lib/gcc/msp430/4.6.3/mmpy-16/libcrt0.a(__low_level_init.o)
                0x00004010                __low_level_init
 *(.init4)
 .init4         0x00004010       0x18 /usr/lib/gcc/msp430/4.6.3/mmpy-16/libcrt0.a(_copy_data.o)
                0x00004010                __do_copy_data
 .init4         0x00004028       0x16 /usr/lib/gcc/msp430/4.6.3/mmpy-16/libcrt0.a(_clear_bss.o)
                0x00004028                __do_clear_bss
 *(.init5)
 *(.init6)
 *(.init7)
 *(.init8)
 *(.init9)
 .init9         0x0000403e      0x360 obj_sky/contiki-sky-main.o
                0x0000403e                main
 *(.fini9)
 .fini9         0x0000439e        0x0 /usr/lib/gcc/msp430/4.6.3/mmpy-16/libcrt0.a(__stop_progExec__.o)
                0x0000439e                __stop_progExec__
 *(.fini8)
 *(.fini7)
 *(.fini6)
 *(.fini5)
 *(.fini4)
 *(.fini3)
 *(.fini2)
 *(.fini1)
 *(.fini0)
 .fini0         0x0000439e        0x6 /usr/lib/gcc/msp430/4.6.3/mmpy-16/libcrt0.a(_endless_loop__.o)
                0x0000439e                _endless_loop__
 *(.fini .fini.*)
                0x000043a4                . = ALIGN (0x2)
                0x000043a4                __ctors_start = .
 *(.ctors)
                0x000043a4                __ctors_end = .
                0x000043a4                __dtors_start = .
 *(.dtors)
                0x000043a4                __dtors_end = .
                0x000043a4                . = ALIGN (0x2)
 *(.text .text.* .gnu.linkonce.t.*)
 .text          0x000043a4        0x4 /usr/lib/gcc/msp430/4.6.3/mmpy-16/crt0ivtbl16.o
                0x000043a4                __isr_14
                0x000043a4                __isr_11
                0x000043a4                __isr_2
                0x000043a4                __isr_7
                0x000043a4                __isr_0
                0x000043a4                __isr_8
                0x000043a4                __isr_3
                0x000043a4                __isr_12
                0x000043a4                __isr_13
                0x000043a4                __isr_9
 .text.process_thread_udp_client_process
                0x000043a8      0x1b8 udp-sender.co
 .text.collect_common_set_sink
                0x00004560        0x2 udp-sender.co
                0x00004560                collect_common_set_sink
 .text.collect_common_net_print
                0x00004562        0x2 udp-sender.co
                0x00004562                collect_common_net_print
 .text.collect_common_send
                0x00004564      0x126 udp-sender.co
                0x00004564                collect_common_send
 .text.collect_common_net_init
                0x0000468a        0x2 udp-sender.co
                0x0000468a                collect_common_net_init
 .text.process_thread_collect_common_process
                0x0000468c      0x1d4 obj_sky/collect-common.o
 .text.rimeaddr_copy
                0x00004860        0x8 contiki-sky.a(rimeaddr.o)
                0x00004860                rimeaddr_copy
 .text.rimeaddr_cmp
                0x00004868       0x12 contiki-sky.a(rimeaddr.o)
                0x00004868                rimeaddr_cmp
 .text.rimeaddr_set_node_addr
                0x0000487a        0xc contiki-sky.a(rimeaddr.o)
                0x0000487a                rimeaddr_set_node_addr
 .text.input_packet
                0x00004886        0x6 contiki-sky.a(csma.o)
 .text.on       0x0000488c        0x6 contiki-sky.a(csma.o)
 .text.off      0x00004892        0x6 contiki-sky.a(csma.o)
 .text.channel_check_interval
                0x00004898       0x10 contiki-sky.a(csma.o)
 .text.transmit_packet_list
                0x000048a8       0x24 contiki-sky.a(csma.o)
 .text.send_packet
                0x000048cc      0x164 contiki-sky.a(csma.o)
 .text.init     0x00004a30       0x1a contiki-sky.a(csma.o)
 .text.free_packet
                0x00004a4a       0x9c contiki-sky.a(csma.o)
 .text.packet_sent
                0x00004ae6      0x130 contiki-sky.a(csma.o)
 .text.duty_cycle
                0x00004c16        0x6 contiki-sky.a(contikimac.o)
 .text.init     0x00004c1c       0x2e contiki-sky.a(contikimac.o)
 .text.on       0x00004c4a       0x1a contiki-sky.a(contikimac.o)
 .text.off      0x00004c64       0x22 contiki-sky.a(contikimac.o)
 .text.recv_burst_off
                0x00004c86        0xa contiki-sky.a(contikimac.o)
 .text.turn_off
                0x00004c90       0x20 contiki-sky.a(contikimac.o)
 .text.turn_on  0x00004cb0       0x30 contiki-sky.a(contikimac.o)
 .text.schedule_powercycle_fixed.part.4
                0x00004ce0       0x36 contiki-sky.a(contikimac.o)
 .text.powercycle_turn_radio_off
                0x00004d16       0x30 contiki-sky.a(contikimac.o)
 .text.powercycle
                0x00004d46      0x1da contiki-sky.a(contikimac.o)
 .text.input_packet
                0x00004f20      0x122 contiki-sky.a(contikimac.o)
 .text.send_packet
                0x00005042      0x29c contiki-sky.a(contikimac.o)
 .text.qsend_packet
                0x000052de       0x28 contiki-sky.a(contikimac.o)
 .text.qsend_list
                0x00005306       0x84 contiki-sky.a(contikimac.o)
 .text.send_packet
                0x0000538a       0x44 contiki-sky.a(phase.o)
 .text.phase_update
                0x000053ce       0x90 contiki-sky.a(phase.o)
                0x000053ce                phase_update
 .text.phase_wait
                0x0000545e       0xf6 contiki-sky.a(phase.o)
                0x0000545e                phase_wait
 .text.phase_init
                0x00005554       0x14 contiki-sky.a(phase.o)
                0x00005554                phase_init
 .text.lollipop_greater_than
                0x00005568       0x44 contiki-sky.a(rpl-dag.o)
 .text.acceptable_rank
                0x000055ac       0x50 contiki-sky.a(rpl-dag.o)
 .text.find_parent_any_dag_any_instance
                0x000055fc       0x1a contiki-sky.a(rpl-dag.o)
 .text.find_parent_dag
                0x00005616       0x46 contiki-sky.a(rpl-dag.o)
 .text.rpl_set_preferred_parent
                0x0000565c       0x30 contiki-sky.a(rpl-dag.o)
 .text.set_ip_from_prefix
                0x0000568c       0x38 contiki-sky.a(rpl-dag.o)
 .text.check_prefix
                0x000056c4       0x80 contiki-sky.a(rpl-dag.o)
 .text.rpl_dag_init
                0x00005744       0x20 contiki-sky.a(rpl-dag.o)
                0x00005744                rpl_dag_init
 .text.rpl_get_parent_rank
                0x00005764       0x18 contiki-sky.a(rpl-dag.o)
                0x00005764                rpl_get_parent_rank
 .text.rpl_get_parent_ipaddr
                0x0000577c       0x1e contiki-sky.a(rpl-dag.o)
                0x0000577c                rpl_get_parent_ipaddr
 .text.rpl_set_prefix
                0x0000579a       0x8e contiki-sky.a(rpl-dag.o)
                0x0000579a                rpl_set_prefix
 .text.rpl_set_default_route
                0x00005828       0x5e contiki-sky.a(rpl-dag.o)
                0x00005828                rpl_set_default_route
 .text.rpl_alloc_instance
                0x00005886       0x3c contiki-sky.a(rpl-dag.o)
                0x00005886                rpl_alloc_instance
 .text.rpl_add_parent
                0x000058c2       0x42 contiki-sky.a(rpl-dag.o)
                0x000058c2                rpl_add_parent
 .text.rpl_find_parent
                0x00005904       0x34 contiki-sky.a(rpl-dag.o)
                0x00005904                rpl_find_parent
 .text.rpl_find_parent_any_dag
                0x00005938       0x46 contiki-sky.a(rpl-dag.o)
                0x00005938                rpl_find_parent_any_dag
 .text.rpl_select_parent
                0x0000597e       0x62 contiki-sky.a(rpl-dag.o)
                0x0000597e                rpl_select_parent
 .text.rpl_select_dag
                0x000059e0      0x182 contiki-sky.a(rpl-dag.o)
                0x000059e0                rpl_select_dag
 .text.rpl_nullify_parent
                0x00005b62       0x4e contiki-sky.a(rpl-dag.o)
                0x00005b62                rpl_nullify_parent
 .text.rpl_remove_parent
                0x00005bb0       0x16 contiki-sky.a(rpl-dag.o)
                0x00005bb0                rpl_remove_parent
 .text.remove_parents.constprop.1
                0x00005bc6       0x32 contiki-sky.a(rpl-dag.o)
 .text.rpl_free_dag
                0x00005bf8       0x36 contiki-sky.a(rpl-dag.o)
                0x00005bf8                rpl_free_dag
 .text.rpl_free_instance
                0x00005c2e       0x68 contiki-sky.a(rpl-dag.o)
                0x00005c2e                rpl_free_instance
 .text.rpl_move_parent
                0x00005c96       0x6e contiki-sky.a(rpl-dag.o)
                0x00005c96                rpl_move_parent
 .text.rpl_get_any_dag
                0x00005d04       0x4e contiki-sky.a(rpl-dag.o)
                0x00005d04                rpl_get_any_dag
 .text.rpl_get_instance
                0x00005d52       0x42 contiki-sky.a(rpl-dag.o)
                0x00005d52                rpl_get_instance
 .text.get_dag  0x00005d94       0x38 contiki-sky.a(rpl-dag.o)
 .text.rpl_alloc_dag
                0x00005dcc       0x66 contiki-sky.a(rpl-dag.o)
                0x00005dcc                rpl_alloc_dag
 .text.rpl_repair_root
                0x00005e32       0x50 contiki-sky.a(rpl-dag.o)
                0x00005e32                rpl_repair_root
 .text.rpl_find_of
                0x00005e82       0x10 contiki-sky.a(rpl-dag.o)
                0x00005e82                rpl_find_of
 .text.rpl_join_instance
                0x00005e92      0x144 contiki-sky.a(rpl-dag.o)
                0x00005e92                rpl_join_instance
 .text.rpl_local_repair
                0x00005fd6       0x50 contiki-sky.a(rpl-dag.o)
                0x00005fd6                rpl_local_repair
 .text.rpl_process_parent_event
                0x00006026       0x4e contiki-sky.a(rpl-dag.o)
                0x00006026                rpl_process_parent_event
 .text.recalculate_ranks
                0x00006074       0x42 contiki-sky.a(rpl-dag.o)
                0x00006074                recalculate_ranks
 .text.rpl_recalculate_ranks
                0x000060b6       0x12 contiki-sky.a(rpl-dag.o)
                0x000060b6                rpl_recalculate_ranks
 .text.rpl_add_dag
                0x000060c8      0x10c contiki-sky.a(rpl-dag.o)
                0x000060c8                rpl_add_dag
 .text.rpl_process_dio
                0x000061d4      0x286 contiki-sky.a(rpl-dag.o)
                0x000061d4                rpl_process_dio
 .text.get32    0x0000645a       0x46 contiki-sky.a(rpl-icmp6.o)
 .text.set32    0x000064a0       0x2a contiki-sky.a(rpl-icmp6.o)
 .text.get16    0x000064ca        0xe contiki-sky.a(rpl-icmp6.o)
 .text.set16    0x000064d8       0x10 contiki-sky.a(rpl-icmp6.o)
 .text.dis_output
                0x000064e8       0x58 contiki-sky.a(rpl-icmp6.o)
                0x000064e8                dis_output
 .text.dio_output
                0x00006540      0x26c contiki-sky.a(rpl-icmp6.o)
                0x00006540                dio_output
 .text.dao_output_target
                0x000067ac       0xc6 contiki-sky.a(rpl-icmp6.o)
                0x000067ac                dao_output_target
 .text.dao_output
                0x00006872       0x80 contiki-sky.a(rpl-icmp6.o)
                0x00006872                dao_output
 .text.dao_ack_output
                0x000068f2       0x3a contiki-sky.a(rpl-icmp6.o)
                0x000068f2                dao_ack_output
 .text.uip_rpl_input
                0x0000692c      0x55e contiki-sky.a(rpl-icmp6.o)
                0x0000692c                uip_rpl_input
 .text.new_dio_interval
                0x00006e8a       0x92 contiki-sky.a(rpl-timers.o)
 .text.handle_periodic_timer
                0x00006f1c       0x2e contiki-sky.a(rpl-timers.o)
 .text.handle_dao_timer
                0x00006f4a       0x50 contiki-sky.a(rpl-timers.o)
 .text.handle_dio_timer
                0x00006f9a       0x82 contiki-sky.a(rpl-timers.o)
 .text.rpl_reset_periodic_timer
                0x0000701c       0x60 contiki-sky.a(rpl-timers.o)
                0x0000701c                rpl_reset_periodic_timer
 .text.rpl_reset_dio_timer
                0x0000707c       0x18 contiki-sky.a(rpl-timers.o)
                0x0000707c                rpl_reset_dio_timer
 .text.rpl_schedule_dao
                0x00007094       0x50 contiki-sky.a(rpl-timers.o)
                0x00007094                rpl_schedule_dao
 .text.reset    0x000070e4        0x2 contiki-sky.a(rpl-mrhof.o)
 .text.neighbor_link_callback
                0x000070e6       0x8a contiki-sky.a(rpl-mrhof.o)
 .text.calculate_rank
                0x00007170       0x30 contiki-sky.a(rpl-mrhof.o)
 .text.best_parent
                0x000071a0       0x52 contiki-sky.a(rpl-mrhof.o)
 .text.update_metric_container
                0x000071f2        0x6 contiki-sky.a(rpl-mrhof.o)
 .text.best_dag
                0x000071f8       0x34 contiki-sky.a(rpl-mrhof.o)
 .text.call_process
                0x0000722c       0x4a contiki-sky.a(process.o)
 .text.exit_process
                0x00007276       0x96 contiki-sky.a(process.o)
 .text.do_poll  0x0000730c       0x30 contiki-sky.a(process.o)
 .text.process_alloc_event
                0x0000733c        0xe contiki-sky.a(process.o)
                0x0000733c                process_alloc_event
 .text.process_init
                0x0000734a       0x1c contiki-sky.a(process.o)
                0x0000734a                process_init
 .text.process_run
                0x00007366       0xa2 contiki-sky.a(process.o)
                0x00007366                process_run
 .text.process_nevents
                0x00007408        0xe contiki-sky.a(process.o)
                0x00007408                process_nevents
 .text.process_post
                0x00007416       0x54 contiki-sky.a(process.o)
                0x00007416                process_post
 .text.process_post_synch
                0x0000746a       0x12 contiki-sky.a(process.o)
                0x0000746a                process_post_synch
 .text.process_start
                0x0000747c       0x32 contiki-sky.a(process.o)
                0x0000747c                process_start
 .text.process_poll
                0x000074ae       0x18 contiki-sky.a(process.o)
                0x000074ae                process_poll
 .text.autostart_start
                0x000074c6       0x16 contiki-sky.a(autostart.o)
                0x000074c6                autostart_start
 .text.compower_accumulate
                0x000074dc       0x72 contiki-sky.a(compower.o)
                0x000074dc                compower_accumulate
 .text.compower_clear
                0x0000754e       0x12 contiki-sky.a(compower.o)
                0x0000754e                compower_clear
 .text.compower_attrconv
                0x00007560       0x10 contiki-sky.a(compower.o)
                0x00007560                compower_attrconv
 .text.memb_init
                0x00007570       0x36 contiki-sky.a(memb.o)
                0x00007570                memb_init
 .text.memb_alloc
                0x000075a6       0x3e contiki-sky.a(memb.o)
                0x000075a6                memb_alloc
 .text.memb_free
                0x000075e4       0x3a contiki-sky.a(memb.o)
                0x000075e4                memb_free
 .text.memb_inmemb
                0x0000761e       0x2e contiki-sky.a(memb.o)
                0x0000761e                memb_inmemb
 .text.timer_set
                0x0000764c       0x1c contiki-sky.a(timer.o)
                0x0000764c                timer_set
 .text.timer_reset
                0x00007668        0xe contiki-sky.a(timer.o)
                0x00007668                timer_reset
 .text.timer_restart
                0x00007676       0x14 contiki-sky.a(timer.o)
                0x00007676                timer_restart
 .text.timer_expired
                0x0000768a       0x2a contiki-sky.a(timer.o)
                0x0000768a                timer_expired
 .text.list_init
                0x000076b4        0x6 contiki-sky.a(list.o)
                0x000076b4                list_init
 .text.list_head
                0x000076ba        0x4 contiki-sky.a(list.o)
                0x000076ba                list_head
 .text.list_tail
                0x000076be       0x12 contiki-sky.a(list.o)
                0x000076be                list_tail
 .text.list_remove
                0x000076d0       0x34 contiki-sky.a(list.o)
                0x000076d0                list_remove
 .text.list_push
                0x00007704       0x1a contiki-sky.a(list.o)
                0x00007704                list_push
 .text.list_add
                0x0000771e       0x2a contiki-sky.a(list.o)
                0x0000771e                list_add
 .text.list_length
                0x00007748       0x10 contiki-sky.a(list.o)
                0x00007748                list_length
 .text.list_item_next
                0x00007758        0xc contiki-sky.a(list.o)
                0x00007758                list_item_next
 .text.update_time
                0x00007764       0x78 contiki-sky.a(etimer.o)
 .text.etimer_request_poll
                0x000077dc        0xa contiki-sky.a(etimer.o)
                0x000077dc                etimer_request_poll
 .text.process_thread_etimer_process
                0x000077e6       0xc8 contiki-sky.a(etimer.o)
 .text.add_timer
                0x000078ae       0x40 contiki-sky.a(etimer.o)
 .text.etimer_set
                0x000078ee       0x12 contiki-sky.a(etimer.o)
                0x000078ee                etimer_set
 .text.etimer_reset
                0x00007900       0x12 contiki-sky.a(etimer.o)
                0x00007900                etimer_reset
 .text.etimer_restart
                0x00007912       0x12 contiki-sky.a(etimer.o)
                0x00007912                etimer_restart
 .text.etimer_expired
                0x00007924        0xe contiki-sky.a(etimer.o)
                0x00007924                etimer_expired
 .text.etimer_expiration_time
                0x00007932       0x14 contiki-sky.a(etimer.o)
                0x00007932                etimer_expiration_time
 .text.etimer_pending
                0x00007946        0xc contiki-sky.a(etimer.o)
                0x00007946                etimer_pending
 .text.etimer_next_expiration_time
                0x00007952       0x16 contiki-sky.a(etimer.o)
                0x00007952                etimer_next_expiration_time
 .text.etimer_stop
                0x00007968       0x3c contiki-sky.a(etimer.o)
                0x00007968                etimer_stop
 .text.process_thread_ctimer_process
                0x000079a4       0xa4 contiki-sky.a(ctimer.o)
 .text.ctimer_init
                0x00007a48       0x18 contiki-sky.a(ctimer.o)
                0x00007a48                ctimer_init
 .text.ctimer_set
                0x00007a60       0x5a contiki-sky.a(ctimer.o)
                0x00007a60                ctimer_set
 .text.ctimer_reset
                0x00007aba       0x3a contiki-sky.a(ctimer.o)
                0x00007aba                ctimer_reset
 .text.ctimer_stop
                0x00007af4       0x28 contiki-sky.a(ctimer.o)
                0x00007af4                ctimer_stop
 .text.energest_init
                0x00007b1c       0x28 contiki-sky.a(energest.o)
                0x00007b1c                energest_init
 .text.energest_type_time
                0x00007b44       0x46 contiki-sky.a(energest.o)
                0x00007b44                energest_type_time
 .text.energest_type_set
                0x00007b8a        0xe contiki-sky.a(energest.o)
                0x00007b8a                energest_type_set
 .text.energest_flush
                0x00007b98       0x48 contiki-sky.a(energest.o)
                0x00007b98                energest_flush
 .text.rtimer_init
                0x00007be0        0x6 contiki-sky.a(rtimer.o)
                0x00007be0                rtimer_init
 .text.rtimer_set
                0x00007be6       0x24 contiki-sky.a(rtimer.o)
                0x00007be6                rtimer_set
 .text.rtimer_run_next
                0x00007c0a       0x26 contiki-sky.a(rtimer.o)
                0x00007c0a                rtimer_run_next
 .text.stimer_set
                0x00007c30       0x1c contiki-sky.a(stimer.o)
                0x00007c30                stimer_set
 .text.stimer_expired
                0x00007c4c       0x30 contiki-sky.a(stimer.o)
                0x00007c4c                stimer_expired
 .text.random_init
                0x00007c7c        0x6 contiki-sky.a(random.o)
                0x00007c7c                random_init
 .text.random_rand
                0x00007c82        0x6 contiki-sky.a(random.o)
                0x00007c82                random_rand
 .text.index_from_key
                0x00007c88       0x48 contiki-sky.a(nbr-table.o)
 .text.item_from_key
                0x00007cd0       0x34 contiki-sky.a(nbr-table.o)
 .text.nbr_set_bit
                0x00007d04       0x8e contiki-sky.a(nbr-table.o)
 .text.index_from_lladdr
                0x00007d92       0x42 contiki-sky.a(nbr-table.o)
 .text.nbr_get_bit.constprop.0
                0x00007dd4       0x62 contiki-sky.a(nbr-table.o)
 .text.nbr_table_register
                0x00007e36       0x28 contiki-sky.a(nbr-table.o)
                0x00007e36                nbr_table_register
 .text.nbr_table_next
                0x00007e5e       0x90 contiki-sky.a(nbr-table.o)
                0x00007e5e                nbr_table_next
 .text.nbr_table_head
                0x00007eee       0x36 contiki-sky.a(nbr-table.o)
                0x00007eee                nbr_table_head
 .text.nbr_table_add_lladdr
                0x00007f24      0x144 contiki-sky.a(nbr-table.o)
                0x00007f24                nbr_table_add_lladdr
 .text.nbr_table_get_from_lladdr
                0x00008068       0x48 contiki-sky.a(nbr-table.o)
                0x00008068                nbr_table_get_from_lladdr
 .text.nbr_table_remove
                0x000080b0       0x32 contiki-sky.a(nbr-table.o)
                0x000080b0                nbr_table_remove
 .text.nbr_table_lock
                0x000080e2       0x10 contiki-sky.a(nbr-table.o)
                0x000080e2                nbr_table_lock
 .text.nbr_table_unlock
                0x000080f2       0x10 contiki-sky.a(nbr-table.o)
                0x000080f2                nbr_table_unlock
 .text.nbr_table_get_lladdr
                0x00008102       0x5a contiki-sky.a(nbr-table.o)
                0x00008102                nbr_table_get_lladdr
 .text.packetbuf_copyto_hdr
                0x0000815c       0x1c contiki-sky.a(packetbuf.o)
                0x0000815c                packetbuf_copyto_hdr
 .text.packetbuf_copyto
                0x00008178       0x52 contiki-sky.a(packetbuf.o)
                0x00008178                packetbuf_copyto
 .text.packetbuf_hdr_remove
                0x000081ca        0x6 contiki-sky.a(packetbuf.o)
                0x000081ca                packetbuf_hdr_remove
 .text.packetbuf_hdrreduce
                0x000081d0       0x1a contiki-sky.a(packetbuf.o)
                0x000081d0                packetbuf_hdrreduce
 .text.packetbuf_set_datalen
                0x000081ea        0x6 contiki-sky.a(packetbuf.o)
                0x000081ea                packetbuf_set_datalen
 .text.packetbuf_dataptr
                0x000081f0        0xe contiki-sky.a(packetbuf.o)
                0x000081f0                packetbuf_dataptr
 .text.packetbuf_hdrptr
                0x000081fe        0xa contiki-sky.a(packetbuf.o)
                0x000081fe                packetbuf_hdrptr
 .text.packetbuf_is_reference
                0x00008208        0xe contiki-sky.a(packetbuf.o)
                0x00008208                packetbuf_is_reference
 .text.packetbuf_compact
                0x00008216       0x48 contiki-sky.a(packetbuf.o)
                0x00008216                packetbuf_compact
 .text.packetbuf_reference_ptr
                0x0000825e        0x6 contiki-sky.a(packetbuf.o)
                0x0000825e                packetbuf_reference_ptr
 .text.packetbuf_datalen
                0x00008264        0x6 contiki-sky.a(packetbuf.o)
                0x00008264                packetbuf_datalen
 .text.packetbuf_totlen
                0x0000826a       0x10 contiki-sky.a(packetbuf.o)
                0x0000826a                packetbuf_totlen
 .text.packetbuf_hdralloc
                0x0000827a       0x2e contiki-sky.a(packetbuf.o)
                0x0000827a                packetbuf_hdralloc
 .text.packetbuf_attr_clear
                0x000082a8       0x30 contiki-sky.a(packetbuf.o)
                0x000082a8                packetbuf_attr_clear
 .text.packetbuf_clear
                0x000082d8       0x1a contiki-sky.a(packetbuf.o)
                0x000082d8                packetbuf_clear
 .text.packetbuf_copyfrom
                0x000082f2       0x2e contiki-sky.a(packetbuf.o)
                0x000082f2                packetbuf_copyfrom
 .text.packetbuf_attr_copyto
                0x00008320       0x22 contiki-sky.a(packetbuf.o)
                0x00008320                packetbuf_attr_copyto
 .text.packetbuf_attr_copyfrom
                0x00008342       0x24 contiki-sky.a(packetbuf.o)
                0x00008342                packetbuf_attr_copyfrom
 .text.queuebuf_init
                0x00008366       0x1a contiki-sky.a(queuebuf.o)
                0x00008366                queuebuf_init
 .text.queuebuf_new_from_packetbuf
                0x00008380       0x7e contiki-sky.a(queuebuf.o)
                0x00008380                queuebuf_new_from_packetbuf
 .text.queuebuf_update_attr_from_packetbuf
                0x000083fe       0x12 contiki-sky.a(queuebuf.o)
                0x000083fe                queuebuf_update_attr_from_packetbuf
 .text.queuebuf_free
                0x00008410       0x40 contiki-sky.a(queuebuf.o)
                0x00008410                queuebuf_free
 .text.queuebuf_to_packetbuf
                0x00008450       0x6e contiki-sky.a(queuebuf.o)
                0x00008450                queuebuf_to_packetbuf
 .text.queuebuf_attr
                0x000084be        0xe contiki-sky.a(queuebuf.o)
                0x000084be                queuebuf_attr
 .text.set_packet_attrs
                0x000084cc       0x44 contiki-sky.a(sicslowpan.o)
 .text.addr_context_lookup_by_number
                0x00008510       0x36 contiki-sky.a(sicslowpan.o)
 .text.compress_addr_64
                0x00008546       0xae contiki-sky.a(sicslowpan.o)
 .text.uncompress_addr
                0x000085f4       0xb4 contiki-sky.a(sicslowpan.o)
 .text.input    0x000086a8      0x648 contiki-sky.a(sicslowpan.o)
 .text.sicslowpan_init
                0x00008cf0       0x26 contiki-sky.a(sicslowpan.o)
                0x00008cf0                sicslowpan_init
 .text.addr_context_lookup_by_prefix
                0x00008d16       0x4c contiki-sky.a(sicslowpan.o)
 .text.send_packet
                0x00008d62       0x1a contiki-sky.a(sicslowpan.o)
 .text.output   0x00008d7c      0x70e contiki-sky.a(sicslowpan.o)
 .text.packet_sent
                0x0000948a       0x22 contiki-sky.a(sicslowpan.o)
 .text.start_periodic_tcp_timer
                0x000094ac       0x16 contiki-sky.a(tcpip.o)
 .text.tcpip_output
                0x000094c2       0x10 contiki-sky.a(tcpip.o)
                0x000094c2                tcpip_output
 .text.tcpip_set_outputfunc
                0x000094d2        0x6 contiki-sky.a(tcpip.o)
                0x000094d2                tcpip_set_outputfunc
 .text.udp_new  0x000094d8       0x1a contiki-sky.a(tcpip.o)
                0x000094d8                udp_new
 .text.tcpip_input
                0x000094f2       0x16 contiki-sky.a(tcpip.o)
                0x000094f2                tcpip_input
 .text.tcpip_ipv6_output
                0x00009508      0x190 contiki-sky.a(tcpip.o)
                0x00009508                tcpip_ipv6_output
 .text.process_thread_tcpip_process
                0x00009698      0x1d0 contiki-sky.a(tcpip.o)
 .text.tcpip_uipcall
                0x00009868       0x72 contiki-sky.a(tcpip.o)
                0x00009868                tcpip_uipcall
 .text.call_route_callback
                0x000098da       0x4c contiki-sky.a(uip-ds6-route.o)
 .text.uip_ds6_route_init
                0x00009926       0x2e contiki-sky.a(uip-ds6-route.o)
                0x00009926                uip_ds6_route_init
 .text.uip_ds6_route_nexthop
                0x00009954       0x1a contiki-sky.a(uip-ds6-route.o)
                0x00009954                uip_ds6_route_nexthop
 .text.uip_ds6_route_head
                0x0000996e       0x28 contiki-sky.a(uip-ds6-route.o)
                0x0000996e                uip_ds6_route_head
 .text.uip_ds6_route_next
                0x00009996       0x3a contiki-sky.a(uip-ds6-route.o)
                0x00009996                uip_ds6_route_next
 .text.uip_ds6_route_lookup
                0x000099d0       0x6a contiki-sky.a(uip-ds6-route.o)
                0x000099d0                uip_ds6_route_lookup
 .text.uip_ds6_route_add
                0x00009a3a       0xba contiki-sky.a(uip-ds6-route.o)
                0x00009a3a                uip_ds6_route_add
 .text.uip_ds6_route_rm
                0x00009af4       0x60 contiki-sky.a(uip-ds6-route.o)
                0x00009af4                uip_ds6_route_rm
 .text.rm_routelist
                0x00009b54       0x30 contiki-sky.a(uip-ds6-route.o)
 .text.rm_routelist_callback
                0x00009b84        0x6 contiki-sky.a(uip-ds6-route.o)
 .text.uip_ds6_defrt_lookup_by_instance
                0x00009b8a       0x42 contiki-sky.a(uip-ds6-route.o)
                0x00009b8a                uip_ds6_defrt_lookup_by_instance
 .text.uip_ds6_defrt_add
                0x00009bcc       0x7e contiki-sky.a(uip-ds6-route.o)
                0x00009bcc                uip_ds6_defrt_add
 .text.uip_ds6_defrt_rm
                0x00009c4a       0x48 contiki-sky.a(uip-ds6-route.o)
                0x00009c4a                uip_ds6_defrt_rm
 .text.uip_ds6_defrt_lookup
                0x00009c92       0x36 contiki-sky.a(uip-ds6-route.o)
                0x00009c92                uip_ds6_defrt_lookup
 .text.uip_ds6_defrt_choose
                0x00009cc8       0x46 contiki-sky.a(uip-ds6-route.o)
                0x00009cc8                uip_ds6_defrt_choose
 .text.uip_ds6_defrt_periodic
                0x00009d0e       0x38 contiki-sky.a(uip-ds6-route.o)
                0x00009d0e                uip_ds6_defrt_periodic
 .text.uip_ds6_nbr_rm
                0x00009d46       0x1a contiki-sky.a(uip-ds6-nbr.o)
                0x00009d46                uip_ds6_nbr_rm
 .text.uip_ds6_neighbors_init
                0x00009d60        0xe contiki-sky.a(uip-ds6-nbr.o)
                0x00009d60                uip_ds6_neighbors_init
 .text.uip_ds6_nbr_add
                0x00009d6e       0x60 contiki-sky.a(uip-ds6-nbr.o)
                0x00009d6e                uip_ds6_nbr_add
 .text.uip_ds6_nbr_get_ll
                0x00009dce        0xc contiki-sky.a(uip-ds6-nbr.o)
                0x00009dce                uip_ds6_nbr_get_ll
 .text.uip_ds6_nbr_lookup
                0x00009dda       0x42 contiki-sky.a(uip-ds6-nbr.o)
                0x00009dda                uip_ds6_nbr_lookup
 .text.uip_ds6_nbr_ll_lookup
                0x00009e1c        0xc contiki-sky.a(uip-ds6-nbr.o)
                0x00009e1c                uip_ds6_nbr_ll_lookup
 .text.uip_ds6_nbr_ipaddr_from_lladdr
                0x00009e28        0x6 contiki-sky.a(uip-ds6-nbr.o)
                0x00009e28                uip_ds6_nbr_ipaddr_from_lladdr
 .text.uip_ds6_nbr_lladdr_from_ipaddr
                0x00009e2e       0x12 contiki-sky.a(uip-ds6-nbr.o)
                0x00009e2e                uip_ds6_nbr_lladdr_from_ipaddr
 .text.uip_ds6_link_neighbor_callback
                0x00009e40       0x2a contiki-sky.a(uip-ds6-nbr.o)
                0x00009e40                uip_ds6_link_neighbor_callback
 .text.uip_ds6_neighbor_periodic
                0x00009e6a       0xfc contiki-sky.a(uip-ds6-nbr.o)
                0x00009e6a                uip_ds6_neighbor_periodic
 .text.uip_ds6_list_loop
                0x00009f66       0x86 contiki-sky.a(uip-ds6.o)
                0x00009f66                uip_ds6_list_loop
 .text.uip_ds6_prefix_add
                0x00009fec       0x80 contiki-sky.a(uip-ds6.o)
                0x00009fec                uip_ds6_prefix_add
 .text.uip_ds6_is_addr_onlink
                0x0000a06c       0x54 contiki-sky.a(uip-ds6.o)
                0x0000a06c                uip_ds6_is_addr_onlink
 .text.uip_ds6_addr_lookup
                0x0000a0c0       0x2a contiki-sky.a(uip-ds6.o)
                0x0000a0c0                uip_ds6_addr_lookup
 .text.uip_ds6_get_link_local
                0x0000a0ea       0x3e contiki-sky.a(uip-ds6.o)
                0x0000a0ea                uip_ds6_get_link_local
 .text.uip_ds6_maddr_add
                0x0000a128       0x4c contiki-sky.a(uip-ds6.o)
                0x0000a128                uip_ds6_maddr_add
 .text.uip_ds6_addr_add
                0x0000a174       0xc4 contiki-sky.a(uip-ds6.o)
                0x0000a174                uip_ds6_addr_add
 .text.uip_ds6_maddr_lookup
                0x0000a238       0x2a contiki-sky.a(uip-ds6.o)
                0x0000a238                uip_ds6_maddr_lookup
 .text.uip_ds6_addr_rm
                0x0000a262       0x54 contiki-sky.a(uip-ds6.o)
                0x0000a262                uip_ds6_addr_rm
 .text.uip_ds6_periodic
                0x0000a2b6       0x4a contiki-sky.a(uip-ds6.o)
                0x0000a2b6                uip_ds6_periodic
 .text.uip_ds6_set_addr_iid
                0x0000a300       0x14 contiki-sky.a(uip-ds6.o)
                0x0000a300                uip_ds6_set_addr_iid
 .text.get_match_length
                0x0000a314       0x3e contiki-sky.a(uip-ds6.o)
                0x0000a314                get_match_length
 .text.uip_ds6_select_src
                0x0000a352       0xaa contiki-sky.a(uip-ds6.o)
                0x0000a352                uip_ds6_select_src
 .text.uip_ds6_compute_reachable_time
                0x0000a3fc       0x3e contiki-sky.a(uip-ds6.o)
                0x0000a3fc                uip_ds6_compute_reachable_time
 .text.uip_ds6_init
                0x0000a43a      0x154 contiki-sky.a(uip-ds6.o)
                0x0000a43a                uip_ds6_init
 .text.uip_icmp6_echo_request_input
                0x0000a58e      0x12c contiki-sky.a(uip-icmp6.o)
                0x0000a58e                uip_icmp6_echo_request_input
 .text.uip_icmp6_error_output
                0x0000a6ba      0x17a contiki-sky.a(uip-icmp6.o)
                0x0000a6ba                uip_icmp6_error_output
 .text.uip_icmp6_send
                0x0000a834       0x9c contiki-sky.a(uip-icmp6.o)
                0x0000a834                uip_icmp6_send
 .text.create_llao
                0x0000a8d0       0x2c contiki-sky.a(uip-nd6.o)
 .text.uip_nd6_ns_input
                0x0000a8fc      0x230 contiki-sky.a(uip-nd6.o)
                0x0000a8fc                uip_nd6_ns_input
 .text.uip_nd6_ns_output
                0x0000ab2c      0x158 contiki-sky.a(uip-nd6.o)
                0x0000ab2c                uip_nd6_ns_output
 .text.uip_nd6_na_input
                0x0000ac84      0x1b6 contiki-sky.a(uip-nd6.o)
                0x0000ac84                uip_nd6_na_input
 .text.uip_udp_packet_send
                0x0000ae3a       0x2e contiki-sky.a(uip-udp-packet.)
                0x0000ae3a                uip_udp_packet_send
 .text.uip_udp_packet_sendto_by_instance
                0x0000ae68       0x88 contiki-sky.a(uip-udp-packet.)
                0x0000ae68                uip_udp_packet_sendto_by_instance
 .text.chksum   0x0000aef0       0x32 contiki-sky.a(uip6.o)
 .text.upper_layer_chksum
                0x0000af22       0x56 contiki-sky.a(uip6.o)
 .text.ext_hdr_options_process
                0x0000af78       0xda contiki-sky.a(uip6.o)
 .text.uip_add32
                0x0000b052       0x68 contiki-sky.a(uip6.o)
                0x0000b052                uip_add32
 .text.unlikely.uip_add_rcv_nxt
                0x0000b0ba       0x2e contiki-sky.a(uip6.o)
 .text.uip_icmp6chksum
                0x0000b0e8        0xa contiki-sky.a(uip6.o)
                0x0000b0e8                uip_icmp6chksum
 .text.uip_tcpchksum
                0x0000b0f2        0xa contiki-sky.a(uip6.o)
                0x0000b0f2                uip_tcpchksum
 .text.uip_udpchksum
                0x0000b0fc        0xa contiki-sky.a(uip6.o)
                0x0000b0fc                uip_udpchksum
 .text.uip_init
                0x0000b106       0x72 contiki-sky.a(uip6.o)
                0x0000b106                uip_init
 .text.remove_ext_hdr
                0x0000b178       0x5a contiki-sky.a(uip6.o)
                0x0000b178                remove_ext_hdr
 .text.uip_udp_new
                0x0000b1d2       0xfa contiki-sky.a(uip6.o)
                0x0000b1d2                uip_udp_new
 .text.uip_unlisten
                0x0000b2cc       0x2a contiki-sky.a(uip6.o)
                0x0000b2cc                uip_unlisten
 .text.uip_process
                0x0000b2f6      0xecc contiki-sky.a(uip6.o)
                0x0000b2f6                uip_process
 .text.uip_htonl
                0x0000c1c2       0x2e contiki-sky.a(uip6.o)
                0x0000c1c2                uip_htonl
 .text.collect_view_construct_message
                0x0000c1f0      0x158 contiki-sky.a(collect-view.o)
                0x0000c1f0                collect_view_construct_message
 .text.collect_view_arch_read_sensors
                0x0000c348       0x9c contiki-sky.a(collect-view-sk)
                0x0000c348                collect_view_arch_read_sensors
 .text.init_platform
                0x0000c3e4        0xc contiki-sky.a(contiki-sky-pla)
                0x0000c3e4                init_platform
 .text.status   0x0000c3f0       0x18 contiki-sky.a(sht11-sensor.o)
 .text.configure
                0x0000c408       0x40 contiki-sky.a(sht11-sensor.o)
 .text.value    0x0000c448       0x2e contiki-sky.a(sht11-sensor.o)
 .text.value    0x0000c476       0x1a contiki-sky.a(light-sensor.o)
 .text.status   0x0000c490        0xc contiki-sky.a(light-sensor.o)
 .text.configure
                0x0000c49c       0x10 contiki-sky.a(light-sensor.o)
 .text.value    0x0000c4ac        0x6 contiki-sky.a(battery-sensor.)
 .text.status   0x0000c4b2        0xc contiki-sky.a(battery-sensor.)
 .text.configure
                0x0000c4be       0x12 contiki-sky.a(battery-sensor.)
 .text.status   0x0000c4d0       0x16 contiki-sky.a(button-sensor.o)
 .text.configure
                0x0000c4e6       0x52 contiki-sky.a(button-sensor.o)
 .text.value    0x0000c538       0x22 contiki-sky.a(button-sensor.o)
 .text.irq_p2   0x0000c55a       0x8a contiki-sky.a(button-sensor.o)
                0x0000c55a                irq_p2
                0x0000c55a                __isr_1
 .text.owreadb  0x0000c5e4       0x52 contiki-sky.a(ds2411.o)
 .text.ds2411_init
                0x0000c636      0x122 contiki-sky.a(ds2411.o)
                0x0000c636                ds2411_init
 .text.wait_ready
                0x0000c758       0x50 contiki-sky.a(xmem.o)
 .text.xmem_init
                0x0000c7a8       0x3e contiki-sky.a(xmem.o)
                0x0000c7a8                xmem_init
 .text.xmem_pread
                0x0000c7e6       0xea contiki-sky.a(xmem.o)
                0x0000c7e6                xmem_pread
 .text.node_id_restore
                0x0000c8d0       0x38 contiki-sky.a(node-id.o)
                0x0000c8d0                node_id_restore
 .text.process_thread_sensors_process
                0x0000c908       0xbe contiki-sky.a(sensors.o)
 .text.sensors_changed
                0x0000c9c6       0x2a contiki-sky.a(sensors.o)
                0x0000c9c6                sensors_changed
 .text.strobe   0x0000c9f0       0x20 contiki-sky.a(cc2420.o)
 .text.status   0x0000ca10       0x26 contiki-sky.a(cc2420.o)
 .text.getreg   0x0000ca36       0x54 contiki-sky.a(cc2420.o)
 .text.setreg   0x0000ca8a       0x52 contiki-sky.a(cc2420.o)
 .text.set_txpower
                0x0000cadc       0x26 contiki-sky.a(cc2420.o)
 .text.cc2420_receiving_packet
                0x0000cb02        0xe contiki-sky.a(cc2420.o)
 .text.pending_packet
                0x0000cb10        0x8 contiki-sky.a(cc2420.o)
 .text.on       0x0000cb18       0x40 contiki-sky.a(cc2420.o)
 .text.flushrx  0x0000cb58       0x7a contiki-sky.a(cc2420.o)
 .text.off      0x0000cbd2       0x72 contiki-sky.a(cc2420.o)
 .text.RELEASE_LOCK
                0x0000cc44       0x28 contiki-sky.a(cc2420.o)
 .text.cc2420_prepare
                0x0000cc6c       0x8a contiki-sky.a(cc2420.o)
 .text.getrxdata
                0x0000ccf6       0x56 contiki-sky.a(cc2420.o)
 .text.cc2420_on
                0x0000cd4c       0x22 contiki-sky.a(cc2420.o)
                0x0000cd4c                cc2420_on
 .text.cc2420_off
                0x0000cd6e       0x30 contiki-sky.a(cc2420.o)
                0x0000cd6e                cc2420_off
 .text.cc2420_cca
                0x0000cd9e       0x74 contiki-sky.a(cc2420.o)
 .text.cc2420_read
                0x0000ce12       0xe6 contiki-sky.a(cc2420.o)
 .text.process_thread_cc2420_process
                0x0000cef8       0x50 contiki-sky.a(cc2420.o)
 .text.cc2420_set_channel
                0x0000cf48       0x78 contiki-sky.a(cc2420.o)
                0x0000cf48                cc2420_set_channel
 .text.cc2420_set_pan_addr
                0x0000cfc0      0x14a contiki-sky.a(cc2420.o)
                0x0000cfc0                cc2420_set_pan_addr
 .text.cc2420_interrupt
                0x0000d10a       0x20 contiki-sky.a(cc2420.o)
                0x0000d10a                cc2420_interrupt
 .text.cc2420_get_txpower
                0x0000d12a       0x1e contiki-sky.a(cc2420.o)
                0x0000d12a                cc2420_get_txpower
 .text.cc2420_transmit
                0x0000d148      0x1a0 contiki-sky.a(cc2420.o)
 .text.cc2420_send
                0x0000d2e8       0x12 contiki-sky.a(cc2420.o)
 .text.cc2420_set_cca_threshold
                0x0000d2fa       0x16 contiki-sky.a(cc2420.o)
                0x0000d2fa                cc2420_set_cca_threshold
 .text.cc2420_init
                0x0000d310       0xd8 contiki-sky.a(cc2420.o)
                0x0000d310                cc2420_init
 .text.cc2420_port1_interrupt
                0x0000d3e8       0x62 contiki-sky.a(cc2420-arch.o)
                0x0000d3e8                __isr_4
                0x0000d3e8                cc2420_port1_interrupt
 .text.cc2420_arch_init
                0x0000d44a       0x1a contiki-sky.a(cc2420-arch.o)
                0x0000d44a                cc2420_arch_init
 .text.sky_sensors_status
                0x0000d464       0x42 contiki-sky.a(sky-sensors.o)
                0x0000d464                sky_sensors_status
 .text.sky_sensors_configure
                0x0000d4a6       0xfc contiki-sky.a(sky-sensors.o)
                0x0000d4a6                sky_sensors_configure
 .text.uart1_active
                0x0000d5a2       0x1a contiki-sky.a(uart1.o)
                0x0000d5a2                uart1_active
 .text.uart1_writeb
                0x0000d5bc       0x1a contiki-sky.a(uart1.o)
                0x0000d5bc                uart1_writeb
 .text.uart1_init
                0x0000d5d6       0xf6 contiki-sky.a(uart1.o)
                0x0000d5d6                uart1_init
 .text.putchar  0x0000d6cc       0x10 contiki-sky.a(uart1-putchar.o)
                0x0000d6cc                putchar
 .text.msp430_init_dco
                0x0000d6dc       0x84 contiki-sky.a(msp430.o)
                0x0000d6dc                msp430_init_dco
 .text.msp430_add_lpm_req
                0x0000d760        0xc contiki-sky.a(msp430.o)
                0x0000d760                msp430_add_lpm_req
 .text.msp430_cpu_init
                0x0000d76c       0x2a contiki-sky.a(msp430.o)
                0x0000d76c                msp430_cpu_init
 .text.splhigh_
                0x0000d796        0x8 contiki-sky.a(msp430.o)
                0x0000d796                splhigh_
 .text.msp430_sync_dco
                0x0000d79e       0x68 contiki-sky.a(msp430.o)
                0x0000d79e                msp430_sync_dco
 .text.timera1  0x0000d806       0xfe contiki-sky.a(clock.o)
                0x0000d806                __isr_5
                0x0000d806                timera1
 .text.clock_time
                0x0000d904       0x1a contiki-sky.a(clock.o)
                0x0000d904                clock_time
 .text.clock_init
                0x0000d91e       0x28 contiki-sky.a(clock.o)
                0x0000d91e                clock_init
 .text.clock_delay
                0x0000d946        0xc contiki-sky.a(clock.o)
                0x0000d946                clock_delay
 .text.clock_wait
                0x0000d952       0x34 contiki-sky.a(clock.o)
                0x0000d952                clock_wait
 .text.clock_seconds
                0x0000d986       0x1a contiki-sky.a(clock.o)
                0x0000d986                clock_seconds
 .text.show_leds
                0x0000d9a0      0x100 contiki-sky.a(leds.o)
 .text.leds_init
                0x0000daa0        0xe contiki-sky.a(leds.o)
                0x0000daa0                leds_init
 .text.leds_on  0x0000daae       0x14 contiki-sky.a(leds.o)
                0x0000daae                leds_on
 .text.leds_off
                0x0000dac2       0x14 contiki-sky.a(leds.o)
                0x0000dac2                leds_off
 .text.leds_arch_init
                0x0000dad6        0xe contiki-sky.a(leds-arch.o)
                0x0000dad6                leds_arch_init
 .text.leds_arch_set
                0x0000dae4       0x3a contiki-sky.a(leds-arch.o)
                0x0000dae4                leds_arch_set
 .text.watchdog_interrupt
                0x0000db1e        0x6 contiki-sky.a(watchdog.o)
                0x0000db1e                __isr_10
                0x0000db1e                watchdog_interrupt
 .text.watchdog_start
                0x0000db24       0x14 contiki-sky.a(watchdog.o)
                0x0000db24                watchdog_start
 .text.watchdog_periodic
                0x0000db38       0x12 contiki-sky.a(watchdog.o)
                0x0000db38                watchdog_periodic
 .text.watchdog_stop
                0x0000db4a       0x16 contiki-sky.a(watchdog.o)
                0x0000db4a                watchdog_stop
 .text.watchdog_init
                0x0000db60       0x14 contiki-sky.a(watchdog.o)
                0x0000db60                watchdog_init
 .text.rtimer_arch_init
                0x0000db74        0xe contiki-sky.a(rtimer-arch.o)
                0x0000db74                rtimer_arch_init
 .text.rtimer_arch_now
                0x0000db82        0xe contiki-sky.a(rtimer-arch.o)
                0x0000db82                rtimer_arch_now
 .text.timera0  0x0000db90       0x70 contiki-sky.a(rtimer-arch.o)
                0x0000db90                __isr_6
                0x0000db90                timera0
 .text.rtimer_arch_schedule
                0x0000dc00        0x6 contiki-sky.a(rtimer-arch.o)
                0x0000dc00                rtimer_arch_schedule
 .text.mac_call_sent_callback
                0x0000dc06       0x14 contiki-sky.a(mac.o)
                0x0000dc06                mac_call_sent_callback
 .text.parse    0x0000dc1a       0xaa contiki-sky.a(framer-802154.o)
 .text.create   0x0000dcc4      0x10e contiki-sky.a(framer-802154.o)
 .text.rpl_purge_routes
                0x0000ddd2       0x9a contiki-sky.a(rpl.o)
                0x0000ddd2                rpl_purge_routes
 .text.rpl_remove_routes
                0x0000de6c       0x22 contiki-sky.a(rpl.o)
                0x0000de6c                rpl_remove_routes
 .text.rpl_remove_routes_by_nexthop
                0x0000de8e       0x46 contiki-sky.a(rpl.o)
                0x0000de8e                rpl_remove_routes_by_nexthop
 .text.rpl_add_route
                0x0000ded4       0x50 contiki-sky.a(rpl.o)
                0x0000ded4                rpl_add_route
 .text.rpl_link_neighbor_callback
                0x0000df24       0x7a contiki-sky.a(rpl.o)
                0x0000df24                rpl_link_neighbor_callback
 .text.rpl_ipv6_neighbor_callback
                0x0000df9e       0x34 contiki-sky.a(rpl.o)
                0x0000df9e                rpl_ipv6_neighbor_callback
 .text.rpl_init
                0x0000dfd2       0x44 contiki-sky.a(rpl.o)
                0x0000dfd2                rpl_init
 .text.rpl_verify_header
                0x0000e016       0xc0 contiki-sky.a(rpl-ext-header.)
                0x0000e016                rpl_verify_header
 .text.rpl_update_header_empty
                0x0000e0d6       0xfa contiki-sky.a(rpl-ext-header.)
                0x0000e0d6                rpl_update_header_empty
 .text.rpl_update_header_final
                0x0000e1d0       0x90 contiki-sky.a(rpl-ext-header.)
                0x0000e1d0                rpl_update_header_final
 .text.rpl_invert_header
                0x0000e260       0x4c contiki-sky.a(rpl-ext-header.)
                0x0000e260                rpl_invert_header
 .text.rpl_insert_header
                0x0000e2ac       0x1c contiki-sky.a(rpl-ext-header.)
                0x0000e2ac                rpl_insert_header
 .text.crc8_add
                0x0000e2c8       0x1c contiki-sky.a(sht11.o)
 .text.sstart   0x0000e2e4       0x3e contiki-sky.a(sht11.o)
 .text.swrite   0x0000e322       0x52 contiki-sky.a(sht11.o)
 .text.sread    0x0000e374       0x4e contiki-sky.a(sht11.o)
 .text.sreset   0x0000e3c2       0x2a contiki-sky.a(sht11.o)
 .text.scmd.part.0
                0x0000e3ec       0xb0 contiki-sky.a(sht11.o)
 .text.sht11_init
                0x0000e49c       0x1a contiki-sky.a(sht11.o)
                0x0000e49c                sht11_init
 .text.sht11_off
                0x0000e4b6       0x14 contiki-sky.a(sht11.o)
                0x0000e4b6                sht11_off
 .text.sht11_temp
                0x0000e4ca        0xa contiki-sky.a(sht11.o)
                0x0000e4ca                sht11_temp
 .text.sht11_humidity
                0x0000e4d4        0xa contiki-sky.a(sht11.o)
                0x0000e4d4                sht11_humidity
 .text.sht11_sreg
                0x0000e4de       0x7a contiki-sky.a(sht11.o)
                0x0000e4de                sht11_sreg
 .text.spi_init
                0x0000e558       0x32 contiki-sky.a(spi.o)
                0x0000e558                spi_init
 .text.field_len
                0x0000e58a       0x98 contiki-sky.a(frame802154.o)
 .text.frame802154_hdrlen
                0x0000e622       0x2e contiki-sky.a(frame802154.o)
                0x0000e622                frame802154_hdrlen
 .text.frame802154_create
                0x0000e650      0x172 contiki-sky.a(frame802154.o)
                0x0000e650                frame802154_create
 .text.frame802154_parse
                0x0000e7c2      0x1e8 contiki-sky.a(frame802154.o)
                0x0000e7c2                frame802154_parse
 .text.libgcc   0x0000e9aa       0x2c /usr/lib/gcc/msp430/4.6.3/mmpy-16/libgcc.a(_mulsi3.o)
                0x0000e9aa                __mulsi3
 .text.libgcc   0x0000e9d6       0x22 /usr/lib/gcc/msp430/4.6.3/mmpy-16/libgcc.a(_udivmod16.o)
                0x0000e9d6                __udivhi3
                0x0000e9d6                __ext_udivmod16
                0x0000e9f0                __umodhi3
 .text.libgcc   0x0000e9f8       0x3a /usr/lib/gcc/msp430/4.6.3/mmpy-16/libgcc.a(_divmod16.o)
                0x0000e9f8                __ext_divmod16
                0x0000e9f8                __divhi3
                0x0000ea2a                __modhi3
 .text.libgcc   0x0000ea32       0x40 /usr/lib/gcc/msp430/4.6.3/mmpy-16/libgcc.a(_udivmod32.o)
                0x0000ea32                __udivsi3
                0x0000ea32                __ext_udivmod32
                0x0000ea68                __umodsi3
 .text.libgcc   0x0000ea72       0x4c /usr/lib/gcc/msp430/4.6.3/mmpy-16/libgcc.a(_divmod32.o)
                0x0000ea72                __ext_divmod32
                0x0000ea72                __divsi3
                0x0000eab4                __modsi3
 .text          0x0000eabe       0x28 /usr/lib/gcc/msp430/4.6.3/../../../../msp430/lib/mmpy-16/libc.a(strncmp.o)
                0x0000eabe                strncmp
 .text          0x0000eae6       0x20 /usr/lib/gcc/msp430/4.6.3/../../../../msp430/lib/mmpy-16/libc.a(memcmp.o)
                0x0000eae6                memcmp
 .text          0x0000eb06       0xfa /usr/lib/gcc/msp430/4.6.3/../../../../msp430/lib/mmpy-16/libc.a(memcpy.o)
                0x0000eb06                memcpy
 .text          0x0000ec00       0xfa /usr/lib/gcc/msp430/4.6.3/../../../../msp430/lib/mmpy-16/libc.a(memmove.o)
                0x0000ec00                memmove
 .text          0x0000ecfa       0x6a /usr/lib/gcc/msp430/4.6.3/../../../../msp430/lib/mmpy-16/libc.a(memset.o)
                0x0000ecfa                memset
 .text          0x0000ed64       0x1e /usr/lib/gcc/msp430/4.6.3/../../../../msp430/lib/mmpy-16/libc.a(printf.o)
                0x0000ed64                printf
                0x0000ed74                vprintf
 .text          0x0000ed82       0xbc /usr/lib/gcc/msp430/4.6.3/../../../../msp430/lib/mmpy-16/libc.a(sprintf.o)
                0x0000ede0                sprintf
                0x0000edfc                snprintf
                0x0000ee16                vsprintf
                0x0000ee2c                vsnprintf
 .text          0x0000ee3e      0x836 /usr/lib/gcc/msp430/4.6.3/../../../../msp430/lib/mmpy-16/libc.a(vuprintf.o)
                0x0000efd6                vuprintf
 .text          0x0000f674       0x2c /usr/lib/gcc/msp430/4.6.3/../../../../msp430/lib/mmpy-16/libc.a(puts.o)
                0x0000f674                puts
 .text          0x0000f6a0       0x54 /usr/lib/gcc/msp430/4.6.3/../../../../msp430/lib/mmpy-16/libc.a(rand.o)
                0x0000f6a0                rand_r
                0x0000f6c4                rand
                0x0000f6ea                srand
 .text.libgcc   0x0000f6f4       0xf0 /usr/lib/gcc/msp430/4.6.3/mmpy-16/libgcc.a(_udivmod64.o)
                0x0000f6f4                __xabi_udivmod64
                0x0000f752                __udivdi3
                0x0000f778                __umoddi3
                0x0000f7a6                __udivmoddi4
 .text.crt0     0x0000f7e4        0x2 /usr/lib/gcc/msp430/4.6.3/mmpy-16/libcrt0.a(_unexpected_.o)
                0x0000f7e4                _unexpected_
                0x0000f7e6                . = ALIGN (0x2)

.rodata         0x0000f7e6      0x392
                0x0000f7e6                . = ALIGN (0x2)
 *(.rodata .rodata.* .gnu.linkonce.r.*)
 .rodata        0x0000f7e6       0x50 udp-sender.co
                0x0000f81c                autostart_processes
 .rodata        0x0000f836       0xce obj_sky/collect-common.o
 .rodata        0x0000f904      0x11d obj_sky/contiki-sky-main.o
 *fill*         0x0000fa21        0x1 00
 .rodata        0x0000fa22        0x8 contiki-sky.a(rimeaddr.o)
                0x0000fa22                rimeaddr_null
 .rodata        0x0000fa2a       0x14 contiki-sky.a(csma.o)
                0x0000fa30                csma_driver
 .rodata        0x0000fa3e       0x1c contiki-sky.a(contikimac.o)
                0x0000fa4a                contikimac_driver
 .rodata        0x0000fa5a        0xf contiki-sky.a(rpl-dag.o)
 .rodata        0x0000fa69       0x1b contiki-sky.a(rpl-icmp6.o)
 .rodata        0x0000fa84        0xc contiki-sky.a(etimer.o)
 .rodata        0x0000fa90        0xf contiki-sky.a(ctimer.o)
 *fill*         0x0000fa9f        0x1 00
 .rodata        0x0000faa0       0x24 contiki-sky.a(sicslowpan.o)
                0x0000faac                sicslowpan_driver
                0x0000fab2                llprefix
                0x0000fab4                unc_mxconf
                0x0000fab8                unc_ctxconf
                0x0000fabc                unc_llconf
 .rodata        0x0000fac4       0x20 contiki-sky.a(tcpip.o)
 .rodata        0x0000fae4       0x20 contiki-sky.a(uip6.o)
 .rodata        0x0000fb04        0xe contiki-sky.a(sht11-sensor.o)
                0x0000fb0a                sht11_sensor
 .rodata        0x0000fb12        0xe contiki-sky.a(light-sensor.o)
                0x0000fb18                light_sensor
 .rodata        0x0000fb20       0x10 contiki-sky.a(battery-sensor.)
                0x0000fb28                battery_sensor
 .rodata        0x0000fb30       0x10 contiki-sky.a(button-sensor.o)
                0x0000fb38                button_sensor
 .rodata        0x0000fb40        0x8 contiki-sky.a(sensors.o)
 .rodata        0x0000fb48       0x22 contiki-sky.a(cc2420.o)
                0x0000fb48                cc2420_driver
 .rodata        0x0000fb6a        0x4 contiki-sky.a(framer-802154.o)
                0x0000fb6a                framer_802154
 .rodata        0x0000fb6e        0x2 contiki-sky.a(frame802154.o)
 .rodata        0x0000fb70        0x7 /usr/lib/gcc/msp430/4.6.3/../../../../msp430/lib/mmpy-16/libc.a(vuprintf.o)
                0x0000fb78                . = ALIGN (0x2)
 *fill*         0x0000fb77        0x1 00
                0x0000fb78                _etext = .

.data           0x00001100       0xde load address 0x0000fb78
                0x00001100                . = ALIGN (0x2)
                0x00001100                PROVIDE (__data_start, .)
 *(.data .data.* .gnu.linkonce.d.*)
 .data          0x00001100        0xa udp-sender.co
                0x00001100                udp_client_process
 .data          0x0000110a        0xc obj_sky/collect-common.o
                0x0000110a                collect_common_process
 .data          0x00001116       0x18 contiki-sky.a(csma.o)
 .data          0x0000112e       0x10 contiki-sky.a(phase.o)
 .data          0x0000113e       0x10 contiki-sky.a(rpl-dag.o)
 .data          0x0000114e        0x1 contiki-sky.a(rpl-icmp6.o)
 *fill*         0x0000114f        0x1 00
 .data          0x00001150        0xe contiki-sky.a(rpl-mrhof.o)
                0x00001150                rpl_mrhof
 .data          0x0000115e        0xa contiki-sky.a(etimer.o)
                0x0000115e                etimer_process
 .data          0x00001168        0xa contiki-sky.a(ctimer.o)
                0x00001168                ctimer_process
 .data          0x00001172        0x8 contiki-sky.a(nbr-table.o)
 .data          0x0000117a       0x18 contiki-sky.a(queuebuf.o)
 .data          0x00001192        0xa contiki-sky.a(tcpip.o)
                0x00001192                tcpip_process
 .data          0x0000119c       0x18 contiki-sky.a(uip-ds6-route.o)
 .data          0x000011b4        0xa contiki-sky.a(uip-ds6-nbr.o)
                0x000011b4                ds6_neighbors
 .data          0x000011be        0x4 contiki-sky.a(contiki-sky-pla)
                0x000011be                sensors
 .data          0x000011c2        0x1 contiki-sky.a(sht11-sensor.o)
 *fill*         0x000011c3        0x1 00
 .data          0x000011c4        0xa contiki-sky.a(sensors.o)
                0x000011c4                sensors_process
 .data          0x000011ce        0xa contiki-sky.a(cc2420.o)
                0x000011ce                cc2420_process
 .data          0x000011d8        0x2 contiki-sky.a(msp430.o)
 .data          0x000011da        0x4 /usr/lib/gcc/msp430/4.6.3/../../../../msp430/lib/mmpy-16/libc.a(rand.o)
                0x000011de                . = ALIGN (0x2)
                0x000011de                _edata = .
                0x0000fb78                PROVIDE (__data_load_start, LOADADDR (.data))
                0x000000de                PROVIDE (__data_size, SIZEOF (.data))

.bss            0x000011de     0x1c2e load address 0x0000fc56
                0x000011de                PROVIDE (__bss_start, .)
 *(.bss .bss.*)
 .bss           0x000011de       0x2e udp-sender.co
 .bss           0x0000120c       0x10 obj_sky/collect-common.o
 .bss           0x0000121c        0xc obj_sky/contiki-sky-main.o
 .bss           0x00001228       0xc2 contiki-sky.a(csma.o)
 .bss           0x000012ea       0xd4 contiki-sky.a(contikimac.o)
 .bss           0x000013be      0x1d8 contiki-sky.a(phase.o)
 .bss           0x00001596      0x1e0 contiki-sky.a(rpl-dag.o)
 .bss           0x00001776       0x18 contiki-sky.a(rpl-timers.o)
 .bss           0x0000178e       0x42 contiki-sky.a(process.o)
                0x0000178e                process_current
                0x00001790                process_list
 .bss           0x000017d0        0x8 contiki-sky.a(compower.o)
 .bss           0x000017d8        0x6 contiki-sky.a(etimer.o)
 .bss           0x000017de        0x4 contiki-sky.a(ctimer.o)
 .bss           0x000017e2        0x2 contiki-sky.a(rtimer.o)
 .bss           0x000017e4      0x118 contiki-sky.a(nbr-table.o)
 .bss           0x000018fc       0xba contiki-sky.a(packetbuf.o)
 .bss           0x000019b6      0x71e contiki-sky.a(queuebuf.o)
 .bss           0x000020d4      0x122 contiki-sky.a(sicslowpan.o)
 .bss           0x000021f6       0x36 contiki-sky.a(tcpip.o)
 .bss           0x0000222c      0x19c contiki-sky.a(uip-ds6-route.o)
 .bss           0x000023c8      0x2d0 contiki-sky.a(uip-ds6-nbr.o)
 .bss           0x00002698       0x18 contiki-sky.a(uip-ds6.o)
 .bss           0x000026b0       0x10 contiki-sky.a(uip-icmp6.o)
 .bss           0x000026c0        0xa contiki-sky.a(uip-nd6.o)
 .bss           0x000026ca       0x12 contiki-sky.a(uip6.o)
                0x000026ca                uip_ext_opt_offset
                0x000026cc                uip_ext_len
                0x000026ce                uip_ext_bitmap
 .bss           0x000026dc       0x10 contiki-sky.a(collect-view.o)
 .bss           0x000026ec        0x8 contiki-sky.a(button-sensor.o)
 .bss           0x000026f4        0x2 contiki-sky.a(node-id.o)
                0x000026f4                node_id
 .bss           0x000026f6        0x6 contiki-sky.a(sensors.o)
 .bss           0x000026fc        0xa contiki-sky.a(cc2420.o)
 .bss           0x00002706        0x4 contiki-sky.a(sky-sensors.o)
 .bss           0x0000270a       0x9a contiki-sky.a(uart1.o)
 .bss           0x000027a4        0xa contiki-sky.a(clock.o)
 .bss           0x000027ae        0x2 contiki-sky.a(leds.o)
 .bss           0x000027b0        0x2 contiki-sky.a(watchdog.o)
 .bss           0x000027b2        0x2 contiki-sky.a(framer-802154.o)
 .bss           0x000027b4        0x4 /usr/lib/gcc/msp430/4.6.3/../../../../msp430/lib/mmpy-16/libc.a(sprintf.o)
 *(COMMON)
 COMMON         0x000027b8        0x8 contiki-sky.a(rimeaddr.o)
                0x000027b8                rimeaddr_node_addr
 COMMON         0x000027c0      0x10e contiki-sky.a(rpl-dag.o)
                0x000027c0                second_instance
                0x000027c2                default_instance
                0x000027c4                rpl_parents
                0x000027c6                instance_table
 COMMON         0x000028ce        0x1 contiki-sky.a(process.o)
                0x000028ce                process_maxevents
 *fill*         0x000028cf        0x1 00
 COMMON         0x000028d0        0x8 contiki-sky.a(compower.o)
                0x000028d0                compower_idle_activity
 COMMON         0x000028d8        0x1 contiki-sky.a(serial-line.o)
                0x000028d8                serial_line_event_message
 *fill*         0x000028d9        0x1 00
 COMMON         0x000028da       0x56 contiki-sky.a(energest.o)
                0x000028da                energest_total_time
                0x0000290a                energest_total_count
                0x0000290c                energest_current_mode
                0x00002918                energest_current_time
 COMMON         0x00002930       0x50 contiki-sky.a(packetbuf.o)
                0x00002930                packetbuf_addrs
                0x00002950                packetbuf_attrs
 COMMON         0x00002980        0x8 contiki-sky.a(sicslowpan.o)
                0x00002980                frag_sender
 COMMON         0x00002988        0x1 contiki-sky.a(tcpip.o)
                0x00002988                tcpip_event
 *fill*         0x00002989        0x1 00
 COMMON         0x0000298a      0x15c contiki-sky.a(uip-ds6.o)
                0x0000298a                uip_ds6_timer_ra
                0x00002992                uip_ds6_if
                0x00002a7e                uip_ds6_netif_addr_list_offset
                0x00002a7f                uip_ds6_addr_size
                0x00002a80                uip_ds6_prefix_list
                0x00002ada                uip_ds6_timer_periodic
 COMMON         0x00002ae6      0x304 contiki-sky.a(uip6.o)
                0x00002ae6                uip_len
                0x00002ae8                uip_sappdata
                0x00002aea                uip_acc32
                0x00002aee                uip_lladdr
                0x00002af6                uip_aligned_buf
                0x00002be6                uip_flags
                0x00002be8                uip_next_hdr
                0x00002bea                uip_udp_conn
                0x00002bec                uip_appdata
                0x00002bee                uip_conn
                0x00002bf0                uip_conns
                0x00002ca0                uip_listenports
                0x00002cb0                uip_slen
                0x00002cb2                uip_udp_conns
 COMMON         0x00002dea        0x2 contiki-sky.a(contiki-sky-pla)
                0x00002dea                sensors_flags
 COMMON         0x00002dec        0x8 contiki-sky.a(ds2411.o)
                0x00002dec                ds2411_id
 COMMON         0x00002df4        0x1 contiki-sky.a(sensors.o)
                0x00002df4                sensors_event
 *fill*         0x00002df5        0x1 00
 COMMON         0x00002df6       0x14 contiki-sky.a(cc2420.o)
                0x00002df6                cc2420_last_rssi
                0x00002df8                cc2420_packets_read
                0x00002dfa                cc2420_packets_seen
                0x00002dfc                cc2420_sfd_start_time
                0x00002dfe                cc2420_time_of_departure
                0x00002e00                cc2420_time_of_arrival
                0x00002e02                cc2420_last_correlation
                0x00002e04                cc2420_authority_level_of_sender
                0x00002e06                cc2420_sfd_counter
                0x00002e08                cc2420_sfd_end_time
 COMMON         0x00002e0a        0x2 contiki-sky.a(msp430.o)
                0x00002e0a                msp430_dco_required
                0x00002e0c                . = ALIGN (0x2)
                0x00002e0c                PROVIDE (__bss_end, .)
                0x00001c2e                PROVIDE (__bss_size, SIZEOF (.bss))

.noinit         0x00002e0c        0x2 load address 0x0000fc56
                0x00002e0c                PROVIDE (__noinit_start, .)
 *(.noinit .noinit.*)
 .noinit.crt0   0x00002e0c        0x2 /usr/lib/gcc/msp430/4.6.3/mmpy-16/libcrt0.a(__watchdog_support.o)
                0x00002e0c                __wdt_clear_value
                0x00002e0e                . = ALIGN (0x2)
                0x00002e0e                PROVIDE (__noinit_end, .)
                0x00002e0e                . = ALIGN (0x2)
                0x00002e0e                _end = .

.infomem        0x00001000        0x0
 *(.infomem)
                0x00001000                . = ALIGN (0x2)
 *(.infomem.*)

.infomemnobits  0x00001000        0x0
 *(.infomemnobits)
                0x00001000                . = ALIGN (0x2)
 *(.infomemnobits.*)

.infoa
 *(.infoa .infoa.*)

.infob
 *(.infob .infob.*)

.infoc
 *(.infoc .infoc.*)

.infod
 *(.infod .infod.*)

.vectors        0x0000ffe0       0x20
                0x0000ffe0                PROVIDE (__vectors_start, .)
 *(.vectors*)
 .vectors       0x0000ffe0       0x20 /usr/lib/gcc/msp430/4.6.3/mmpy-16/crt0ivtbl16.o
                0x0000ffe0                __ivtbl_16
                0x00010000                _vectors_end = .

.fartext        0x00000000        0x0
                0x00000000                . = ALIGN (0x2)
 *(.fartext)
                0x00000000                . = ALIGN (0x2)
 *(.fartext.*)
                0x00000000                _efartext = .

.profiler
 *(.profiler)

.stab
 *(.stab)

.stabstr
 *(.stabstr)

.stab.excl
 *(.stab.excl)

.stab.exclstr
 *(.stab.exclstr)

.stab.index
 *(.stab.index)

.stab.indexstr
 *(.stab.indexstr)

.comment
 *(.comment)

.debug
 *(.debug)

.line
 *(.line)

.debug_srcinfo
 *(.debug_srcinfo)

.debug_sfnames
 *(.debug_sfnames)

.debug_aranges  0x00000000      0x1b8
 *(.debug_aranges)
 .debug_aranges
                0x00000000       0x14 /usr/lib/gcc/msp430/4.6.3/mmpy-16/libgcc.a(_mulsi3.o)
 .debug_aranges
                0x00000014       0x14 /usr/lib/gcc/msp430/4.6.3/mmpy-16/libgcc.a(_udivmod16.o)
 .debug_aranges
                0x00000028       0x14 /usr/lib/gcc/msp430/4.6.3/mmpy-16/libgcc.a(_divmod16.o)
 .debug_aranges
                0x0000003c       0x14 /usr/lib/gcc/msp430/4.6.3/mmpy-16/libgcc.a(_udivmod32.o)
 .debug_aranges
                0x00000050       0x14 /usr/lib/gcc/msp430/4.6.3/mmpy-16/libgcc.a(_divmod32.o)
 .debug_aranges
                0x00000064       0x14 /usr/lib/gcc/msp430/4.6.3/../../../../msp430/lib/mmpy-16/libc.a(strncmp.o)
 .debug_aranges
                0x00000078       0x14 /usr/lib/gcc/msp430/4.6.3/../../../../msp430/lib/mmpy-16/libc.a(memcmp.o)
 .debug_aranges
                0x0000008c       0x14 /usr/lib/gcc/msp430/4.6.3/../../../../msp430/lib/mmpy-16/libc.a(memcpy.o)
 .debug_aranges
                0x000000a0       0x14 /usr/lib/gcc/msp430/4.6.3/../../../../msp430/lib/mmpy-16/libc.a(memmove.o)
 .debug_aranges
                0x000000b4       0x14 /usr/lib/gcc/msp430/4.6.3/../../../../msp430/lib/mmpy-16/libc.a(memset.o)
 .debug_aranges
                0x000000c8       0x14 /usr/lib/gcc/msp430/4.6.3/../../../../msp430/lib/mmpy-16/libc.a(printf.o)
 .debug_aranges
                0x000000dc       0x14 /usr/lib/gcc/msp430/4.6.3/../../../../msp430/lib/mmpy-16/libc.a(sprintf.o)
 .debug_aranges
                0x000000f0       0x14 /usr/lib/gcc/msp430/4.6.3/../../../../msp430/lib/mmpy-16/libc.a(vuprintf.o)
 .debug_aranges
                0x00000104       0x14 /usr/lib/gcc/msp430/4.6.3/../../../../msp430/lib/mmpy-16/libc.a(puts.o)
 .debug_aranges
                0x00000118       0x14 /usr/lib/gcc/msp430/4.6.3/../../../../msp430/lib/mmpy-16/libc.a(rand.o)
 .debug_aranges
                0x0000012c       0x14 /usr/lib/gcc/msp430/4.6.3/mmpy-16/libgcc.a(_udivmod64.o)
 .debug_aranges
                0x00000140       0x14 /usr/lib/gcc/msp430/4.6.3/mmpy-16/libcrt0.a(__watchdog_support.o)
 .debug_aranges
                0x00000154       0x14 /usr/lib/gcc/msp430/4.6.3/mmpy-16/libcrt0.a(__init_stack.o)
 .debug_aranges
                0x00000168       0x14 /usr/lib/gcc/msp430/4.6.3/mmpy-16/libcrt0.a(_copy_data.o)
 .debug_aranges
                0x0000017c       0x14 /usr/lib/gcc/msp430/4.6.3/mmpy-16/libcrt0.a(_clear_bss.o)
 .debug_aranges
                0x00000190       0x14 /usr/lib/gcc/msp430/4.6.3/mmpy-16/libcrt0.a(_endless_loop__.o)
 .debug_aranges
                0x000001a4       0x14 /usr/lib/gcc/msp430/4.6.3/mmpy-16/libcrt0.a(_unexpected_.o)

.debug_pubnames
 *(.debug_pubnames)

.debug_info     0x00000000     0x18d1
 *(.debug_info)
 .debug_info    0x00000000       0xd6 /usr/lib/gcc/msp430/4.6.3/mmpy-16/libgcc.a(_mulsi3.o)
 .debug_info    0x000000d6       0xd6 /usr/lib/gcc/msp430/4.6.3/mmpy-16/libgcc.a(_udivmod16.o)
 .debug_info    0x000001ac       0xd6 /usr/lib/gcc/msp430/4.6.3/mmpy-16/libgcc.a(_divmod16.o)
 .debug_info    0x00000282       0xd6 /usr/lib/gcc/msp430/4.6.3/mmpy-16/libgcc.a(_udivmod32.o)
 .debug_info    0x00000358       0xd6 /usr/lib/gcc/msp430/4.6.3/mmpy-16/libgcc.a(_divmod32.o)
 .debug_info    0x0000042e       0xbb /usr/lib/gcc/msp430/4.6.3/../../../../msp430/lib/mmpy-16/libc.a(strncmp.o)
 .debug_info    0x000004e9       0xe8 /usr/lib/gcc/msp430/4.6.3/../../../../msp430/lib/mmpy-16/libc.a(memcmp.o)
 .debug_info    0x000005d1      0x113 /usr/lib/gcc/msp430/4.6.3/../../../../msp430/lib/mmpy-16/libc.a(memcpy.o)
 .debug_info    0x000006e4      0x113 /usr/lib/gcc/msp430/4.6.3/../../../../msp430/lib/mmpy-16/libc.a(memmove.o)
 .debug_info    0x000007f7       0xfe /usr/lib/gcc/msp430/4.6.3/../../../../msp430/lib/mmpy-16/libc.a(memset.o)
 .debug_info    0x000008f5      0x105 /usr/lib/gcc/msp430/4.6.3/../../../../msp430/lib/mmpy-16/libc.a(printf.o)
 .debug_info    0x000009fa      0x277 /usr/lib/gcc/msp430/4.6.3/../../../../msp430/lib/mmpy-16/libc.a(sprintf.o)
 .debug_info    0x00000c71      0x565 /usr/lib/gcc/msp430/4.6.3/../../../../msp430/lib/mmpy-16/libc.a(vuprintf.o)
 .debug_info    0x000011d6       0x96 /usr/lib/gcc/msp430/4.6.3/../../../../msp430/lib/mmpy-16/libc.a(puts.o)
 .debug_info    0x0000126c      0x13f /usr/lib/gcc/msp430/4.6.3/../../../../msp430/lib/mmpy-16/libc.a(rand.o)
 .debug_info    0x000013ab       0xd6 /usr/lib/gcc/msp430/4.6.3/mmpy-16/libgcc.a(_udivmod64.o)
 .debug_info    0x00001481       0xb8 /usr/lib/gcc/msp430/4.6.3/mmpy-16/libcrt0.a(__watchdog_support.o)
 .debug_info    0x00001539       0xb8 /usr/lib/gcc/msp430/4.6.3/mmpy-16/libcrt0.a(__init_stack.o)
 .debug_info    0x000015f1       0xb8 /usr/lib/gcc/msp430/4.6.3/mmpy-16/libcrt0.a(_copy_data.o)
 .debug_info    0x000016a9       0xb8 /usr/lib/gcc/msp430/4.6.3/mmpy-16/libcrt0.a(_clear_bss.o)
 .debug_info    0x00001761       0xb8 /usr/lib/gcc/msp430/4.6.3/mmpy-16/libcrt0.a(_endless_loop__.o)
 .debug_info    0x00001819       0xb8 /usr/lib/gcc/msp430/4.6.3/mmpy-16/libcrt0.a(_unexpected_.o)
 *(.gnu.linkonce.wi.*)

.debug_abbrev   0x00000000      0x8e5
 *(.debug_abbrev)
 .debug_abbrev  0x00000000       0x14 /usr/lib/gcc/msp430/4.6.3/mmpy-16/libgcc.a(_mulsi3.o)
 .debug_abbrev  0x00000014       0x14 /usr/lib/gcc/msp430/4.6.3/mmpy-16/libgcc.a(_udivmod16.o)
 .debug_abbrev  0x00000028       0x14 /usr/lib/gcc/msp430/4.6.3/mmpy-16/libgcc.a(_divmod16.o)
 .debug_abbrev  0x0000003c       0x14 /usr/lib/gcc/msp430/4.6.3/mmpy-16/libgcc.a(_udivmod32.o)
 .debug_abbrev  0x00000050       0x14 /usr/lib/gcc/msp430/4.6.3/mmpy-16/libgcc.a(_divmod32.o)
 .debug_abbrev  0x00000064       0x7c /usr/lib/gcc/msp430/4.6.3/../../../../msp430/lib/mmpy-16/libc.a(strncmp.o)
 .debug_abbrev  0x000000e0       0x9b /usr/lib/gcc/msp430/4.6.3/../../../../msp430/lib/mmpy-16/libc.a(memcmp.o)
 .debug_abbrev  0x0000017b       0x97 /usr/lib/gcc/msp430/4.6.3/../../../../msp430/lib/mmpy-16/libc.a(memcpy.o)
 .debug_abbrev  0x00000212       0x97 /usr/lib/gcc/msp430/4.6.3/../../../../msp430/lib/mmpy-16/libc.a(memmove.o)
 .debug_abbrev  0x000002a9       0x9c /usr/lib/gcc/msp430/4.6.3/../../../../msp430/lib/mmpy-16/libc.a(memset.o)
 .debug_abbrev  0x00000345       0xd0 /usr/lib/gcc/msp430/4.6.3/../../../../msp430/lib/mmpy-16/libc.a(printf.o)
 .debug_abbrev  0x00000415      0x105 /usr/lib/gcc/msp430/4.6.3/../../../../msp430/lib/mmpy-16/libc.a(sprintf.o)
 .debug_abbrev  0x0000051a      0x1ef /usr/lib/gcc/msp430/4.6.3/../../../../msp430/lib/mmpy-16/libc.a(vuprintf.o)
 .debug_abbrev  0x00000709       0x60 /usr/lib/gcc/msp430/4.6.3/../../../../msp430/lib/mmpy-16/libc.a(puts.o)
 .debug_abbrev  0x00000769       0xf0 /usr/lib/gcc/msp430/4.6.3/../../../../msp430/lib/mmpy-16/libc.a(rand.o)
 .debug_abbrev  0x00000859       0x14 /usr/lib/gcc/msp430/4.6.3/mmpy-16/libgcc.a(_udivmod64.o)
 .debug_abbrev  0x0000086d       0x14 /usr/lib/gcc/msp430/4.6.3/mmpy-16/libcrt0.a(__watchdog_support.o)
 .debug_abbrev  0x00000881       0x14 /usr/lib/gcc/msp430/4.6.3/mmpy-16/libcrt0.a(__init_stack.o)
 .debug_abbrev  0x00000895       0x14 /usr/lib/gcc/msp430/4.6.3/mmpy-16/libcrt0.a(_copy_data.o)
 .debug_abbrev  0x000008a9       0x14 /usr/lib/gcc/msp430/4.6.3/mmpy-16/libcrt0.a(_clear_bss.o)
 .debug_abbrev  0x000008bd       0x14 /usr/lib/gcc/msp430/4.6.3/mmpy-16/libcrt0.a(_endless_loop__.o)
 .debug_abbrev  0x000008d1       0x14 /usr/lib/gcc/msp430/4.6.3/mmpy-16/libcrt0.a(_unexpected_.o)

.debug_line     0x00000000      0xf4b
 *(.debug_line)
 .debug_line    0x00000000       0xa3 /usr/lib/gcc/msp430/4.6.3/mmpy-16/libgcc.a(_mulsi3.o)
 .debug_line    0x000000a3       0x9c /usr/lib/gcc/msp430/4.6.3/mmpy-16/libgcc.a(_udivmod16.o)
 .debug_line    0x0000013f       0xa7 /usr/lib/gcc/msp430/4.6.3/mmpy-16/libgcc.a(_divmod16.o)
 .debug_line    0x000001e6       0xab /usr/lib/gcc/msp430/4.6.3/mmpy-16/libgcc.a(_udivmod32.o)
 .debug_line    0x00000291       0xb0 /usr/lib/gcc/msp430/4.6.3/mmpy-16/libgcc.a(_divmod32.o)
 .debug_line    0x00000341       0x75 /usr/lib/gcc/msp430/4.6.3/../../../../msp430/lib/mmpy-16/libc.a(strncmp.o)
 .debug_line    0x000003b6       0x73 /usr/lib/gcc/msp430/4.6.3/../../../../msp430/lib/mmpy-16/libc.a(memcmp.o)
 .debug_line    0x00000429       0xe9 /usr/lib/gcc/msp430/4.6.3/../../../../msp430/lib/mmpy-16/libc.a(memcpy.o)
 .debug_line    0x00000512       0xe9 /usr/lib/gcc/msp430/4.6.3/../../../../msp430/lib/mmpy-16/libc.a(memmove.o)
 .debug_line    0x000005fb       0xc8 /usr/lib/gcc/msp430/4.6.3/../../../../msp430/lib/mmpy-16/libc.a(memset.o)
 .debug_line    0x000006c3       0x72 /usr/lib/gcc/msp430/4.6.3/../../../../msp430/lib/mmpy-16/libc.a(printf.o)
 .debug_line    0x00000735       0x9c /usr/lib/gcc/msp430/4.6.3/../../../../msp430/lib/mmpy-16/libc.a(sprintf.o)
 .debug_line    0x000007d1      0x2d2 /usr/lib/gcc/msp430/4.6.3/../../../../msp430/lib/mmpy-16/libc.a(vuprintf.o)
 .debug_line    0x00000aa3       0x4d /usr/lib/gcc/msp430/4.6.3/../../../../msp430/lib/mmpy-16/libc.a(puts.o)
 .debug_line    0x00000af0       0x4f /usr/lib/gcc/msp430/4.6.3/../../../../msp430/lib/mmpy-16/libc.a(rand.o)
 .debug_line    0x00000b3f       0xf1 /usr/lib/gcc/msp430/4.6.3/mmpy-16/libgcc.a(_udivmod64.o)
 .debug_line    0x00000c30       0x84 /usr/lib/gcc/msp430/4.6.3/mmpy-16/libcrt0.a(__watchdog_support.o)
 .debug_line    0x00000cb4       0x82 /usr/lib/gcc/msp430/4.6.3/mmpy-16/libcrt0.a(__init_stack.o)
 .debug_line    0x00000d36       0x88 /usr/lib/gcc/msp430/4.6.3/mmpy-16/libcrt0.a(_copy_data.o)
 .debug_line    0x00000dbe       0x88 /usr/lib/gcc/msp430/4.6.3/mmpy-16/libcrt0.a(_clear_bss.o)
 .debug_line    0x00000e46       0x83 /usr/lib/gcc/msp430/4.6.3/mmpy-16/libcrt0.a(_endless_loop__.o)
 .debug_line    0x00000ec9       0x82 /usr/lib/gcc/msp430/4.6.3/mmpy-16/libcrt0.a(_unexpected_.o)

.debug_frame    0x00000000      0x28c
 *(.debug_frame)
 .debug_frame   0x00000000       0x24 /usr/lib/gcc/msp430/4.6.3/../../../../msp430/lib/mmpy-16/libc.a(strncmp.o)
 .debug_frame   0x00000024       0x24 /usr/lib/gcc/msp430/4.6.3/../../../../msp430/lib/mmpy-16/libc.a(memcmp.o)
 .debug_frame   0x00000048       0x38 /usr/lib/gcc/msp430/4.6.3/../../../../msp430/lib/mmpy-16/libc.a(memcpy.o)
 .debug_frame   0x00000080       0x38 /usr/lib/gcc/msp430/4.6.3/../../../../msp430/lib/mmpy-16/libc.a(memmove.o)
 .debug_frame   0x000000b8       0x32 /usr/lib/gcc/msp430/4.6.3/../../../../msp430/lib/mmpy-16/libc.a(memset.o)
 .debug_frame   0x000000ea       0x2a /usr/lib/gcc/msp430/4.6.3/../../../../msp430/lib/mmpy-16/libc.a(printf.o)
 .debug_frame   0x00000114       0x68 /usr/lib/gcc/msp430/4.6.3/../../../../msp430/lib/mmpy-16/libc.a(sprintf.o)
 .debug_frame   0x0000017c       0xb0 /usr/lib/gcc/msp430/4.6.3/../../../../msp430/lib/mmpy-16/libc.a(vuprintf.o)
 .debug_frame   0x0000022c       0x24 /usr/lib/gcc/msp430/4.6.3/../../../../msp430/lib/mmpy-16/libc.a(puts.o)
 .debug_frame   0x00000250       0x3c /usr/lib/gcc/msp430/4.6.3/../../../../msp430/lib/mmpy-16/libc.a(rand.o)

.debug_str      0x00000000      0x45c
 *(.debug_str)
 .debug_str     0x00000000       0xc4 /usr/lib/gcc/msp430/4.6.3/../../../../msp430/lib/mmpy-16/libc.a(strncmp.o)
                                 0xfd (size before relaxing)
 .debug_str     0x000000c4       0x19 /usr/lib/gcc/msp430/4.6.3/../../../../msp430/lib/mmpy-16/libc.a(memcmp.o)
                                 0xfb (size before relaxing)
 .debug_str     0x000000dd       0x34 /usr/lib/gcc/msp430/4.6.3/../../../../msp430/lib/mmpy-16/libc.a(memcpy.o)
                                0x116 (size before relaxing)
 .debug_str     0x00000111       0x1b /usr/lib/gcc/msp430/4.6.3/../../../../msp430/lib/mmpy-16/libc.a(memmove.o)
                                0x118 (size before relaxing)
 .debug_str     0x0000012c       0x26 /usr/lib/gcc/msp430/4.6.3/../../../../msp430/lib/mmpy-16/libc.a(memset.o)
                                0x114 (size before relaxing)
 .debug_str     0x00000152       0x40 /usr/lib/gcc/msp430/4.6.3/../../../../msp430/lib/mmpy-16/libc.a(printf.o)
                                0x12a (size before relaxing)
 .debug_str     0x00000192       0x6e /usr/lib/gcc/msp430/4.6.3/../../../../msp430/lib/mmpy-16/libc.a(sprintf.o)
                                0x18f (size before relaxing)
 .debug_str     0x00000200      0x218 /usr/lib/gcc/msp430/4.6.3/../../../../msp430/lib/mmpy-16/libc.a(vuprintf.o)
                                0x375 (size before relaxing)
 .debug_str     0x00000418       0x15 /usr/lib/gcc/msp430/4.6.3/../../../../msp430/lib/mmpy-16/libc.a(puts.o)
                                 0xf0 (size before relaxing)
 .debug_str     0x0000042d       0x2f /usr/lib/gcc/msp430/4.6.3/../../../../msp430/lib/mmpy-16/libc.a(rand.o)
                                0x10f (size before relaxing)

.debug_loc      0x00000000      0xdc7
 *(.debug_loc)
 .debug_loc     0x00000000       0x38 /usr/lib/gcc/msp430/4.6.3/../../../../msp430/lib/mmpy-16/libc.a(strncmp.o)
 .debug_loc     0x00000038       0x5e /usr/lib/gcc/msp430/4.6.3/../../../../msp430/lib/mmpy-16/libc.a(memcmp.o)
 .debug_loc     0x00000096      0x1e9 /usr/lib/gcc/msp430/4.6.3/../../../../msp430/lib/mmpy-16/libc.a(memcpy.o)