Archive member included because of file (symbol)

contiki-sky.a(rimeaddr.o)     obj_sky/contiki-sky-main.o (rimeaddr_copy)
contiki-sky.a(csma.o)         obj_sky/contiki-sky-main.o (csma_driver)
contiki-sky.a(contikimac.o)   udp-sink.co (contikimac_driver)
contiki-sky.a(phase.o)        contiki-sky.a(contikimac.o) (phase_update)
contiki-sky.a(rpl-dag.o)      udp-sink.co (rpl_set_prefix)
contiki-sky.a(rpl-icmp6.o)    contiki-sky.a(rpl-dag.o) (dao_output)
contiki-sky.a(rpl-timers.o)   contiki-sky.a(rpl-dag.o) (rpl_reset_dio_timer)
contiki-sky.a(rpl-mrhof.o)    contiki-sky.a(rpl-dag.o) (rpl_mrhof)
contiki-sky.a(process.o)      udp-sink.co (process_current)
contiki-sky.a(autostart.o)    obj_sky/contiki-sky-main.o (autostart_start)
contiki-sky.a(compower.o)     contiki-sky.a(contikimac.o) (compower_idle_activity)
contiki-sky.a(serial-line.o)  obj_sky/collect-common.o (serial_line_event_message)
contiki-sky.a(memb.o)         contiki-sky.a(csma.o) (memb_init)
contiki-sky.a(timer.o)        obj_sky/contiki-sky-main.o (timer_set)
contiki-sky.a(list.o)         contiki-sky.a(csma.o) (list_init)
contiki-sky.a(etimer.o)       obj_sky/contiki-sky-main.o (etimer_process)
contiki-sky.a(ctimer.o)       obj_sky/contiki-sky-main.o (ctimer_init)
contiki-sky.a(energest.o)     obj_sky/contiki-sky-main.o (energest_init)
contiki-sky.a(rtimer.o)       obj_sky/contiki-sky-main.o (rtimer_init)
contiki-sky.a(stimer.o)       contiki-sky.a(rpl-icmp6.o) (stimer_set)
contiki-sky.a(random.o)       obj_sky/contiki-sky-main.o (random_init)
contiki-sky.a(ringbuf.o)      contiki-sky.a(serial-line.o) (ringbuf_init)
contiki-sky.a(nbr-table.o)    contiki-sky.a(phase.o) (nbr_table_register)
contiki-sky.a(packetbuf.o)    contiki-sky.a(contikimac.o) (packetbuf_hdr_remove)
contiki-sky.a(queuebuf.o)     obj_sky/contiki-sky-main.o (queuebuf_init)
contiki-sky.a(sicslowpan.o)   obj_sky/contiki-sky-main.o (sicslowpan_driver)
contiki-sky.a(tcpip.o)        contiki-sky.a(sicslowpan.o) (tcpip_set_outputfunc)
contiki-sky.a(uip-debug.o)    udp-sink.co (uip_debug_ipaddr_print)
contiki-sky.a(uip-ds6-route.o)
                              contiki-sky.a(rpl-icmp6.o) (uip_ds6_route_nexthop)
contiki-sky.a(uip-ds6-nbr.o)  contiki-sky.a(rpl-icmp6.o) (uip_ds6_nbr_add)
contiki-sky.a(uip-ds6.o)      contiki-sky.a(tcpip.o) (uip_ds6_is_addr_onlink)
contiki-sky.a(uip-icmp6.o)    contiki-sky.a(rpl-icmp6.o) (uip_icmp6_send)
contiki-sky.a(uip-nd6.o)      contiki-sky.a(tcpip.o) (uip_nd6_ns_output)
contiki-sky.a(uip6.o)         udp-sink.co (uip_aligned_buf)
contiki-sky.a(contiki-sky-pla)
                              obj_sky/contiki-sky-main.o (init_platform)
contiki-sky.a(button-sensor.o)
                              udp-sink.co (button_sensor)
contiki-sky.a(ds2411.o)       obj_sky/contiki-sky-main.o (ds2411_init)
contiki-sky.a(xmem.o)         obj_sky/contiki-sky-main.o (xmem_init)
contiki-sky.a(node-id.o)      obj_sky/contiki-sky-main.o (node_id_restore)
contiki-sky.a(sensors.o)      udp-sink.co (sensors_event)
contiki-sky.a(cc2420.o)       obj_sky/contiki-sky-main.o (cc2420_set_pan_addr)
contiki-sky.a(cc2420-arch.o)  contiki-sky.a(cc2420.o) (cc2420_arch_init)
contiki-sky.a(uart1.o)        obj_sky/contiki-sky-main.o (uart1_active)
contiki-sky.a(uart1-putchar.o)
                              udp-sink.co (putchar)
contiki-sky.a(msp430.o)       contiki-sky.a(uart1.o) (msp430_add_lpm_req)
contiki-sky.a(clock.o)        contiki-sky.a(timer.o) (clock_time)
contiki-sky.a(leds.o)         obj_sky/contiki-sky-main.o (leds_init)
contiki-sky.a(leds-arch.o)    contiki-sky.a(leds.o) (leds_arch_init)
contiki-sky.a(watchdog.o)     obj_sky/contiki-sky-main.o (watchdog_start)
contiki-sky.a(rtimer-arch.o)  contiki-sky.a(rtimer.o) (rtimer_arch_init)
contiki-sky.a(mac.o)          contiki-sky.a(csma.o) (mac_call_sent_callback)
contiki-sky.a(framer-802154.o)
                              contiki-sky.a(contikimac.o) (framer_802154)
contiki-sky.a(rpl.o)          contiki-sky.a(rpl-timers.o) (rpl_purge_routes)
contiki-sky.a(rpl-ext-header.)
                              contiki-sky.a(uip6.o) (rpl_verify_header)
contiki-sky.a(spi.o)          contiki-sky.a(xmem.o) (spi_init)
contiki-sky.a(frame802154.o)  contiki-sky.a(framer-802154.o) (frame802154_hdrlen)
/usr/lib/gcc/msp430/4.5.3/mmpy-16/libgcc.a(_mulsi3.o)
                              contiki-sky.a(csma.o) (__mulsi3)
/usr/lib/gcc/msp430/4.5.3/mmpy-16/libgcc.a(_udivmodhi4.o)
                              obj_sky/collect-common.o (__udivmodhi4)
/usr/lib/gcc/msp430/4.5.3/mmpy-16/libgcc.a(_divmodhi4.o)
                              contiki-sky.a(nbr-table.o) (__divmodhi4)
/usr/lib/gcc/msp430/4.5.3/mmpy-16/libgcc.a(_udivmodsi4.o)
                              obj_sky/contiki-sky-main.o (__udivmodsi4)
/usr/lib/gcc/msp430/4.5.3/../../../../msp430/lib/mmpy-16/libc.a(strncmp.o)
                              obj_sky/collect-common.o (strncmp)
/usr/lib/gcc/msp430/4.5.3/../../../../msp430/lib/mmpy-16/libc.a(memcmp.o)
[...]
Memory Configuration

Name             Origin             Length             Attributes
sfr              0x00000000         0x00000010
peripheral_8bit  0x00000010         0x000000f0
peripheral_16bit 0x00000100         0x00000100
infomem          0x00001000         0x00000100
infob            0x00001000         0x00000080
infoa            0x00001080         0x00000080
ram              0x00001100         0x00002800         xw
rom              0x00004000         0x0000bfe0         xr
vectors          0x0000ffe0         0x00000020
bsl              0x00000000         0x00000000
infoc            0x00000000         0x00000000
infod            0x00000000         0x00000000
far_rom          0x00000000         0x00000000
*default*        0x00000000         0xffffffff

Linker script and memory map

LOAD /usr/lib/gcc/msp430/4.5.3/mmpy-16/crt0ivtbl16.o
LOAD udp-sink.co
LOAD obj_sky/collect-common.o
LOAD obj_sky/contiki-sky-main.o
LOAD contiki-sky.a
LOAD /usr/lib/gcc/msp430/4.5.3/mmpy-16/libgcc.a
LOAD /usr/lib/gcc/msp430/4.5.3/../../../../msp430/lib/mmpy-16/libc.a
LOAD /usr/lib/gcc/msp430/4.5.3/mmpy-16/libgcc.a
LOAD /usr/lib/gcc/msp430/4.5.3/mmpy-16/libcrt0.a
                0x00000000                __IE1 = 0x0
                0x00000002                __IFG1 = 0x2
                0x00000004                __ME1 = 0x4
                0x00000001                __IE2 = 0x1
                0x00000003                __IFG2 = 0x3
                0x00000005                __ME2 = 0x5
                0x00000120                __WDTCTL = 0x120
                0x00000130                __MPY = 0x130
                0x00000132                __MPYS = 0x132
                0x00000134                __MAC = 0x134
                0x00000136                __MACS = 0x136
                0x00000138                __OP2 = 0x138
                0x0000013a                __RESLO = 0x13a
                0x0000013c                __RESHI = 0x13c
                0x0000013e                __SUMEXT = 0x13e
                0x00000020                __P1IN = 0x20
                0x00000021                __P1OUT = 0x21
                0x00000022                __P1DIR = 0x22
                0x00000023                __P1IFG = 0x23
                0x00000024                __P1IES = 0x24
                0x00000025                __P1IE = 0x25
                0x00000026                __P1SEL = 0x26
                0x00000028                __P2IN = 0x28
                0x00000029                __P2OUT = 0x29
                0x0000002a                __P2DIR = 0x2a
                0x0000002b                __P2IFG = 0x2b
                0x0000002c                __P2IES = 0x2c
                0x0000002d                __P2IE = 0x2d
                0x0000002e                __P2SEL = 0x2e
                0x00000018                __P3IN = 0x18
                0x00000019                __P3OUT = 0x19
                0x0000001a                __P3DIR = 0x1a
                0x0000001b                __P3SEL = 0x1b
                0x0000001c                __P4IN = 0x1c
                0x0000001d                __P4OUT = 0x1d
                0x0000001e                __P4DIR = 0x1e
                0x0000001f                __P4SEL = 0x1f
                0x00000030                __P5IN = 0x30
                0x00000031                __P5OUT = 0x31
                0x00000032                __P5DIR = 0x32
                0x00000033                __P5SEL = 0x33
                0x00000034                __P6IN = 0x34
                0x00000035                __P6OUT = 0x35
                0x00000036                __P6DIR = 0x36
                0x00000037                __P6SEL = 0x37
                0x00000070                __U0CTL = 0x70
                0x00000071                __U0TCTL = 0x71
                0x00000072                __U0RCTL = 0x72
                0x00000073                __U0MCTL = 0x73
                0x00000074                __U0BR0 = 0x74
                0x00000075                __U0BR1 = 0x75
                0x00000076                __U0RXBUF = 0x76
                0x00000077                __U0TXBUF = 0x77
                0x00000078                __U1CTL = 0x78
                0x00000079                __U1TCTL = 0x79
                0x0000007a                __U1RCTL = 0x7a
                0x0000007b                __U1MCTL = 0x7b
                0x0000007c                __U1BR0 = 0x7c
                0x0000007d                __U1BR1 = 0x7d
                0x0000007e                __U1RXBUF = 0x7e
                0x0000007f                __U1TXBUF = 0x7f
                0x00000050                __I2CIE = 0x50
                0x00000051                __I2CIFG = 0x51
                0x00000052                __I2CNDAT = 0x52
                0x00000071                __I2CTCTL = 0x71
                0x00000072                __I2CDCTL = 0x72
                0x00000073                __I2CPSC = 0x73
                0x00000074                __I2CSCLH = 0x74
                0x00000075                __I2CSCLL = 0x75
                0x00000076                __I2CDRB = 0x76
                0x00000076                __I2CDRW = 0x76
                0x00000118                __I2COA = 0x118
                0x0000011a                __I2CSA = 0x11a
                0x0000011c                __I2CIV = 0x11c
                0x0000012e                __TAIV = 0x12e
                0x00000160                __TACTL = 0x160
                0x00000162                __TACCTL0 = 0x162
                0x00000164                __TACCTL1 = 0x164
                0x00000166                __TACCTL2 = 0x166
                0x00000170                __TAR = 0x170
                0x00000172                __TACCR0 = 0x172
                0x00000174                __TACCR1 = 0x174
                0x00000176                __TACCR2 = 0x176
                0x0000011e                __TBIV = 0x11e
                0x00000180                __TBCTL = 0x180
                0x00000182                __TBCCTL0 = 0x182
                0x00000184                __TBCCTL1 = 0x184
                0x00000186                __TBCCTL2 = 0x186
                0x00000188                __TBCCTL3 = 0x188
                0x0000018a                __TBCCTL4 = 0x18a
                0x0000018c                __TBCCTL5 = 0x18c
                0x0000018e                __TBCCTL6 = 0x18e
                0x00000190                __TBR = 0x190
                0x00000192                __TBCCR0 = 0x192
                0x00000194                __TBCCR1 = 0x194
                0x00000196                __TBCCR2 = 0x196
                0x00000198                __TBCCR3 = 0x198
                0x0000019a                __TBCCR4 = 0x19a
                0x0000019c                __TBCCR5 = 0x19c
                0x0000019e                __TBCCR6 = 0x19e
                0x00000056                __DCOCTL = 0x56
                0x00000057                __BCSCTL1 = 0x57
                0x00000058                __BCSCTL2 = 0x58
                0x00000055                __SVSCTL = 0x55
                0x00000128                __FCTL1 = 0x128
                0x0000012a                __FCTL2 = 0x12a
                0x0000012c                __FCTL3 = 0x12c
                0x00000059                __CACTL1 = 0x59
                0x0000005a                __CACTL2 = 0x5a
                0x0000005b                __CAPD = 0x5b
                0x000001a0                __ADC12CTL0 = 0x1a0
                0x000001a2                __ADC12CTL1 = 0x1a2
                0x000001a4                __ADC12IFG = 0x1a4
                0x000001a6                __ADC12IE = 0x1a6
                0x000001a8                __ADC12IV = 0x1a8
                0x00000140                __ADC12MEM0 = 0x140
                0x00000142                __ADC12MEM1 = 0x142
                0x00000144                __ADC12MEM2 = 0x144
                0x00000146                __ADC12MEM3 = 0x146
                0x00000148                __ADC12MEM4 = 0x148
                0x0000014a                __ADC12MEM5 = 0x14a
                0x0000014c                __ADC12MEM6 = 0x14c
                0x0000014e                __ADC12MEM7 = 0x14e
                0x00000150                __ADC12MEM8 = 0x150
                0x00000152                __ADC12MEM9 = 0x152
                0x00000154                __ADC12MEM10 = 0x154
                0x00000156                __ADC12MEM11 = 0x156
                0x00000158                __ADC12MEM12 = 0x158
                0x0000015a                __ADC12MEM13 = 0x15a
                0x0000015c                __ADC12MEM14 = 0x15c
                0x0000015e                __ADC12MEM15 = 0x15e
                0x00000080                __ADC12MCTL0 = 0x80
                0x00000081                __ADC12MCTL1 = 0x81
                0x00000082                __ADC12MCTL2 = 0x82
                0x00000083                __ADC12MCTL3 = 0x83
                0x00000084                __ADC12MCTL4 = 0x84
                0x00000085                __ADC12MCTL5 = 0x85
                0x00000086                __ADC12MCTL6 = 0x86
                0x00000087                __ADC12MCTL7 = 0x87
                0x00000088                __ADC12MCTL8 = 0x88
                0x00000089                __ADC12MCTL9 = 0x89
                0x0000008a                __ADC12MCTL10 = 0x8a
                0x0000008b                __ADC12MCTL11 = 0x8b
                0x0000008c                __ADC12MCTL12 = 0x8c
                0x0000008d                __ADC12MCTL13 = 0x8d
                0x0000008e                __ADC12MCTL14 = 0x8e
                0x0000008f                __ADC12MCTL15 = 0x8f
                0x000001c0                __DAC12_0CTL = 0x1c0
                0x000001c2                __DAC12_1CTL = 0x1c2
                0x000001c8                __DAC12_0DAT = 0x1c8
                0x000001ca                __DAC12_1DAT = 0x1ca
                0x00000122                __DMACTL0 = 0x122
                0x00000124                __DMACTL1 = 0x124
                0x000001e0                __DMA0CTL = 0x1e0
                0x000001e8                __DMA1CTL = 0x1e8
                0x000001f0                __DMA2CTL = 0x1f0
                0x000001e2                __DMA0SA = 0x1e2
                0x000001e4                __DMA0DA = 0x1e4
                0x000001e6                __DMA0SZ = 0x1e6
                0x000001ea                __DMA1SA = 0x1ea
                0x000001ec                __DMA1DA = 0x1ec
                0x000001ee                __DMA1SZ = 0x1ee
                0x000001f2                __DMA2SA = 0x1f2
                0x000001f4                __DMA2DA = 0x1f4
                0x000001f6                __DMA2SZ = 0x1f6

.hash
 *(.hash)

.dynsym
 *(.dynsym)

.dynstr
 *(.dynstr)

.gnu.version
 *(.gnu.version)

.gnu.version_d
 *(.gnu.version_d)

.gnu.version_r
 *(.gnu.version_r)

.rel.init
 *(.rel.init)

.rela.init
 *(.rela.init)

.rel.text
 *(.rel.text)
 *(.rel.text.*)
 *(.rel.gnu.linkonce.t*)

.rela.text
 *(.rela.text)
 *(.rela.text.*)
 *(.rela.gnu.linkonce.t*)

.rel.fini
 *(.rel.fini)

.rela.fini
 *(.rela.fini)

.rel.rodata
 *(.rel.rodata)
 *(.rel.rodata.*)
 *(.rel.gnu.linkonce.r*)

.rela.rodata
 *(.rela.rodata)
 *(.rela.rodata.*)
 *(.rela.gnu.linkonce.r*)

.rel.data
 *(.rel.data)
 *(.rel.data.*)
 *(.rel.gnu.linkonce.d*)

.rela.data
 *(.rela.data)
 *(.rela.data.*)
 *(.rela.gnu.linkonce.d*)

.rel.ctors
 *(.rel.ctors)

.rela.ctors
 *(.rela.ctors)

.rel.dtors
 *(.rel.dtors)

.rela.dtors
 *(.rela.dtors)

.rel.got
 *(.rel.got)

.rela.got
 *(.rela.got)

.rel.bss
 *(.rel.bss)

.rela.bss
 *(.rela.bss)

.rel.plt
 *(.rel.plt)

.rela.plt
 *(.rela.plt)

.text           0x00004000     0xb3b0
                0x00004000                . = ALIGN (0x2)
 *(.init)
 *(.init0)
 .init0         0x00004000        0x0 /usr/lib/gcc/msp430/4.5.3/mmpy-16/libcrt0.a(_reset_vector__.o)
                0x00004000                _reset_vector__
 *(.init1)
 *(.init2)
 .init2         0x00004000        0x4 /usr/lib/gcc/msp430/4.5.3/mmpy-16/libcrt0.a(__init_stack.o)
                0x00004000                __init_stack
 *(.init3)
 .init3         0x00004004        0xa /usr/lib/gcc/msp430/4.5.3/mmpy-16/libcrt0.a(__low_level_init.o)
                0x00004004                __low_level_init
 *(.init4)
 .init4         0x0000400e       0x16 /usr/lib/gcc/msp430/4.5.3/mmpy-16/libcrt0.a(_copy_data.o)
                0x0000400e                __do_copy_data
 .init4         0x00004024       0x14 /usr/lib/gcc/msp430/4.5.3/mmpy-16/libcrt0.a(_clear_bss.o)
                0x00004024                __do_clear_bss
 *(.init5)
 *(.init6)
 *(.init7)
 *(.init8)
 *(.init9)
 .init9         0x00004038      0x364 obj_sky/contiki-sky-main.o
                0x00004038                main
 *(.fini9)
 .fini9         0x0000439c        0x0 /usr/lib/gcc/msp430/4.5.3/mmpy-16/libcrt0.a(__stop_progExec__.o)
                0x0000439c                __stop_progExec__
 *(.fini8)
 *(.fini7)
 *(.fini6)
 *(.fini5)
 *(.fini4)
 *(.fini3)
 *(.fini2)
 *(.fini1)
 *(.fini0)
 .fini0         0x0000439c        0x6 /usr/lib/gcc/msp430/4.5.3/mmpy-16/libcrt0.a(_endless_loop__.o)
                0x0000439c                _endless_loop__
 *(.fini)
                0x000043a2                . = ALIGN (0x2)
                0x000043a2                __ctors_start = .
 *(.ctors)
                0x000043a2                __ctors_end = .
                0x000043a2                __dtors_start = .
 *(.dtors)
                0x000043a2                __dtors_end = .
                0x000043a2                . = ALIGN (0x2)
 *(.text)
 .text          0x000043a2        0x4 /usr/lib/gcc/msp430/4.5.3/mmpy-16/crt0ivtbl16.o
                0x000043a2                __isr_14
                0x000043a2                __isr_11
                0x000043a2                __isr_2
                0x000043a2                __isr_7
                0x000043a2                __isr_0
                0x000043a2                __isr_8
                0x000043a2                __isr_3
                0x000043a2                __isr_12
                0x000043a2                __isr_13
                0x000043a2                __isr_9
 .text          0x000043a6      0x106 udp-sink.co
                0x000044a6                autostart_processes
 .text          0x000044ac       0xce obj_sky/collect-common.o
 .text          0x0000457a      0x11d obj_sky/contiki-sky-main.o
 *fill*         0x00004697        0x1 00
 .text          0x00004698        0x8 contiki-sky.a(rimeaddr.o)
                0x00004698                rimeaddr_null
 .text          0x000046a0       0x14 contiki-sky.a(csma.o)
                0x000046a6                csma_driver
 .text          0x000046b4       0x1c contiki-sky.a(contikimac.o)
                0x000046c0                contikimac_driver
 .text          0x000046d0        0xf contiki-sky.a(rpl-dag.o)
 .text          0x000046df       0x1b contiki-sky.a(rpl-icmp6.o)
 .text          0x000046fa        0xe contiki-sky.a(serial-line.o)
 .text          0x00004708        0xc contiki-sky.a(etimer.o)
 .text          0x00004714        0xf contiki-sky.a(ctimer.o)
 *fill*         0x00004723        0x1 00
 .text          0x00004724       0x24 contiki-sky.a(sicslowpan.o)
                0x00004724                unc_llconf
                0x00004728                unc_ctxconf
                0x0000472c                unc_mxconf
                0x00004730                llprefix
                0x0000473e                sicslowpan_driver
 .text          0x00004748        0xd contiki-sky.a(tcpip.o)
 .text          0x00004755       0x1a contiki-sky.a(uip-debug.o)
 *fill*         0x0000476f        0x1 00
 .text          0x00004770       0x20 contiki-sky.a(uip6.o)
 .text          0x00004790       0x10 contiki-sky.a(button-sensor.o)
                0x00004798                button_sensor
 .text          0x000047a0        0x8 contiki-sky.a(sensors.o)
 .text          0x000047a8       0x22 contiki-sky.a(cc2420.o)
                0x000047b6                cc2420_driver
 .text          0x000047ca        0x4 contiki-sky.a(framer-802154.o)
                0x000047ca                framer_802154
 .text          0x000047ce        0x2 contiki-sky.a(frame802154.o)
 .text          0x000047d0       0x30 /usr/lib/gcc/msp430/4.5.3/../../../../msp430/lib/mmpy-16/libc.a(strncmp.o)
                0x000047d0                strncmp
 .text          0x00004800       0x34 /usr/lib/gcc/msp430/4.5.3/../../../../msp430/lib/mmpy-16/libc.a(memcmp.o)
                0x00004800                memcmp
 .text          0x00004834      0x104 /usr/lib/gcc/msp430/4.5.3/../../../../msp430/lib/mmpy-16/libc.a(memcpy.o)
                0x00004834                memcpy
 .text          0x00004938      0x104 /usr/lib/gcc/msp430/4.5.3/../../../../msp430/lib/mmpy-16/libc.a(memmove.o)
                0x00004938                memmove
 .text          0x00004a3c       0x66 /usr/lib/gcc/msp430/4.5.3/../../../../msp430/lib/mmpy-16/libc.a(memset.o)
                0x00004a3c                memset
 .text          0x00004aa2       0x20 /usr/lib/gcc/msp430/4.5.3/../../../../msp430/lib/mmpy-16/libc.a(printf.o)
                0x00004aa2                printf
                0x00004ab4                vprintf
 .text          0x00004ac2      0x476 /usr/lib/gcc/msp430/4.5.3/../../../../msp430/lib/mmpy-16/libc.a(vuprintf.o)
                0x00004bce                vuprintf
 .text          0x00004f38       0x2c /usr/lib/gcc/msp430/4.5.3/../../../../msp430/lib/mmpy-16/libc.a(puts.o)
                0x00004f38                puts
 .text          0x00004f64      0x134 /usr/lib/gcc/msp430/4.5.3/../../../../msp430/lib/mmpy-16/libc.a(rand.o)
                0x00004f64                rand_r
                0x00004ff8                rand
                0x0000508e                srand
                0x00005098                . = ALIGN (0x2)
 *(.text.*)
 .text.process_thread_udp_server_process
                0x00005098      0x262 udp-sink.co
 .text.collect_common_set_sink
                0x000052fa        0x2 udp-sink.co
                0x000052fa                collect_common_set_sink
 .text.collect_common_net_print
                0x000052fc        0xa udp-sink.co
                0x000052fc                collect_common_net_print
 .text.collect_common_send
                0x00005306        0x2 udp-sink.co
                0x00005306                collect_common_send
 .text.collect_common_net_init
                0x00005308       0x16 udp-sink.co
                0x00005308                collect_common_net_init
 .text.process_thread_collect_common_process
                0x0000531e      0x1de obj_sky/collect-common.o
 .text.collect_common_recv
                0x000054fc       0xca obj_sky/collect-common.o
                0x000054fc                collect_common_recv
 .text.rimeaddr_copy
                0x000055c6        0x8 contiki-sky.a(rimeaddr.o)
                0x000055c6                rimeaddr_copy
 .text.rimeaddr_cmp
                0x000055ce       0x12 contiki-sky.a(rimeaddr.o)
                0x000055ce                rimeaddr_cmp
 .text.rimeaddr_set_node_addr
                0x000055e0        0xc contiki-sky.a(rimeaddr.o)
                0x000055e0                rimeaddr_set_node_addr
 .text.input_packet
                0x000055ec        0x6 contiki-sky.a(csma.o)
 .text.on       0x000055f2        0x6 contiki-sky.a(csma.o)
 .text.off      0x000055f8        0x6 contiki-sky.a(csma.o)
 .text.channel_check_interval
                0x000055fe        0xc contiki-sky.a(csma.o)
 .text.transmit_packet_list
                0x0000560a       0x24 contiki-sky.a(csma.o)
 .text.send_packet
                0x0000562e      0x166 contiki-sky.a(csma.o)
 .text.free_packet
                0x00005794       0x94 contiki-sky.a(csma.o)
 .text.packet_sent
                0x00005828      0x12a contiki-sky.a(csma.o)
 .text.init     0x00005952       0x1a contiki-sky.a(csma.o)
 .text.on       0x0000596c       0x16 contiki-sky.a(contikimac.o)
 .text.off      0x00005982       0x1e contiki-sky.a(contikimac.o)
 .text.recv_burst_off
                0x000059a0        0xa contiki-sky.a(contikimac.o)
 .text.turn_off
                0x000059aa       0x20 contiki-sky.a(contikimac.o)
 .text.duty_cycle
                0x000059ca        0x6 contiki-sky.a(contikimac.o)
 .text.turn_on  0x000059d0       0x30 contiki-sky.a(contikimac.o)
 .text.schedule_powercycle_fixed
                0x00005a00       0x40 contiki-sky.a(contikimac.o)
 .text.powercycle_turn_radio_off
                0x00005a40       0x2c contiki-sky.a(contikimac.o)
 .text.powercycle
                0x00005a6c      0x1c0 contiki-sky.a(contikimac.o)
 .text.input_packet
                0x00005c2c      0x108 contiki-sky.a(contikimac.o)
 .text.send_packet
                0x00005d34      0x2ba contiki-sky.a(contikimac.o)
 .text.qsend_list
                0x00005fee       0x86 contiki-sky.a(contikimac.o)
 .text.qsend_packet
                0x00006074       0x28 contiki-sky.a(contikimac.o)
 .text.init     0x0000609c       0x2e contiki-sky.a(contikimac.o)
 .text.send_packet
                0x000060ca       0x44 contiki-sky.a(phase.o)
 .text.phase_update
                0x0000610e       0x90 contiki-sky.a(phase.o)
                0x0000610e                phase_update
 .text.phase_wait
                0x0000619e      0x112 contiki-sky.a(phase.o)
                0x0000619e                phase_wait
 .text.phase_init
                0x000062b0       0x14 contiki-sky.a(phase.o)
                0x000062b0                phase_init
 .text.lollipop_greater_than
                0x000062c4       0x44 contiki-sky.a(rpl-dag.o)
 .text.find_parent_any_dag_any_instance
                0x00006308       0x1a contiki-sky.a(rpl-dag.o)
 .text.find_parent_dag
                0x00006322       0x46 contiki-sky.a(rpl-dag.o)
 .text.rpl_set_preferred_parent
                0x00006368       0x30 contiki-sky.a(rpl-dag.o)
 .text.set_ip_from_prefix
                0x00006398       0x3a contiki-sky.a(rpl-dag.o)
 .text.check_prefix
                0x000063d2       0x7c contiki-sky.a(rpl-dag.o)
 .text.rpl_dag_init
                0x0000644e       0x20 contiki-sky.a(rpl-dag.o)
                0x0000644e                rpl_dag_init
 .text.rpl_get_parent_ipaddr
                0x0000646e       0x1e contiki-sky.a(rpl-dag.o)
                0x0000646e                rpl_get_parent_ipaddr
 .text.rpl_set_prefix
                0x0000648c       0x90 contiki-sky.a(rpl-dag.o)
                0x0000648c                rpl_set_prefix
 .text.rpl_set_default_route
                0x0000651c       0x66 contiki-sky.a(rpl-dag.o)
                0x0000651c                rpl_set_default_route
 .text.rpl_alloc_instance
                0x00006582       0x3c contiki-sky.a(rpl-dag.o)
                0x00006582                rpl_alloc_instance
 .text.rpl_add_parent
                0x000065be       0x40 contiki-sky.a(rpl-dag.o)
                0x000065be                rpl_add_parent
 .text.rpl_find_parent
                0x000065fe       0x34 contiki-sky.a(rpl-dag.o)
                0x000065fe                rpl_find_parent
 .text.rpl_find_parent_any_dag
                0x00006632       0x4a contiki-sky.a(rpl-dag.o)
                0x00006632                rpl_find_parent_any_dag
 .text.rpl_select_parent
                0x0000667c       0x62 contiki-sky.a(rpl-dag.o)
                0x0000667c                rpl_select_parent
 .text.rpl_select_dag
                0x000066de      0x1b4 contiki-sky.a(rpl-dag.o)
                0x000066de                rpl_select_dag
 .text.rpl_nullify_parent
                0x00006892       0x4e contiki-sky.a(rpl-dag.o)
                0x00006892                rpl_nullify_parent
 .text.rpl_remove_parent
                0x000068e0       0x16 contiki-sky.a(rpl-dag.o)
                0x000068e0                rpl_remove_parent
 .text.remove_parents.clone.1
                0x000068f6       0x32 contiki-sky.a(rpl-dag.o)
 .text.rpl_free_dag
                0x00006928       0x36 contiki-sky.a(rpl-dag.o)
                0x00006928                rpl_free_dag
 .text.rpl_free_instance
                0x0000695e       0x68 contiki-sky.a(rpl-dag.o)
                0x0000695e                rpl_free_instance
 .text.rpl_move_parent
                0x000069c6       0x6e contiki-sky.a(rpl-dag.o)
                0x000069c6                rpl_move_parent
 .text.rpl_get_any_dag
                0x00006a34       0x48 contiki-sky.a(rpl-dag.o)
                0x00006a34                rpl_get_any_dag
 .text.rpl_get_instance
                0x00006a7c       0x3e contiki-sky.a(rpl-dag.o)
                0x00006a7c                rpl_get_instance
 .text.get_dag  0x00006aba       0x38 contiki-sky.a(rpl-dag.o)
 .text.rpl_alloc_dag
                0x00006af2       0x6a contiki-sky.a(rpl-dag.o)
                0x00006af2                rpl_alloc_dag
 .text.rpl_set_root
                0x00006b5c       0xfa contiki-sky.a(rpl-dag.o)
                0x00006b5c                rpl_set_root
 .text.rpl_repair_root
                0x00006c56       0x4c contiki-sky.a(rpl-dag.o)
                0x00006c56                rpl_repair_root
 .text.rpl_find_of
                0x00006ca2       0x10 contiki-sky.a(rpl-dag.o)
                0x00006ca2                rpl_find_of
 .text.rpl_join_instance
                0x00006cb2      0x14a contiki-sky.a(rpl-dag.o)
                0x00006cb2                rpl_join_instance
 .text.rpl_local_repair
                0x00006dfc       0x50 contiki-sky.a(rpl-dag.o)
                0x00006dfc                rpl_local_repair
 .text.rpl_process_parent_event
                0x00006e4c       0x88 contiki-sky.a(rpl-dag.o)
                0x00006e4c                rpl_process_parent_event
 .text.recalculate_ranks
                0x00006ed4       0x42 contiki-sky.a(rpl-dag.o)
                0x00006ed4                recalculate_ranks
 .text.rpl_recalculate_ranks
                0x00006f16       0x12 contiki-sky.a(rpl-dag.o)
                0x00006f16                rpl_recalculate_ranks
 .text.rpl_add_dag
                0x00006f28      0x110 contiki-sky.a(rpl-dag.o)
                0x00006f28                rpl_add_dag
 .text.rpl_process_dio
                0x00007038      0x28c contiki-sky.a(rpl-dag.o)
                0x00007038                rpl_process_dio
 .text.get32    0x000072c4       0x46 contiki-sky.a(rpl-icmp6.o)
 .text.set32    0x0000730a       0x3c contiki-sky.a(rpl-icmp6.o)
 .text.get16    0x00007346        0xe contiki-sky.a(rpl-icmp6.o)
 .text.set16    0x00007354       0x10 contiki-sky.a(rpl-icmp6.o)
 .text.dis_output
                0x00007364       0x58 contiki-sky.a(rpl-icmp6.o)
                0x00007364                dis_output
 .text.dio_output
                0x000073bc      0x2a6 contiki-sky.a(rpl-icmp6.o)
                0x000073bc                dio_output
 .text.dao_output_target
                0x00007662       0xc8 contiki-sky.a(rpl-icmp6.o)
                0x00007662                dao_output_target
 .text.dao_output
                0x0000772a       0x7a contiki-sky.a(rpl-icmp6.o)
                0x0000772a                dao_output
 .text.dao_ack_output
                0x000077a4       0x44 contiki-sky.a(rpl-icmp6.o)
                0x000077a4                dao_ack_output
 .text.uip_rpl_input
                0x000077e8      0x570 contiki-sky.a(rpl-icmp6.o)
                0x000077e8                uip_rpl_input
 .text.new_dio_interval
                0x00007d58       0xb8 contiki-sky.a(rpl-timers.o)
 .text.handle_dao_timer
                0x00007e10       0x50 contiki-sky.a(rpl-timers.o)
 .text.handle_dio_timer
                0x00007e60       0x82 contiki-sky.a(rpl-timers.o)
 .text.handle_periodic_timer
                0x00007ee2       0x2e contiki-sky.a(rpl-timers.o)
 .text.rpl_reset_periodic_timer
                0x00007f10       0x56 contiki-sky.a(rpl-timers.o)
                0x00007f10                rpl_reset_periodic_timer
 .text.rpl_reset_dio_timer
                0x00007f66       0x18 contiki-sky.a(rpl-timers.o)
                0x00007f66                rpl_reset_dio_timer
 .text.rpl_schedule_dao
                0x00007f7e       0x48 contiki-sky.a(rpl-timers.o)
                0x00007f7e                rpl_schedule_dao
 .text.reset    0x00007fc6        0x2 contiki-sky.a(rpl-mrhof.o)
 .text.neighbor_link_callback
                0x00007fc8       0x7e contiki-sky.a(rpl-mrhof.o)
 .text.calculate_rank
                0x00008046       0x30 contiki-sky.a(rpl-mrhof.o)
 .text.best_dag
                0x00008076       0x34 contiki-sky.a(rpl-mrhof.o)
 .text.best_parent
                0x000080aa       0x52 contiki-sky.a(rpl-mrhof.o)
 .text.update_metric_container
                0x000080fc        0x6 contiki-sky.a(rpl-mrhof.o)
 .text.call_process
                0x00008102       0x4c contiki-sky.a(process.o)
 .text.exit_process
                0x0000814e       0x94 contiki-sky.a(process.o)
 .text.do_poll  0x000081e2       0x30 contiki-sky.a(process.o)
 .text.process_alloc_event
                0x00008212        0xe contiki-sky.a(process.o)
                0x00008212                process_alloc_event
 .text.process_init
                0x00008220       0x1c contiki-sky.a(process.o)
                0x00008220                process_init
 .text.process_run
                0x0000823c       0x9c contiki-sky.a(process.o)
                0x0000823c                process_run
 .text.process_nevents
                0x000082d8        0xc contiki-sky.a(process.o)
                0x000082d8                process_nevents
 .text.process_post
                0x000082e4       0x54 contiki-sky.a(process.o)
                0x000082e4                process_post
 .text.process_post_synch
                0x00008338       0x12 contiki-sky.a(process.o)
                0x00008338                process_post_synch
 .text.process_start
                0x0000834a       0x32 contiki-sky.a(process.o)
                0x0000834a                process_start
 .text.process_poll
                0x0000837c       0x1a contiki-sky.a(process.o)
                0x0000837c                process_poll
 .text.autostart_start
                0x00008396       0x18 contiki-sky.a(autostart.o)
                0x00008396                autostart_start
 .text.compower_accumulate
                0x000083ae       0x72 contiki-sky.a(compower.o)
                0x000083ae                compower_accumulate
 .text.compower_clear
                0x00008420       0x12 contiki-sky.a(compower.o)
                0x00008420                compower_clear
 .text.compower_attrconv
                0x00008432       0x10 contiki-sky.a(compower.o)
                0x00008432                compower_attrconv
 .text.process_thread_serial_line_process
                0x00008442       0xa6 contiki-sky.a(serial-line.o)
 .text.serial_line_input_byte
                0x000084e8       0x46 contiki-sky.a(serial-line.o)
                0x000084e8                serial_line_input_byte
 .text.serial_line_init
                0x0000852e       0x1c contiki-sky.a(serial-line.o)
                0x0000852e                serial_line_init
 .text.memb_init
                0x0000854a       0x36 contiki-sky.a(memb.o)
                0x0000854a                memb_init
 .text.memb_alloc
                0x00008580       0x3e contiki-sky.a(memb.o)
                0x00008580                memb_alloc
 .text.memb_free
                0x000085be       0x3a contiki-sky.a(memb.o)
                0x000085be                memb_free
 .text.memb_inmemb
                0x000085f8       0x2e contiki-sky.a(memb.o)
                0x000085f8                memb_inmemb
 .text.timer_set
                0x00008626       0x1c contiki-sky.a(timer.o)
                0x00008626                timer_set
 .text.timer_reset
                0x00008642        0xe contiki-sky.a(timer.o)
                0x00008642                timer_reset
 .text.timer_restart
                0x00008650       0x14 contiki-sky.a(timer.o)
                0x00008650                timer_restart
 .text.timer_expired
                0x00008664       0x2e contiki-sky.a(timer.o)
                0x00008664                timer_expired
 .text.list_init
                0x00008692        0x6 contiki-sky.a(list.o)
                0x00008692                list_init
 .text.list_head
                0x00008698        0x4 contiki-sky.a(list.o)
                0x00008698                list_head
 .text.list_tail
                0x0000869c       0x14 contiki-sky.a(list.o)
                0x0000869c                list_tail
 .text.list_remove
                0x000086b0       0x2e contiki-sky.a(list.o)
                0x000086b0                list_remove
 .text.list_push
                0x000086de       0x1a contiki-sky.a(list.o)
                0x000086de                list_push
 .text.list_add
                0x000086f8       0x2a contiki-sky.a(list.o)
                0x000086f8                list_add
 .text.list_length
                0x00008722       0x10 contiki-sky.a(list.o)
                0x00008722                list_length
 .text.list_item_next
                0x00008732        0x8 contiki-sky.a(list.o)
                0x00008732                list_item_next
 .text.update_time
                0x0000873a       0x78 contiki-sky.a(etimer.o)
 .text.etimer_request_poll
                0x000087b2        0xa contiki-sky.a(etimer.o)
                0x000087b2                etimer_request_poll
 .text.process_thread_etimer_process
                0x000087bc       0xce contiki-sky.a(etimer.o)
 .text.add_timer
                0x0000888a       0x40 contiki-sky.a(etimer.o)
 .text.etimer_set
                0x000088ca       0x12 contiki-sky.a(etimer.o)
                0x000088ca                etimer_set
 .text.etimer_reset
                0x000088dc       0x12 contiki-sky.a(etimer.o)
                0x000088dc                etimer_reset
 .text.etimer_restart
                0x000088ee       0x12 contiki-sky.a(etimer.o)
                0x000088ee                etimer_restart
 .text.etimer_expired
                0x00008900        0xe contiki-sky.a(etimer.o)
                0x00008900                etimer_expired
 .text.etimer_expiration_time
                0x0000890e       0x14 contiki-sky.a(etimer.o)
                0x0000890e                etimer_expiration_time
 .text.etimer_pending
                0x00008922        0xe contiki-sky.a(etimer.o)
                0x00008922                etimer_pending
 .text.etimer_next_expiration_time
                0x00008930       0x16 contiki-sky.a(etimer.o)
                0x00008930                etimer_next_expiration_time
 .text.etimer_stop
                0x00008946       0x3c contiki-sky.a(etimer.o)
                0x00008946                etimer_stop
 .text.process_thread_ctimer_process
                0x00008982       0xa4 contiki-sky.a(ctimer.o)
 .text.ctimer_init
                0x00008a26       0x18 contiki-sky.a(ctimer.o)
                0x00008a26                ctimer_init
 .text.ctimer_set
                0x00008a3e       0x5a contiki-sky.a(ctimer.o)
                0x00008a3e                ctimer_set
 .text.ctimer_reset
                0x00008a98       0x3a contiki-sky.a(ctimer.o)
                0x00008a98                ctimer_reset
 .text.ctimer_stop
                0x00008ad2       0x28 contiki-sky.a(ctimer.o)
                0x00008ad2                ctimer_stop
 .text.energest_init
                0x00008afa       0x2a contiki-sky.a(energest.o)
                0x00008afa                energest_init
 .text.energest_type_time
                0x00008b24       0x44 contiki-sky.a(energest.o)
                0x00008b24                energest_type_time
 .text.energest_type_set
                0x00008b68        0xe contiki-sky.a(energest.o)
                0x00008b68                energest_type_set
 .text.energest_flush
                0x00008b76       0x4a contiki-sky.a(energest.o)
                0x00008b76                energest_flush
 .text.rtimer_init
                0x00008bc0        0x6 contiki-sky.a(rtimer.o)
                0x00008bc0                rtimer_init
 .text.rtimer_set
                0x00008bc6       0x24 contiki-sky.a(rtimer.o)
                0x00008bc6                rtimer_set
 .text.rtimer_run_next
                0x00008bea       0x26 contiki-sky.a(rtimer.o)
                0x00008bea                rtimer_run_next
 .text.stimer_set
                0x00008c10       0x1c contiki-sky.a(stimer.o)
                0x00008c10                stimer_set
 .text.stimer_expired
                0x00008c2c       0x42 contiki-sky.a(stimer.o)
                0x00008c2c                stimer_expired
 .text.random_init
                0x00008c6e        0x6 contiki-sky.a(random.o)
                0x00008c6e                random_init
 .text.random_rand
                0x00008c74        0x6 contiki-sky.a(random.o)
                0x00008c74                random_rand
 .text.ringbuf_init
                0x00008c7a       0x14 contiki-sky.a(ringbuf.o)
                0x00008c7a                ringbuf_init
 .text.ringbuf_put
                0x00008c8e       0x3c contiki-sky.a(ringbuf.o)
                0x00008c8e                ringbuf_put
 .text.ringbuf_get
                0x00008cca       0x32 contiki-sky.a(ringbuf.o)
                0x00008cca                ringbuf_get
 .text.index_from_key
                0x00008cfc       0xb4 contiki-sky.a(nbr-table.o)
 .text.item_from_key
                0x00008db0       0x38 contiki-sky.a(nbr-table.o)
 .text.key_from_item
                0x00008de8       0x3a contiki-sky.a(nbr-table.o)
 .text.nbr_set_bit
                0x00008e22       0x6e contiki-sky.a(nbr-table.o)
 .text.index_from_lladdr
                0x00008e90       0x42 contiki-sky.a(nbr-table.o)
 .text.nbr_get_bit.clone.0
                0x00008ed2       0x40 contiki-sky.a(nbr-table.o)
 .text.nbr_table_register
                0x00008f12       0x26 contiki-sky.a(nbr-table.o)
                0x00008f12                nbr_table_register
 .text.nbr_table_next
                0x00008f38       0x36 contiki-sky.a(nbr-table.o)
                0x00008f38                nbr_table_next
 .text.nbr_table_head
                0x00008f6e       0x36 contiki-sky.a(nbr-table.o)
                0x00008f6e                nbr_table_head
 .text.nbr_table_add_lladdr
                0x00008fa4      0x13e contiki-sky.a(nbr-table.o)
                0x00008fa4                nbr_table_add_lladdr
 .text.nbr_table_get_from_lladdr
                0x000090e2       0x4c contiki-sky.a(nbr-table.o)
                0x000090e2                nbr_table_get_from_lladdr
 .text.nbr_table_remove
                0x0000912e       0x32 contiki-sky.a(nbr-table.o)
                0x0000912e                nbr_table_remove
 .text.nbr_table_lock
                0x00009160       0x10 contiki-sky.a(nbr-table.o)
                0x00009160                nbr_table_lock
 .text.nbr_table_unlock
                0x00009170       0x10 contiki-sky.a(nbr-table.o)
                0x00009170                nbr_table_unlock
 .text.nbr_table_get_lladdr
                0x00009180        0xc contiki-sky.a(nbr-table.o)
                0x00009180                nbr_table_get_lladdr
 .text.packetbuf_copyto_hdr
                0x0000918c       0x1c contiki-sky.a(packetbuf.o)
                0x0000918c                packetbuf_copyto_hdr
 .text.packetbuf_copyto
                0x000091a8       0x52 contiki-sky.a(packetbuf.o)
                0x000091a8                packetbuf_copyto
 .text.packetbuf_hdr_remove
                0x000091fa        0x6 contiki-sky.a(packetbuf.o)
                0x000091fa                packetbuf_hdr_remove
 .text.packetbuf_hdrreduce
                0x00009200       0x1a contiki-sky.a(packetbuf.o)
                0x00009200                packetbuf_hdrreduce
 .text.packetbuf_set_datalen
                0x0000921a        0x6 contiki-sky.a(packetbuf.o)
                0x0000921a                packetbuf_set_datalen
 .text.packetbuf_dataptr
                0x00009220        0xa contiki-sky.a(packetbuf.o)
                0x00009220                packetbuf_dataptr
 .text.packetbuf_hdrptr
                0x0000922a        0xa contiki-sky.a(packetbuf.o)
                0x0000922a                packetbuf_hdrptr
 .text.packetbuf_is_reference
                0x00009234        0xe contiki-sky.a(packetbuf.o)
                0x00009234                packetbuf_is_reference
 .text.packetbuf_compact
                0x00009242       0x48 contiki-sky.a(packetbuf.o)
                0x00009242                packetbuf_compact
 .text.packetbuf_reference_ptr
                0x0000928a        0x6 contiki-sky.a(packetbuf.o)
                0x0000928a                packetbuf_reference_ptr
 .text.packetbuf_datalen
                0x00009290        0x6 contiki-sky.a(packetbuf.o)
                0x00009290                packetbuf_datalen
 .text.packetbuf_totlen
                0x00009296       0x10 contiki-sky.a(packetbuf.o)
                0x00009296                packetbuf_totlen
 .text.packetbuf_hdralloc
                0x000092a6       0x2e contiki-sky.a(packetbuf.o)
                0x000092a6                packetbuf_hdralloc
 .text.packetbuf_attr_clear
                0x000092d4       0x32 contiki-sky.a(packetbuf.o)
                0x000092d4                packetbuf_attr_clear
 .text.packetbuf_clear
                0x00009306       0x20 contiki-sky.a(packetbuf.o)
                0x00009306                packetbuf_clear
 .text.packetbuf_copyfrom
                0x00009326       0x2e contiki-sky.a(packetbuf.o)
                0x00009326                packetbuf_copyfrom
 .text.packetbuf_attr_copyto
                0x00009354       0x22 contiki-sky.a(packetbuf.o)
                0x00009354                packetbuf_attr_copyto
 .text.packetbuf_attr_copyfrom
                0x00009376       0x24 contiki-sky.a(packetbuf.o)
                0x00009376                packetbuf_attr_copyfrom
 .text.queuebuf_init
                0x0000939a       0x1a contiki-sky.a(queuebuf.o)
                0x0000939a                queuebuf_init
 .text.queuebuf_new_from_packetbuf
                0x000093b4       0x80 contiki-sky.a(queuebuf.o)
                0x000093b4                queuebuf_new_from_packetbuf
 .text.queuebuf_update_attr_from_packetbuf
                0x00009434       0x12 contiki-sky.a(queuebuf.o)
                0x00009434                queuebuf_update_attr_from_packetbuf
 .text.queuebuf_free
                0x00009446       0x46 contiki-sky.a(queuebuf.o)
                0x00009446                queuebuf_free
 .text.queuebuf_to_packetbuf
                0x0000948c       0x70 contiki-sky.a(queuebuf.o)
                0x0000948c                queuebuf_to_packetbuf
 .text.queuebuf_attr
                0x000094fc        0xe contiki-sky.a(queuebuf.o)
                0x000094fc                queuebuf_attr
 .text.set_packet_attrs
                0x0000950a       0x44 contiki-sky.a(sicslowpan.o)
 .text.addr_context_lookup_by_number
                0x0000954e       0x36 contiki-sky.a(sicslowpan.o)
 .text.compress_addr_64
                0x00009584       0x92 contiki-sky.a(sicslowpan.o)
 .text.uncompress_addr
                0x00009616       0xae contiki-sky.a(sicslowpan.o)
 .text.input    0x000096c4      0x640 contiki-sky.a(sicslowpan.o)
 .text.sicslowpan_init
                0x00009d04       0x26 contiki-sky.a(sicslowpan.o)
                0x00009d04                sicslowpan_init
 .text.addr_context_lookup_by_prefix
                0x00009d2a       0x4c contiki-sky.a(sicslowpan.o)
 .text.send_packet
                0x00009d76       0x1a contiki-sky.a(sicslowpan.o)
 .text.output   0x00009d90      0x6f4 contiki-sky.a(sicslowpan.o)
 .text.packet_sent
                0x0000a484       0x22 contiki-sky.a(sicslowpan.o)
 .text.start_periodic_tcp_timer
                0x0000a4a6       0x16 contiki-sky.a(tcpip.o)
 .text.tcpip_output
                0x0000a4bc       0x10 contiki-sky.a(tcpip.o)
                0x0000a4bc                tcpip_output
 .text.tcpip_set_outputfunc
                0x0000a4cc        0x6 contiki-sky.a(tcpip.o)
                0x0000a4cc                tcpip_set_outputfunc
 .text.udp_new  0x0000a4d2       0x1a contiki-sky.a(tcpip.o)
                0x0000a4d2                udp_new
 .text.tcpip_input
                0x0000a4ec       0x16 contiki-sky.a(tcpip.o)
                0x0000a4ec                tcpip_input
 .text.tcpip_ipv6_output
                0x0000a502      0x18a contiki-sky.a(tcpip.o)
                0x0000a502                tcpip_ipv6_output
 .text.process_thread_tcpip_process
                0x0000a68c      0x1d8 contiki-sky.a(tcpip.o)
 .text.tcpip_uipcall
                0x0000a864       0x7c contiki-sky.a(tcpip.o)
                0x0000a864                tcpip_uipcall
 .text.uip_debug_ipaddr_print
                0x0000a8e0       0x82 contiki-sky.a(uip-debug.o)
                0x0000a8e0                uip_debug_ipaddr_print
 .text.call_route_callback
                0x0000a962       0x54 contiki-sky.a(uip-ds6-route.o)
 .text.uip_ds6_route_init
                0x0000a9b6       0x2e contiki-sky.a(uip-ds6-route.o)
                0x0000a9b6                uip_ds6_route_init
 .text.uip_ds6_route_nexthop
                0x0000a9e4       0x16 contiki-sky.a(uip-ds6-route.o)
                0x0000a9e4                uip_ds6_route_nexthop
 .text.uip_ds6_route_head
                0x0000a9fa       0x26 contiki-sky.a(uip-ds6-route.o)
                0x0000a9fa                uip_ds6_route_head
 .text.uip_ds6_route_next
                0x0000aa20       0x3a contiki-sky.a(uip-ds6-route.o)
                0x0000aa20                uip_ds6_route_next
 .text.uip_ds6_route_lookup
                0x0000aa5a       0x66 contiki-sky.a(uip-ds6-route.o)
                0x0000aa5a                uip_ds6_route_lookup
 .text.uip_ds6_route_add
                0x0000aac0       0xc0 contiki-sky.a(uip-ds6-route.o)
                0x0000aac0                uip_ds6_route_add
 .text.uip_ds6_route_rm
                0x0000ab80       0x60 contiki-sky.a(uip-ds6-route.o)
                0x0000ab80                uip_ds6_route_rm
 .text.rm_routelist
                0x0000abe0       0x30 contiki-sky.a(uip-ds6-route.o)
 .text.rm_routelist_callback
                0x0000ac10        0x6 contiki-sky.a(uip-ds6-route.o)
 .text.uip_ds6_defrt_lookup_by_instance
                0x0000ac16       0x42 contiki-sky.a(uip-ds6-route.o)
                0x0000ac16                uip_ds6_defrt_lookup_by_instance
 .text.uip_ds6_defrt_add
                0x0000ac58       0x7e contiki-sky.a(uip-ds6-route.o)
                0x0000ac58                uip_ds6_defrt_add
 .text.uip_ds6_defrt_rm
                0x0000acd6       0x48 contiki-sky.a(uip-ds6-route.o)
                0x0000acd6                uip_ds6_defrt_rm
 .text.uip_ds6_defrt_lookup
                0x0000ad1e       0x36 contiki-sky.a(uip-ds6-route.o)
                0x0000ad1e                uip_ds6_defrt_lookup
 .text.uip_ds6_defrt_choose
                0x0000ad54       0x46 contiki-sky.a(uip-ds6-route.o)
                0x0000ad54                uip_ds6_defrt_choose
 .text.uip_ds6_defrt_periodic
                0x0000ad9a       0x38 contiki-sky.a(uip-ds6-route.o)
                0x0000ad9a                uip_ds6_defrt_periodic
 .text.uip_ds6_nbr_rm
                0x0000add2       0x1a contiki-sky.a(uip-ds6-nbr.o)
                0x0000add2                uip_ds6_nbr_rm
 .text.uip_ds6_neighbors_init
                0x0000adec        0xe contiki-sky.a(uip-ds6-nbr.o)
                0x0000adec                uip_ds6_neighbors_init
 .text.uip_ds6_nbr_add
                0x0000adfa       0x60 contiki-sky.a(uip-ds6-nbr.o)
                0x0000adfa                uip_ds6_nbr_add
 .text.uip_ds6_nbr_get_ll
                0x0000ae5a        0xc contiki-sky.a(uip-ds6-nbr.o)
                0x0000ae5a                uip_ds6_nbr_get_ll
 .text.uip_ds6_nbr_lookup
                0x0000ae66       0x40 contiki-sky.a(uip-ds6-nbr.o)
                0x0000ae66                uip_ds6_nbr_lookup
 .text.uip_ds6_nbr_ll_lookup
                0x0000aea6        0xc contiki-sky.a(uip-ds6-nbr.o)
                0x0000aea6                uip_ds6_nbr_ll_lookup
 .text.uip_ds6_nbr_ipaddr_from_lladdr
                0x0000aeb2        0x6 contiki-sky.a(uip-ds6-nbr.o)
                0x0000aeb2                uip_ds6_nbr_ipaddr_from_lladdr
 .text.uip_ds6_nbr_lladdr_from_ipaddr
                0x0000aeb8       0x10 contiki-sky.a(uip-ds6-nbr.o)
                0x0000aeb8                uip_ds6_nbr_lladdr_from_ipaddr
 .text.uip_ds6_link_neighbor_callback
                0x0000aec8       0x2a contiki-sky.a(uip-ds6-nbr.o)
                0x0000aec8                uip_ds6_link_neighbor_callback
 .text.uip_ds6_neighbor_periodic
                0x0000aef2      0x114 contiki-sky.a(uip-ds6-nbr.o)
                0x0000aef2                uip_ds6_neighbor_periodic
 .text.uip_ds6_list_loop
                0x0000b006       0x82 contiki-sky.a(uip-ds6.o)
                0x0000b006                uip_ds6_list_loop
 .text.uip_ds6_prefix_add
                0x0000b088       0x80 contiki-sky.a(uip-ds6.o)
                0x0000b088                uip_ds6_prefix_add
 .text.uip_ds6_is_addr_onlink
                0x0000b108       0x50 contiki-sky.a(uip-ds6.o)
                0x0000b108                uip_ds6_is_addr_onlink
 .text.uip_ds6_addr_lookup
                0x0000b158       0x2a contiki-sky.a(uip-ds6.o)
                0x0000b158                uip_ds6_addr_lookup
 .text.uip_ds6_get_link_local
                0x0000b182       0x3e contiki-sky.a(uip-ds6.o)
                0x0000b182                uip_ds6_get_link_local
 .text.uip_ds6_maddr_add
                0x0000b1c0       0x4c contiki-sky.a(uip-ds6.o)
                0x0000b1c0                uip_ds6_maddr_add
 .text.uip_ds6_addr_add
                0x0000b20c       0xca contiki-sky.a(uip-ds6.o)
                0x0000b20c                uip_ds6_addr_add
 .text.uip_ds6_maddr_lookup
                0x0000b2d6       0x2a contiki-sky.a(uip-ds6.o)
                0x0000b2d6                uip_ds6_maddr_lookup
 .text.uip_ds6_addr_rm
                0x0000b300       0x54 contiki-sky.a(uip-ds6.o)
                0x0000b300                uip_ds6_addr_rm
 .text.uip_ds6_periodic
                0x0000b354       0x4a contiki-sky.a(uip-ds6.o)
                0x0000b354                uip_ds6_periodic
 .text.uip_ds6_set_addr_iid
                0x0000b39e       0x14 contiki-sky.a(uip-ds6.o)
                0x0000b39e                uip_ds6_set_addr_iid
 .text.get_match_length
                0x0000b3b2       0x46 contiki-sky.a(uip-ds6.o)
                0x0000b3b2                get_match_length
 .text.uip_ds6_select_src
                0x0000b3f8       0xaa contiki-sky.a(uip-ds6.o)
                0x0000b3f8                uip_ds6_select_src
 .text.uip_ds6_compute_reachable_time
                0x0000b4a2       0x4a contiki-sky.a(uip-ds6.o)
                0x0000b4a2                uip_ds6_compute_reachable_time
 .text.uip_ds6_init
                0x0000b4ec      0x15a contiki-sky.a(uip-ds6.o)
                0x0000b4ec                uip_ds6_init
 .text.uip_icmp6_echo_request_input
                0x0000b646      0x122 contiki-sky.a(uip-icmp6.o)
                0x0000b646                uip_icmp6_echo_request_input
 .text.uip_icmp6_error_output
                0x0000b768      0x16a contiki-sky.a(uip-icmp6.o)
                0x0000b768                uip_icmp6_error_output
 .text.uip_icmp6_send
                0x0000b8d2       0x9a contiki-sky.a(uip-icmp6.o)
                0x0000b8d2                uip_icmp6_send
 .text.create_llao
                0x0000b96c       0x2c contiki-sky.a(uip-nd6.o)
 .text.uip_nd6_ns_input
                0x0000b998      0x236 contiki-sky.a(uip-nd6.o)
                0x0000b998                uip_nd6_ns_input
 .text.uip_nd6_ns_output
                0x0000bbce      0x16c contiki-sky.a(uip-nd6.o)
                0x0000bbce                uip_nd6_ns_output
 .text.uip_nd6_na_input
                0x0000bd3a      0x1b8 contiki-sky.a(uip-nd6.o)
                0x0000bd3a                uip_nd6_na_input
 .text.chksum   0x0000bef2       0x34 contiki-sky.a(uip6.o)
 .text.upper_layer_chksum
                0x0000bf26       0x54 contiki-sky.a(uip6.o)
 .text.ext_hdr_options_process
                0x0000bf7a       0xe0 contiki-sky.a(uip6.o)
 .text.uip_add32
                0x0000c05a       0x72 contiki-sky.a(uip6.o)
                0x0000c05a                uip_add32
 .text.uip_add_rcv_nxt
                0x0000c0cc       0x2e contiki-sky.a(uip6.o)
 .text.uip_icmp6chksum
                0x0000c0fa        0xa contiki-sky.a(uip6.o)
                0x0000c0fa                uip_icmp6chksum
 .text.uip_tcpchksum
                0x0000c104        0xa contiki-sky.a(uip6.o)
                0x0000c104                uip_tcpchksum
 .text.uip_udpchksum
                0x0000c10e        0xa contiki-sky.a(uip6.o)
                0x0000c10e                uip_udpchksum
 .text.uip_init
                0x0000c118       0x6c contiki-sky.a(uip6.o)
                0x0000c118                uip_init
 .text.remove_ext_hdr
                0x0000c184       0x58 contiki-sky.a(uip6.o)
                0x0000c184                remove_ext_hdr
 .text.uip_udp_new
                0x0000c1dc       0xf8 contiki-sky.a(uip6.o)
                0x0000c1dc                uip_udp_new
 .text.uip_unlisten
                0x0000c2d4       0x32 contiki-sky.a(uip6.o)
                0x0000c2d4                uip_unlisten
 .text.uip_process
                0x0000c306      0xed4 contiki-sky.a(uip6.o)
                0x0000c306                uip_process
 .text.uip_htonl
                0x0000d1da       0x3e contiki-sky.a(uip6.o)
                0x0000d1da                uip_htonl
 .text.init_platform
                0x0000d218        0xc contiki-sky.a(contiki-sky-pla)
                0x0000d218                init_platform
 .text.status   0x0000d224       0x16 contiki-sky.a(button-sensor.o)
 .text.configure
                0x0000d23a       0x4a contiki-sky.a(button-sensor.o)
 .text.value    0x0000d284       0x26 contiki-sky.a(button-sensor.o)
 .text.irq_p2   0x0000d2aa       0x92 contiki-sky.a(button-sensor.o)
                0x0000d2aa                irq_p2
                0x0000d2aa                __isr_1
 .text.crc8_add
                0x0000d33c       0x1a contiki-sky.a(ds2411.o)
 .text.owreadb  0x0000d356       0x56 contiki-sky.a(ds2411.o)
 .text.ds2411_init
                0x0000d3ac      0x10a contiki-sky.a(ds2411.o)
                0x0000d3ac                ds2411_init
 .text.wait_ready
                0x0000d4b6       0x4e contiki-sky.a(xmem.o)
 .text.xmem_init
                0x0000d504       0x3c contiki-sky.a(xmem.o)
                0x0000d504                xmem_init
 .text.xmem_pread
                0x0000d540       0xdc contiki-sky.a(xmem.o)
                0x0000d540                xmem_pread
 .text.node_id_restore
                0x0000d61c       0x38 contiki-sky.a(node-id.o)
                0x0000d61c                node_id_restore
 .text.get_sensor_index
                0x0000d654       0x22 contiki-sky.a(sensors.o)
 .text.process_thread_sensors_process
                0x0000d676       0xc2 contiki-sky.a(sensors.o)
 .text.sensors_changed
                0x0000d738       0x14 contiki-sky.a(sensors.o)
                0x0000d738                sensors_changed
 .text.strobe   0x0000d74c       0x1e contiki-sky.a(cc2420.o)
 .text.status   0x0000d76a       0x24 contiki-sky.a(cc2420.o)
 .text.getreg   0x0000d78e       0x50 contiki-sky.a(cc2420.o)
 .text.setreg   0x0000d7de       0x48 contiki-sky.a(cc2420.o)
 .text.set_txpower
                0x0000d826       0x2a contiki-sky.a(cc2420.o)
 .text.cc2420_receiving_packet
                0x0000d850       0x10 contiki-sky.a(cc2420.o)
 .text.pending_packet
                0x0000d860        0x8 contiki-sky.a(cc2420.o)
 .text.on       0x0000d868       0x46 contiki-sky.a(cc2420.o)
 .text.flushrx  0x0000d8ae       0x74 contiki-sky.a(cc2420.o)
 .text.off      0x0000d922       0x78 contiki-sky.a(cc2420.o)
 .text.RELEASE_LOCK
                0x0000d99a       0x28 contiki-sky.a(cc2420.o)
 .text.cc2420_prepare
                0x0000d9c2       0x82 contiki-sky.a(cc2420.o)
 .text.cc2420_on
                0x0000da44       0x22 contiki-sky.a(cc2420.o)
                0x0000da44                cc2420_on
 .text.cc2420_off
                0x0000da66       0x30 contiki-sky.a(cc2420.o)
                0x0000da66                cc2420_off
 .text.cc2420_cca
                0x0000da96       0x7a contiki-sky.a(cc2420.o)
 .text.getrxdata
                0x0000db10       0x4e contiki-sky.a(cc2420.o)
 .text.cc2420_read
                0x0000db5e       0xe6 contiki-sky.a(cc2420.o)
 .text.process_thread_cc2420_process
                0x0000dc44       0x50 contiki-sky.a(cc2420.o)
 .text.cc2420_set_channel
                0x0000dc94       0x7a contiki-sky.a(cc2420.o)
                0x0000dc94                cc2420_set_channel
 .text.cc2420_set_pan_addr
                0x0000dd0e      0x13a contiki-sky.a(cc2420.o)
                0x0000dd0e                cc2420_set_pan_addr
 .text.cc2420_interrupt
                0x0000de48       0x20 contiki-sky.a(cc2420.o)
                0x0000de48                cc2420_interrupt
 .text.cc2420_get_txpower
                0x0000de68       0x1e contiki-sky.a(cc2420.o)
                0x0000de68                cc2420_get_txpower
 .text.cc2420_transmit
                0x0000de86      0x1a4 contiki-sky.a(cc2420.o)
 .text.cc2420_send
                0x0000e02a       0x12 contiki-sky.a(cc2420.o)
 .text.cc2420_set_cca_threshold
                0x0000e03c       0x16 contiki-sky.a(cc2420.o)
                0x0000e03c                cc2420_set_cca_threshold
 .text.cc2420_init
                0x0000e052       0xdc contiki-sky.a(cc2420.o)
                0x0000e052                cc2420_init
 .text.cc2420_port1_interrupt
                0x0000e12e       0x6a contiki-sky.a(cc2420-arch.o)
                0x0000e12e                __isr_4
                0x0000e12e                cc2420_port1_interrupt
 .text.cc2420_arch_init
                0x0000e198       0x1a contiki-sky.a(cc2420-arch.o)
                0x0000e198                cc2420_arch_init
 .text.handle_rxdma_timer
                0x0000e1b2       0x42 contiki-sky.a(uart1.o)
 .text.uart1_active
                0x0000e1f4       0x18 contiki-sky.a(uart1.o)
                0x0000e1f4                uart1_active
 .text.uart1_set_input
                0x0000e20c       0x20 contiki-sky.a(uart1.o)
                0x0000e20c                uart1_set_input
 .text.uart1_writeb
                0x0000e22c       0x1a contiki-sky.a(uart1.o)
                0x0000e22c                uart1_writeb
 .text.uart1_init
                0x0000e246       0xee contiki-sky.a(uart1.o)
                0x0000e246                uart1_init
 .text.putchar  0x0000e334        0xe contiki-sky.a(uart1-putchar.o)
                0x0000e334                putchar
 .text.msp430_init_dco
                0x0000e342       0x74 contiki-sky.a(msp430.o)
                0x0000e342                msp430_init_dco
 .text.msp430_add_lpm_req
                0x0000e3b6        0xa contiki-sky.a(msp430.o)
                0x0000e3b6                msp430_add_lpm_req
 .text.msp430_cpu_init
                0x0000e3c0       0x2a contiki-sky.a(msp430.o)
                0x0000e3c0                msp430_cpu_init
 .text.splhigh_
                0x0000e3ea        0x8 contiki-sky.a(msp430.o)
                0x0000e3ea                splhigh_
 .text.msp430_sync_dco
                0x0000e3f2       0x60 contiki-sky.a(msp430.o)
                0x0000e3f2                msp430_sync_dco
 .text.timera1  0x0000e452       0xee contiki-sky.a(clock.o)
                0x0000e452                __isr_5
                0x0000e452                timera1
 .text.clock_time
                0x0000e540       0x1a contiki-sky.a(clock.o)
                0x0000e540                clock_time
 .text.clock_init
                0x0000e55a       0x28 contiki-sky.a(clock.o)
                0x0000e55a                clock_init
 .text.clock_delay
                0x0000e582        0xc contiki-sky.a(clock.o)
                0x0000e582                clock_delay
 .text.clock_seconds
                0x0000e58e       0x1a contiki-sky.a(clock.o)
                0x0000e58e                clock_seconds
 .text.show_leds
                0x0000e5a8      0x10c contiki-sky.a(leds.o)
 .text.leds_init
                0x0000e6b4        0xe contiki-sky.a(leds.o)
                0x0000e6b4                leds_init
 .text.leds_on  0x0000e6c2       0x14 contiki-sky.a(leds.o)
                0x0000e6c2                leds_on
 .text.leds_off
                0x0000e6d6       0x14 contiki-sky.a(leds.o)
                0x0000e6d6                leds_off
 .text.leds_invert
                0x0000e6ea        0xa contiki-sky.a(leds.o)
                0x0000e6ea                leds_invert
 .text.leds_blink
                0x0000e6f4       0x26 contiki-sky.a(leds.o)
                0x0000e6f4                leds_blink
 .text.leds_arch_init
                0x0000e71a        0xe contiki-sky.a(leds-arch.o)
                0x0000e71a                leds_arch_init
 .text.leds_arch_set
                0x0000e728       0x3a contiki-sky.a(leds-arch.o)
                0x0000e728                leds_arch_set
 .text.watchdog_interrupt
                0x0000e762        0x6 contiki-sky.a(watchdog.o)
                0x0000e762                __isr_10
                0x0000e762                watchdog_interrupt
 .text.watchdog_start
                0x0000e768       0x14 contiki-sky.a(watchdog.o)
                0x0000e768                watchdog_start
 .text.watchdog_periodic
                0x0000e77c       0x12 contiki-sky.a(watchdog.o)
                0x0000e77c                watchdog_periodic
 .text.watchdog_stop
                0x0000e78e       0x16 contiki-sky.a(watchdog.o)
                0x0000e78e                watchdog_stop
 .text.watchdog_init
                0x0000e7a4       0x14 contiki-sky.a(watchdog.o)
                0x0000e7a4                watchdog_init
 .text.rtimer_arch_init
                0x0000e7b8        0xe contiki-sky.a(rtimer-arch.o)
                0x0000e7b8                rtimer_arch_init
 .text.rtimer_arch_now
                0x0000e7c6        0xe contiki-sky.a(rtimer-arch.o)
                0x0000e7c6                rtimer_arch_now
 .text.timera0  0x0000e7d4       0x76 contiki-sky.a(rtimer-arch.o)
                0x0000e7d4                __isr_6
                0x0000e7d4                timera0
 .text.rtimer_arch_schedule
                0x0000e84a        0x6 contiki-sky.a(rtimer-arch.o)
                0x0000e84a                rtimer_arch_schedule
 .text.mac_call_sent_callback
                0x0000e850       0x14 contiki-sky.a(mac.o)
                0x0000e850                mac_call_sent_callback
 .text.parse    0x0000e864       0xa8 contiki-sky.a(framer-802154.o)
 .text.create   0x0000e90c      0x10a contiki-sky.a(framer-802154.o)
 .text.rpl_purge_routes
                0x0000ea16       0x9a contiki-sky.a(rpl.o)
                0x0000ea16                rpl_purge_routes
 .text.rpl_remove_routes
                0x0000eab0       0x22 contiki-sky.a(rpl.o)
                0x0000eab0                rpl_remove_routes
 .text.rpl_remove_routes_by_nexthop
                0x0000ead2       0x46 contiki-sky.a(rpl.o)
                0x0000ead2                rpl_remove_routes_by_nexthop
 .text.rpl_add_route
                0x0000eb18       0x4e contiki-sky.a(rpl.o)
                0x0000eb18                rpl_add_route
 .text.rpl_link_neighbor_callback
                0x0000eb66       0x7a contiki-sky.a(rpl.o)
                0x0000eb66                rpl_link_neighbor_callback
 .text.rpl_ipv6_neighbor_callback
                0x0000ebe0       0x34 contiki-sky.a(rpl.o)
                0x0000ebe0                rpl_ipv6_neighbor_callback
 .text.rpl_init
                0x0000ec14       0x44 contiki-sky.a(rpl.o)
                0x0000ec14                rpl_init
 .text.rpl_verify_header
                0x0000ec58       0xb2 contiki-sky.a(rpl-ext-header.)
                0x0000ec58                rpl_verify_header
 .text.rpl_update_header_empty
                0x0000ed0a      0x104 contiki-sky.a(rpl-ext-header.)
                0x0000ed0a                rpl_update_header_empty
 .text.rpl_update_header_final
                0x0000ee0e       0x8e contiki-sky.a(rpl-ext-header.)
                0x0000ee0e                rpl_update_header_final
 .text.rpl_invert_header
                0x0000ee9c       0x5c contiki-sky.a(rpl-ext-header.)
                0x0000ee9c                rpl_invert_header
 .text.rpl_insert_header
                0x0000eef8       0x18 contiki-sky.a(rpl-ext-header.)
                0x0000eef8                rpl_insert_header
 .text.spi_init
                0x0000ef10       0x32 contiki-sky.a(spi.o)
                0x0000ef10                spi_init
 .text.field_len
                0x0000ef42       0x98 contiki-sky.a(frame802154.o)
 .text.frame802154_hdrlen
                0x0000efda       0x2e contiki-sky.a(frame802154.o)
                0x0000efda                frame802154_hdrlen
 .text.frame802154_create
                0x0000f008      0x16c contiki-sky.a(frame802154.o)
                0x0000f008                frame802154_create
 .text.frame802154_parse
                0x0000f174      0x19e contiki-sky.a(frame802154.o)
                0x0000f174                frame802154_parse
 .text.libgcc   0x0000f312       0x20 /usr/lib/gcc/msp430/4.5.3/mmpy-16/libgcc.a(_mulsi3.o)
                0x0000f312                __mulsi3
 .text.libgcc   0x0000f332       0x1c /usr/lib/gcc/msp430/4.5.3/mmpy-16/libgcc.a(_udivmodhi4.o)
                0x0000f332                __udivmodhi4
 .text.libgcc   0x0000f34e       0x36 /usr/lib/gcc/msp430/4.5.3/mmpy-16/libgcc.a(_divmodhi4.o)
                0x0000f34e                __divmodhi4
 .text.libgcc   0x0000f384       0x2a /usr/lib/gcc/msp430/4.5.3/mmpy-16/libgcc.a(_udivmodsi4.o)
                0x0000f384                __udivmodsi4
 .text.crt0     0x0000f3ae        0x2 /usr/lib/gcc/msp430/4.5.3/mmpy-16/libcrt0.a(_unexpected_.o)
                0x0000f3ae                _unexpected_

.rodata         0x0000f3b0        0x0
                0x0000f3b0                . = ALIGN (0x2)
 *(.rodata .rodata.* .gnu.linkonce.r.*)
                0x0000f3b0                . = ALIGN (0x2)
                0x0000f3b0                _etext = .

.data           0x00001100       0xe6 load address 0x0000f3b0
                0x00001100                . = ALIGN (0x2)
                0x00001100                PROVIDE (__data_start, .)
 *(.data)
 .data          0x00001100        0xa udp-sink.co
                0x00001100                udp_server_process
 .data          0x0000110a        0xc obj_sky/collect-common.o
                0x0000110a                collect_common_process
 .data          0x00001116       0x18 contiki-sky.a(csma.o)
 .data          0x0000112e       0x10 contiki-sky.a(phase.o)
 .data          0x0000113e       0x10 contiki-sky.a(rpl-dag.o)
 .data          0x0000114e        0x1 contiki-sky.a(rpl-icmp6.o)
 *fill*         0x0000114f        0x1 00
 .data          0x00001150        0xe contiki-sky.a(rpl-mrhof.o)
                0x00001150                rpl_mrhof
 .data          0x0000115e        0xa contiki-sky.a(serial-line.o)
                0x0000115e                serial_line_process
 .data          0x00001168        0xa contiki-sky.a(etimer.o)
                0x00001168                etimer_process
 .data          0x00001172        0xa contiki-sky.a(ctimer.o)
                0x00001172                ctimer_process
 .data          0x0000117c        0x8 contiki-sky.a(nbr-table.o)
 .data          0x00001184       0x18 contiki-sky.a(queuebuf.o)
 .data          0x0000119c        0xa contiki-sky.a(tcpip.o)
                0x0000119c                tcpip_process
 .data          0x000011a6       0x18 contiki-sky.a(uip-ds6-route.o)
 .data          0x000011be        0xa contiki-sky.a(uip-ds6-nbr.o)
                0x000011be                ds6_neighbors
 .data          0x000011c8        0x4 contiki-sky.a(contiki-sky-pla)
                0x000011c8                sensors
 .data          0x000011cc        0xa contiki-sky.a(sensors.o)
                0x000011cc                sensors_process
 .data          0x000011d6        0xa contiki-sky.a(cc2420.o)
                0x000011d6                cc2420_process
 .data          0x000011e0        0x2 contiki-sky.a(msp430.o)
 .data          0x000011e2        0x4 /usr/lib/gcc/msp430/4.5.3/../../../../msp430/lib/mmpy-16/libc.a(rand.o)
 *(SORT(.data.*))
                0x000011e6                . = ALIGN (0x2)
 *(.gnu.linkonce.d*)
                0x000011e6                . = ALIGN (0x2)
                0x000011e6                _edata = .
                0x0000f3b0                PROVIDE (__data_load_start, LOADADDR (.data))
                0x000000e6                PROVIDE (__data_size, SIZEOF (.data))

.bss            0x000011e6     0x1d7a load address 0x0000f496
                0x000011e6                PROVIDE (__bss_start, .)
 *(.bss)
 .bss           0x000011e6        0x2 udp-sink.co
 .bss           0x000011e8       0x10 obj_sky/collect-common.o
 .bss           0x000011f8        0xc obj_sky/contiki-sky-main.o
 .bss           0x00001204       0xc2 contiki-sky.a(csma.o)
 .bss           0x000012c6       0xd8 contiki-sky.a(contikimac.o)
 .bss           0x0000139e      0x1d8 contiki-sky.a(phase.o)
 .bss           0x00001576      0x1e0 contiki-sky.a(rpl-dag.o)
 .bss           0x00001756       0x18 contiki-sky.a(rpl-timers.o)
 .bss           0x0000176e       0x42 contiki-sky.a(process.o)
                0x0000176e                process_list
                0x00001770                process_current
 .bss           0x000017b0        0x8 contiki-sky.a(compower.o)
 .bss           0x000017b8      0x10a contiki-sky.a(serial-line.o)
 .bss           0x000018c2        0x6 contiki-sky.a(etimer.o)
 .bss           0x000018c8        0x4 contiki-sky.a(ctimer.o)
 .bss           0x000018cc        0x2 contiki-sky.a(rtimer.o)
 .bss           0x000018ce      0x118 contiki-sky.a(nbr-table.o)
 .bss           0x000019e6       0xba contiki-sky.a(packetbuf.o)
 .bss           0x00001aa0      0x71e contiki-sky.a(queuebuf.o)
 .bss           0x000021be      0x122 contiki-sky.a(sicslowpan.o)
 .bss           0x000022e0       0x36 contiki-sky.a(tcpip.o)
 .bss           0x00002316      0x220 contiki-sky.a(uip-ds6-route.o)
 .bss           0x00002536      0x2d0 contiki-sky.a(uip-ds6-nbr.o)
 .bss           0x00002806       0x18 contiki-sky.a(uip-ds6.o)
 .bss           0x0000281e       0x10 contiki-sky.a(uip-icmp6.o)
 .bss           0x0000282e        0xa contiki-sky.a(uip-nd6.o)
 .bss           0x00002838       0x10 contiki-sky.a(uip6.o)
                0x00002838                uip_ext_bitmap
                0x0000283a                uip_ext_len
                0x0000283c                uip_ext_opt_offset
 .bss           0x00002848        0x8 contiki-sky.a(button-sensor.o)
 .bss           0x00002850        0x2 contiki-sky.a(node-id.o)
                0x00002850                node_id
 .bss           0x00002852        0x6 contiki-sky.a(sensors.o)
 .bss           0x00002858        0xa contiki-sky.a(cc2420.o)
 .bss           0x00002862       0x9a contiki-sky.a(uart1.o)
 .bss           0x000028fc        0xa contiki-sky.a(clock.o)
 .bss           0x00002906        0x2 contiki-sky.a(leds.o)
 .bss           0x00002908        0x2 contiki-sky.a(watchdog.o)
 .bss           0x0000290a        0x2 contiki-sky.a(framer-802154.o)
 *(SORT(.bss.*))
 *(COMMON)
 COMMON         0x0000290c        0x8 contiki-sky.a(rimeaddr.o)
                0x0000290c                rimeaddr_node_addr
 COMMON         0x00002914      0x10e contiki-sky.a(rpl-dag.o)
                0x00002914                second_instance
                0x00002916                default_instance
                0x00002918                rpl_parents
                0x0000291a                instance_table
 COMMON         0x00002a22        0x1 contiki-sky.a(process.o)
                0x00002a22                process_maxevents
 *fill*         0x00002a23        0x1 00
 COMMON         0x00002a24        0x8 contiki-sky.a(compower.o)
                0x00002a24                compower_idle_activity
 COMMON         0x00002a2c        0x1 contiki-sky.a(serial-line.o)
                0x00002a2c                serial_line_event_message
 *fill*         0x00002a2d        0x1 00
 COMMON         0x00002a2e       0x56 contiki-sky.a(energest.o)
                0x00002a2e                energest_total_time
                0x00002a5e                energest_total_count
                0x00002a60                energest_current_mode
                0x00002a6c                energest_current_time
 COMMON         0x00002a84       0x50 contiki-sky.a(packetbuf.o)
                0x00002a84                packetbuf_addrs
                0x00002aa4                packetbuf_attrs
 COMMON         0x00002ad4        0x8 contiki-sky.a(sicslowpan.o)
                0x00002ad4                frag_sender
 COMMON         0x00002adc        0x1 contiki-sky.a(tcpip.o)
                0x00002adc                tcpip_event
 *fill*         0x00002add        0x1 00
 COMMON         0x00002ade      0x15c contiki-sky.a(uip-ds6.o)
                0x00002ade                uip_ds6_timer_ra
                0x00002ae6                uip_ds6_if
                0x00002bd2                uip_ds6_netif_addr_list_offset
                0x00002bd3                uip_ds6_addr_size
                0x00002bd4                uip_ds6_prefix_list
                0x00002c2e                uip_ds6_timer_periodic
 COMMON         0x00002c3a      0x304 contiki-sky.a(uip6.o)
                0x00002c3a                uip_len
                0x00002c3c                uip_sappdata
                0x00002c3e                uip_acc32
                0x00002c42                uip_lladdr
                0x00002c4a                uip_aligned_buf
                0x00002d3a                uip_flags
                0x00002d3c                uip_next_hdr
                0x00002d3e                uip_udp_conn
                0x00002d40                uip_appdata
                0x00002d42                uip_conn
                0x00002d44                uip_conns
                0x00002df4                uip_listenports
                0x00002e04                uip_slen
                0x00002e06                uip_udp_conns
 COMMON         0x00002f3e        0x2 contiki-sky.a(contiki-sky-pla)
                0x00002f3e                sensors_flags
 COMMON         0x00002f40        0x8 contiki-sky.a(ds2411.o)
                0x00002f40                ds2411_id
 COMMON         0x00002f48        0x1 contiki-sky.a(sensors.o)
                0x00002f48                sensors_event
 *fill*         0x00002f49        0x1 00
 COMMON         0x00002f4a       0x14 contiki-sky.a(cc2420.o)
                0x00002f4a                cc2420_last_rssi
                0x00002f4c                cc2420_packets_read
                0x00002f4e                cc2420_packets_seen
                0x00002f50                cc2420_sfd_start_time
                0x00002f52                cc2420_time_of_departure
                0x00002f54                cc2420_time_of_arrival
                0x00002f56                cc2420_last_correlation
                0x00002f58                cc2420_authority_level_of_sender
                0x00002f5a                cc2420_sfd_counter
                0x00002f5c                cc2420_sfd_end_time
 COMMON         0x00002f5e        0x2 contiki-sky.a(msp430.o)
                0x00002f5e                msp430_dco_required
                0x00002f60                PROVIDE (__bss_end, .)
                0x00002f60                _end = .
                0x00001d7a                PROVIDE (__bss_size, SIZEOF (.bss))

.noinit         0x00002f60        0x0 load address 0x0000f496
                0x00002f60                PROVIDE (__noinit_start, .)
 *(.noinit)
 *(.noinit.*)
 *(COMMON)
                0x00002f60                PROVIDE (__noinit_end, .)
                0x00002f60                _end = .

.infomem        0x00001000        0x0
 *(.infomem)
                0x00001000                . = ALIGN (0x2)
 *(.infomem.*)

.infomemnobits  0x00001000        0x0
                0x00001000                . = ALIGN (0x2)
 *(.infomemnobits)
                0x00001000                . = ALIGN (0x2)
 *(.infomemnobits.*)

.vectors        0x0000ffe0       0x20
                0x0000ffe0                PROVIDE (__vectors_start, .)
 *(.vectors*)
 .vectors       0x0000ffe0       0x20 /usr/lib/gcc/msp430/4.5.3/mmpy-16/crt0ivtbl16.o
                0x0000ffe0                __ivtbl_16
                0x00010000                _vectors_end = .

.fartext        0x00000000        0x0
                0x00000000                . = ALIGN (0x2)
 *(.fartext)
                0x00000000                . = ALIGN (0x2)
 *(.fartext.*)
                0x00000000                _efartext = .

.profiler
 *(.profiler)

.stab
 *(.stab)

.stabstr
 *(.stabstr)

.stab.excl
 *(.stab.excl)

.stab.exclstr
 *(.stab.exclstr)

.stab.index
 *(.stab.index)

.stab.indexstr
 *(.stab.indexstr)

.comment
 *(.comment)

.debug
 *(.debug)

.line
 *(.line)

.debug_srcinfo
 *(.debug_srcinfo)

.debug_sfnames
 *(.debug_sfnames)

.debug_aranges  0x00000000      0x17c
 *(.debug_aranges)
 .debug_aranges
                0x00000000       0x14 /usr/lib/gcc/msp430/4.5.3/mmpy-16/libgcc.a(_mulsi3.o)
 .debug_aranges
                0x00000014       0x14 /usr/lib/gcc/msp430/4.5.3/mmpy-16/libgcc.a(_udivmodhi4.o)
 .debug_aranges
                0x00000028       0x14 /usr/lib/gcc/msp430/4.5.3/mmpy-16/libgcc.a(_divmodhi4.o)
 .debug_aranges
                0x0000003c       0x14 /usr/lib/gcc/msp430/4.5.3/mmpy-16/libgcc.a(_udivmodsi4.o)
 .debug_aranges
                0x00000050       0x14 /usr/lib/gcc/msp430/4.5.3/../../../../msp430/lib/mmpy-16/libc.a(strncmp.o)
 .debug_aranges
                0x00000064       0x14 /usr/lib/gcc/msp430/4.5.3/../../../../msp430/lib/mmpy-16/libc.a(memcmp.o)
 .debug_aranges
                0x00000078       0x14 /usr/lib/gcc/msp430/4.5.3/../../../../msp430/lib/mmpy-16/libc.a(memcpy.o)
 .debug_aranges
                0x0000008c       0x14 /usr/lib/gcc/msp430/4.5.3/../../../../msp430/lib/mmpy-16/libc.a(memmove.o)
 .debug_aranges
                0x000000a0       0x14 /usr/lib/gcc/msp430/4.5.3/../../../../msp430/lib/mmpy-16/libc.a(memset.o)
 .debug_aranges
                0x000000b4       0x14 /usr/lib/gcc/msp430/4.5.3/../../../../msp430/lib/mmpy-16/libc.a(printf.o)
 .debug_aranges
                0x000000c8       0x14 /usr/lib/gcc/msp430/4.5.3/../../../../msp430/lib/mmpy-16/libc.a(vuprintf.o)
 .debug_aranges
                0x000000dc       0x14 /usr/lib/gcc/msp430/4.5.3/../../../../msp430/lib/mmpy-16/libc.a(puts.o)
 .debug_aranges
                0x000000f0       0x14 /usr/lib/gcc/msp430/4.5.3/../../../../msp430/lib/mmpy-16/libc.a(rand.o)
 .debug_aranges
                0x00000104       0x14 /usr/lib/gcc/msp430/4.5.3/mmpy-16/libcrt0.a(__init_stack.o)
 .debug_aranges
                0x00000118       0x14 /usr/lib/gcc/msp430/4.5.3/mmpy-16/libcrt0.a(__low_level_init.o)
 .debug_aranges
                0x0000012c       0x14 /usr/lib/gcc/msp430/4.5.3/mmpy-16/libcrt0.a(_copy_data.o)
 .debug_aranges
                0x00000140       0x14 /usr/lib/gcc/msp430/4.5.3/mmpy-16/libcrt0.a(_clear_bss.o)
 .debug_aranges
                0x00000154       0x14 /usr/lib/gcc/msp430/4.5.3/mmpy-16/libcrt0.a(_endless_loop__.o)
 .debug_aranges
                0x00000168       0x14 /usr/lib/gcc/msp430/4.5.3/mmpy-16/libcrt0.a(_unexpected_.o)

.debug_pubnames
                0x00000000      0x126
 *(.debug_pubnames)
 .debug_pubnames
                0x00000000       0x1e /usr/lib/gcc/msp430/4.5.3/../../../../msp430/lib/mmpy-16/libc.a(strncmp.o)
 .debug_pubnames
                0x0000001e       0x1d /usr/lib/gcc/msp430/4.5.3/../../../../msp430/lib/mmpy-16/libc.a(memcmp.o)
 .debug_pubnames
                0x0000003b       0x1d /usr/lib/gcc/msp430/4.5.3/../../../../msp430/lib/mmpy-16/libc.a(memcpy.o)
 .debug_pubnames
                0x00000058       0x1e /usr/lib/gcc/msp430/4.5.3/../../../../msp430/lib/mmpy-16/libc.a(memmove.o)
 .debug_pubnames
                0x00000076       0x1d /usr/lib/gcc/msp430/4.5.3/../../../../msp430/lib/mmpy-16/libc.a(memset.o)
 .debug_pubnames
                0x00000093       0x29 /usr/lib/gcc/msp430/4.5.3/../../../../msp430/lib/mmpy-16/libc.a(printf.o)
 .debug_pubnames
                0x000000bc       0x1f /usr/lib/gcc/msp430/4.5.3/../../../../msp430/lib/mmpy-16/libc.a(vuprintf.o)
 .debug_pubnames
                0x000000db       0x1b /usr/lib/gcc/msp430/4.5.3/../../../../msp430/lib/mmpy-16/libc.a(puts.o)
 .debug_pubnames
                0x000000f6       0x30 /usr/lib/gcc/msp430/4.5.3/../../../../msp430/lib/mmpy-16/libc.a(rand.o)

.debug_info     0x00000000     0x12fa
 *(.debug_info)
 .debug_info    0x00000000       0xd7 /usr/lib/gcc/msp430/4.5.3/mmpy-16/libgcc.a(_mulsi3.o)
 .debug_info    0x000000d7       0xd7 /usr/lib/gcc/msp430/4.5.3/mmpy-16/libgcc.a(_udivmodhi4.o)
 .debug_info    0x000001ae       0xd7 /usr/lib/gcc/msp430/4.5.3/mmpy-16/libgcc.a(_divmodhi4.o)
 .debug_info    0x00000285       0xd7 /usr/lib/gcc/msp430/4.5.3/mmpy-16/libgcc.a(_udivmodsi4.o)
 .debug_info    0x0000035c       0xbd /usr/lib/gcc/msp430/4.5.3/../../../../msp430/lib/mmpy-16/libc.a(strncmp.o)
 .debug_info    0x00000419       0xe2 /usr/lib/gcc/msp430/4.5.3/../../../../msp430/lib/mmpy-16/libc.a(memcmp.o)
 .debug_info    0x000004fb      0x113 /usr/lib/gcc/msp430/4.5.3/../../../../msp430/lib/mmpy-16/libc.a(memcpy.o)
 .debug_info    0x0000060e      0x113 /usr/lib/gcc/msp430/4.5.3/../../../../msp430/lib/mmpy-16/libc.a(memmove.o)
 .debug_info    0x00000721       0xfe /usr/lib/gcc/msp430/4.5.3/../../../../msp430/lib/mmpy-16/libc.a(memset.o)
 .debug_info    0x0000081f      0x103 /usr/lib/gcc/msp430/4.5.3/../../../../msp430/lib/mmpy-16/libc.a(printf.o)
 .debug_info    0x00000922      0x3b5 /usr/lib/gcc/msp430/4.5.3/../../../../msp430/lib/mmpy-16/libc.a(vuprintf.o)
 .debug_info    0x00000cd7       0x96 /usr/lib/gcc/msp430/4.5.3/../../../../msp430/lib/mmpy-16/libc.a(puts.o)
 .debug_info    0x00000d6d      0x137 /usr/lib/gcc/msp430/4.5.3/../../../../msp430/lib/mmpy-16/libc.a(rand.o)
 .debug_info    0x00000ea4       0xb9 /usr/lib/gcc/msp430/4.5.3/mmpy-16/libcrt0.a(__init_stack.o)
 .debug_info    0x00000f5d       0xb9 /usr/lib/gcc/msp430/4.5.3/mmpy-16/libcrt0.a(__low_level_init.o)
 .debug_info    0x00001016       0xb9 /usr/lib/gcc/msp430/4.5.3/mmpy-16/libcrt0.a(_copy_data.o)
 .debug_info    0x000010cf       0xb9 /usr/lib/gcc/msp430/4.5.3/mmpy-16/libcrt0.a(_clear_bss.o)
 .debug_info    0x00001188       0xb9 /usr/lib/gcc/msp430/4.5.3/mmpy-16/libcrt0.a(_endless_loop__.o)
 .debug_info    0x00001241       0xb9 /usr/lib/gcc/msp430/4.5.3/mmpy-16/libcrt0.a(_unexpected_.o)
 *(.gnu.linkonce.wi.*)

.debug_abbrev   0x00000000      0x74f
 *(.debug_abbrev)
 .debug_abbrev  0x00000000       0x14 /usr/lib/gcc/msp430/4.5.3/mmpy-16/libgcc.a(_mulsi3.o)
 .debug_abbrev  0x00000014       0x14 /usr/lib/gcc/msp430/4.5.3/mmpy-16/libgcc.a(_udivmodhi4.o)
 .debug_abbrev  0x00000028       0x14 /usr/lib/gcc/msp430/4.5.3/mmpy-16/libgcc.a(_divmodhi4.o)
 .debug_abbrev  0x0000003c       0x14 /usr/lib/gcc/msp430/4.5.3/mmpy-16/libgcc.a(_udivmodsi4.o)
 .debug_abbrev  0x00000050       0x6d /usr/lib/gcc/msp430/4.5.3/../../../../msp430/lib/mmpy-16/libc.a(strncmp.o)
 .debug_abbrev  0x000000bd       0x8a /usr/lib/gcc/msp430/4.5.3/../../../../msp430/lib/mmpy-16/libc.a(memcmp.o)
 .debug_abbrev  0x00000147       0x97 /usr/lib/gcc/msp430/4.5.3/../../../../msp430/lib/mmpy-16/libc.a(memcpy.o)
 .debug_abbrev  0x000001de       0x97 /usr/lib/gcc/msp430/4.5.3/../../../../msp430/lib/mmpy-16/libc.a(memmove.o)
 .debug_abbrev  0x00000275       0x8d /usr/lib/gcc/msp430/4.5.3/../../../../msp430/lib/mmpy-16/libc.a(memset.o)
 .debug_abbrev  0x00000302       0xce /usr/lib/gcc/msp430/4.5.3/../../../../msp430/lib/mmpy-16/libc.a(printf.o)
 .debug_abbrev  0x000003d0      0x1cb /usr/lib/gcc/msp430/4.5.3/../../../../msp430/lib/mmpy-16/libc.a(vuprintf.o)
 .debug_abbrev  0x0000059b       0x60 /usr/lib/gcc/msp430/4.5.3/../../../../msp430/lib/mmpy-16/libc.a(puts.o)
 .debug_abbrev  0x000005fb       0xdc /usr/lib/gcc/msp430/4.5.3/../../../../msp430/lib/mmpy-16/libc.a(rand.o)
 .debug_abbrev  0x000006d7       0x14 /usr/lib/gcc/msp430/4.5.3/mmpy-16/libcrt0.a(__init_stack.o)
 .debug_abbrev  0x000006eb       0x14 /usr/lib/gcc/msp430/4.5.3/mmpy-16/libcrt0.a(__low_level_init.o)
 .debug_abbrev  0x000006ff       0x14 /usr/lib/gcc/msp430/4.5.3/mmpy-16/libcrt0.a(_copy_data.o)
 .debug_abbrev  0x00000713       0x14 /usr/lib/gcc/msp430/4.5.3/mmpy-16/libcrt0.a(_clear_bss.o)
 .debug_abbrev  0x00000727       0x14 /usr/lib/gcc/msp430/4.5.3/mmpy-16/libcrt0.a(_endless_loop__.o)
 .debug_abbrev  0x0000073b       0x14 /usr/lib/gcc/msp430/4.5.3/mmpy-16/libcrt0.a(_unexpected_.o)

.debug_line     0x00000000      0xbd6
 *(.debug_line)
 .debug_line    0x00000000       0x9d /usr/lib/gcc/msp430/4.5.3/mmpy-16/libgcc.a(_mulsi3.o)
 .debug_line    0x0000009d       0x9a /usr/lib/gcc/msp430/4.5.3/mmpy-16/libgcc.a(_udivmodhi4.o)
 .debug_line    0x00000137       0xa5 /usr/lib/gcc/msp430/4.5.3/mmpy-16/libgcc.a(_divmodhi4.o)
 .debug_line    0x000001dc       0xa1 /usr/lib/gcc/msp430/4.5.3/mmpy-16/libgcc.a(_udivmodsi4.o)
 .debug_line    0x0000027d       0x76 /usr/lib/gcc/msp430/4.5.3/../../../../msp430/lib/mmpy-16/libc.a(strncmp.o)
 .debug_line    0x000002f3       0x7c /usr/lib/gcc/msp430/4.5.3/../../../../msp430/lib/mmpy-16/libc.a(memcmp.o)
 .debug_line    0x0000036f       0xf3 /usr/lib/gcc/msp430/4.5.3/../../../../msp430/lib/mmpy-16/libc.a(memcpy.o)
 .debug_line    0x00000462       0xf3 /usr/lib/gcc/msp430/4.5.3/../../../../msp430/lib/mmpy-16/libc.a(memmove.o)
 .debug_line    0x00000555       0xbd /usr/lib/gcc/msp430/4.5.3/../../../../msp430/lib/mmpy-16/libc.a(memset.o)
 .debug_line    0x00000612       0x72 /usr/lib/gcc/msp430/4.5.3/../../../../msp430/lib/mmpy-16/libc.a(printf.o)
 .debug_line    0x00000684      0x198 /usr/lib/gcc/msp430/4.5.3/../../../../msp430/lib/mmpy-16/libc.a(vuprintf.o)
 .debug_line    0x0000081c       0x4d /usr/lib/gcc/msp430/4.5.3/../../../../msp430/lib/mmpy-16/libc.a(puts.o)
 .debug_line    0x00000869       0x52 /usr/lib/gcc/msp430/4.5.3/../../../../msp430/lib/mmpy-16/libc.a(rand.o)
 .debug_line    0x000008bb       0x82 /usr/lib/gcc/msp430/4.5.3/mmpy-16/libcrt0.a(__init_stack.o)
 .debug_line    0x0000093d       0x84 /usr/lib/gcc/msp430/4.5.3/mmpy-16/libcrt0.a(__low_level_init.o)
 .debug_line    0x000009c1       0x88 /usr/lib/gcc/msp430/4.5.3/mmpy-16/libcrt0.a(_copy_data.o)
 .debug_line    0x00000a49       0x88 /usr/lib/gcc/msp430/4.5.3/mmpy-16/libcrt0.a(_clear_bss.o)
 .debug_line    0x00000ad1       0x83 /usr/lib/gcc/msp430/4.5.3/mmpy-16/libcrt0.a(_endless_loop__.o)
 .debug_line    0x00000b54       0x82 /usr/lib/gcc/msp430/4.5.3/mmpy-16/libcrt0.a(_unexpected_.o)

.debug_frame    0x00000000      0x202
 *(.debug_frame)
 .debug_frame   0x00000000       0x24 /usr/lib/gcc/msp430/4.5.3/../../../../msp430/lib/mmpy-16/libc.a(strncmp.o)
 .debug_frame   0x00000024       0x28 /usr/lib/gcc/msp430/4.5.3/../../../../msp430/lib/mmpy-16/libc.a(memcmp.o)
 .debug_frame   0x0000004c       0x32 /usr/lib/gcc/msp430/4.5.3/../../../../msp430/lib/mmpy-16/libc.a(memcpy.o)
 .debug_frame   0x0000007e       0x32 /usr/lib/gcc/msp430/4.5.3/../../../../msp430/lib/mmpy-16/libc.a(memmove.o)
 .debug_frame   0x000000b0       0x32 /usr/lib/gcc/msp430/4.5.3/../../../../msp430/lib/mmpy-16/libc.a(memset.o)
 .debug_frame   0x000000e2       0x2a /usr/lib/gcc/msp430/4.5.3/../../../../msp430/lib/mmpy-16/libc.a(printf.o)
 .debug_frame   0x0000010c       0x82 /usr/lib/gcc/msp430/4.5.3/../../../../msp430/lib/mmpy-16/libc.a(vuprintf.o)
 .debug_frame   0x0000018e       0x24 /usr/lib/gcc/msp430/4.5.3/../../../../msp430/lib/mmpy-16/libc.a(puts.o)
 .debug_frame   0x000001b2       0x50 /usr/lib/gcc/msp430/4.5.3/../../../../msp430/lib/mmpy-16/libc.a(rand.o)

.debug_str      0x00000000      0x317
 *(.debug_str)
 .debug_str     0x00000000       0x9b /usr/lib/gcc/msp430/4.5.3/../../../../msp430/lib/mmpy-16/libc.a(strncmp.o)
                                 0xd4 (size before relaxing)
 .debug_str     0x0000009b       0x19 /usr/lib/gcc/msp430/4.5.3/../../../../msp430/lib/mmpy-16/libc.a(memcmp.o)
                                 0xd2 (size before relaxing)
 .debug_str     0x000000b4       0x34 /usr/lib/gcc/msp430/4.5.3/../../../../msp430/lib/mmpy-16/libc.a(memcpy.o)
                                 0xed (size before relaxing)
 .debug_str     0x000000e8       0x1b /usr/lib/gcc/msp430/4.5.3/../../../../msp430/lib/mmpy-16/libc.a(memmove.o)
                                 0xef (size before relaxing)
 .debug_str     0x00000103       0x26 /usr/lib/gcc/msp430/4.5.3/../../../../msp430/lib/mmpy-16/libc.a(memset.o)
                                 0xeb (size before relaxing)
 .debug_str     0x00000129       0x40 /usr/lib/gcc/msp430/4.5.3/../../../../msp430/lib/mmpy-16/libc.a(printf.o)
                                0x101 (size before relaxing)
 .debug_str     0x00000169      0x16a /usr/lib/gcc/msp430/4.5.3/../../../../msp430/lib/mmpy-16/libc.a(vuprintf.o)
                                0x25d (size before relaxing)
 .debug_str     0x000002d3       0x15 /usr/lib/gcc/msp430/4.5.3/../../../../msp430/lib/mmpy-16/libc.a(puts.o)
                                 0xc7 (size before relaxing)
 .debug_str     0x000002e8       0x2f /usr/lib/gcc/msp430/4.5.3/../../../../msp430/lib/mmpy-16/libc.a(rand.o)
                                 0xe6 (size before relaxing)

.debug_loc      0x00000000      0xa92
 *(.debug_loc)
 .debug_loc     0x00000000       0x63 /usr/lib/gcc/msp430/4.5.3/../../../../msp430/lib/mmpy-16/libc.a(strncmp.o)
 .debug_loc     0x00000063       0x59 /usr/lib/gcc/msp430/4.5.3/../../../../msp430/lib/mmpy-16/libc.a(memcmp.o)
 .debug_loc     0x000000bc      0x1d6 /usr/lib/gcc/msp430/4.5.3/../../../../msp430/lib/mmpy-16/libc.a(memcpy.o)
 .debug_loc     0x00000292      0x1d6 /usr/lib/gcc/msp430/4.5.3/../../../../msp430/lib/mmpy-16/libc.a(memmove.o)
 .debug_loc     0x00000468       0xeb /usr/lib/gcc/msp430/4.5.3/../../../../msp430/lib/mmpy-16/libc.a(memset.o)
 .debug_loc     0x00000553       0x24 /usr/lib/gcc/msp430/4.5.3/../../../../msp430/lib/mmpy-16/libc.a(printf.o)
 .debug_loc     0x00000577      0x49c /usr/lib/gcc/msp430/4.5.3/../../../../msp430/lib/mmpy-16/libc.a(vuprintf.o)
 .debug_loc     0x00000a13       0x2d /usr/lib/gcc/msp430/4.5.3/../../../../msp430/lib/mmpy-16/libc.a(puts.o)
 .debug_loc     0x00000a40       0x52 /usr/lib/gcc/msp430/4.5.3/../../../../msp430/lib/mmpy-16/libc.a(rand.o)

.debug_macinfo
 *(.debug_macinfo)

.debug_pubtypes
                0x00000000      0x163
 *(.debug_pubtypes)
 .debug_pubtypes
                0x00000000       0x1d /usr/lib/gcc/msp430/4.5.3/../../../../msp430/lib/mmpy-16/libc.a(strncmp.o)
 .debug_pubtypes
                0x0000001d       0x1d /usr/lib/gcc/msp430/4.5.3/../../../../msp430/lib/mmpy-16/libc.a(memcmp.o)
 .debug_pubtypes
                0x0000003a       0x26 /usr/lib/gcc/msp430/4.5.3/../../../../msp430/lib/mmpy-16/libc.a(memcpy.o)
 .debug_pubtypes
                0x00000060       0x26 /usr/lib/gcc/msp430/4.5.3/../../../../msp430/lib/mmpy-16/libc.a(memmove.o)
 .debug_pubtypes
                0x00000086       0x32 /usr/lib/gcc/msp430/4.5.3/../../../../msp430/lib/mmpy-16/libc.a(memset.o)
 .debug_pubtypes
                0x000000b8       0x31 /usr/lib/gcc/msp430/4.5.3/../../../../msp430/lib/mmpy-16/libc.a(printf.o)
 .debug_pubtypes
                0x000000e9       0x56 /usr/lib/gcc/msp430/4.5.3/../../../../msp430/lib/mmpy-16/libc.a(vuprintf.o)
 .debug_pubtypes
                0x0000013f       0x12 /usr/lib/gcc/msp430/4.5.3/../../../../msp430/lib/mmpy-16/libc.a(puts.o)
 .debug_pubtypes
                0x00000151       0x12 /usr/lib/gcc/msp430/4.5.3/../../../../msp430/lib/mmpy-16/libc.a(rand.o)

.debug_ranges   0x00000000        0xc
 *(.debug_ranges)
 .debug_ranges  0x00000000        0xc /usr/lib/gcc/msp430/4.5.3/../../../../msp430/lib/mmpy-16/libc.a(vuprintf.o)
                0x00003900                PROVIDE (__stack, (ORIGIN (ram) + 0x2800))
                0x0000f3b0                PROVIDE (__data_start_rom, _etext)
                0x0000f496                PROVIDE (__data_end_rom, (_etext + SIZEOF (.data)))
OUTPUT(udp-sink.sky elf32-msp430)